EventDateTime~EventLevel~EventMsg~EventException~EventLogger~EventID
2024-06-01 14:50:10.0766~TRACE~-> Main()~~RJStevensMusicPresentationCreator.Program~0000000001
2024-06-01 14:50:10.1156~TRACE~   .Net Framework Version: 4.8~~RJStevensMusicPresentationCreator.Program~0000000002
2024-06-01 14:50:10.1156~TRACE~   OS Version: Windows 10 Enterprise Release 2009 (Build 19045.4412)  64-bit~~RJStevensMusicPresentationCreator.Program~0000000003
2024-06-01 14:50:10.1156~TRACE~   Total RAM Memory: 8.00 GB physical RAM memory~~RJStevensMusicPresentationCreator.Program~0000000004
2024-06-01 14:50:10.1156~ WARN~System.UnauthorizedAccessException: Access to the registry key 'HKEY_LOCAL_MACHINE\Software\R.J. Stevens Music\Hymns for Worship Electronic Edition\2.3.8843.25471' is denied.%CRLF%   at Microsoft.Win32.RegistryKey.Win32Error(Int32 errorCode, String str)%CRLF%   at Microsoft.Win32.RegistryKey.CreateSubKeyInternal(String subkey, RegistryKeyPermissionCheck permissionCheck, Object registrySecurityObj, RegistryOptions registryOptions)%CRLF%   at Microsoft.Win32.RegistryKey.CreateSubKey(String subkey)%CRLF%   at RJStevensMusicPresentationCreator.Program.Main() in D:\Repos\RJSM\Presentation Creator Application\Applications\PresentationCreator15\Program.cs:line 151~System.UnauthorizedAccessException: Access to the registry key 'HKEY_LOCAL_MACHINE\Software\R.J. Stevens Music\Hymns for Worship Electronic Edition\2.3.8843.25471' is denied.%CRLF%   at Microsoft.Win32.RegistryKey.Win32Error(Int32 errorCode, String str)%CRLF%   at Microsoft.Win32.RegistryKey.CreateSubKeyInternal(String subkey, RegistryKeyPermissionCheck permissionCheck, Object registrySecurityObj, RegistryOptions registryOptions)%CRLF%   at Microsoft.Win32.RegistryKey.CreateSubKey(String subkey)%CRLF%   at RJStevensMusicPresentationCreator.Program.Main() in D:\Repos\RJSM\Presentation Creator Application\Applications\PresentationCreator15\Program.cs:line 151~RJStevensMusicPresentationCreator.Program~0000000005
2024-06-01 14:50:10.1386~ INFO~UserRegKey: HKEY_CURRENT_USER\Software\R.J. Stevens Music\Hymns for Worship Electronic Edition~~RJStevensMusicPresentationCreator.Program~0000000006
2024-06-01 14:50:10.1446~ INFO~HymnalInformationFile: C:\ProgramData\Application Data\R.J. Stevens Music\Hymns for Worship Electronic Edition\Information.hixml~~RJStevensMusicPresentationCreator.Program~0000000007
2024-06-01 14:50:10.1446~ INFO~RegKey: HKEY_CURRENT_USER\Software\R.J. Stevens Music\Hymns for Worship Electronic Edition~~RJStevensMusicPresentationCreator.RJSMRegistry~0000000008
2024-06-01 14:50:10.1446~ INFO~ProductApplicationDataFolder: C:\ProgramData\Application Data\R.J. Stevens Music\Hymns for Worship Electronic Edition~~RJStevensMusicPresentationCreator.RJSMRegistry~0000000009
2024-06-01 14:50:10.1446~ INFO~HymnalInformationFolder: C:\ProgramData\Application Data\R.J. Stevens Music\Hymns for Worship Electronic Edition~~RJStevensMusicPresentationCreator.RJSMRegistry~0000000010
2024-06-01 14:50:10.1446~ INFO~SlideTemplateFolder: C:\ProgramData\Application Data\R.J. Stevens Music\Hymns for Worship Electronic Edition\Templates~~RJStevensMusicPresentationCreator.RJSMRegistry~0000000011
2024-06-01 14:50:10.1446~ INFO~LastExecutedDeploymentVersion: 0.0.0.0~~RJStevensMusicPresentationCreator.RJSMRegistry~0000000012
2024-06-01 14:50:10.1446~ INFO~SelectedHymnal: <All>~~RJStevensMusicPresentationCreator.RJSMRegistry~0000000013
2024-06-01 14:50:10.1446~ INFO~SelectedTemplate: Single Slide Template (Fast Transition)~~RJStevensMusicPresentationCreator.RJSMRegistry~0000000014
2024-06-01 14:50:10.1606~ INFO~LastImportFolder: C:\Users\cofc_\Downloads~~RJStevensMusicPresentationCreator.RJSMRegistry~0000000015
2024-06-01 14:50:10.1606~ INFO~DisplayTools: True~~RJStevensMusicPresentationCreator.RJSMRegistry~0000000016
2024-06-01 14:50:10.1606~ INFO~HymnList: True~~RJStevensMusicPresentationCreator.RJSMRegistry~0000000017
2024-06-01 14:50:10.1606~ INFO~HymnText: True~~RJStevensMusicPresentationCreator.RJSMRegistry~0000000018
2024-06-01 14:50:10.1606~ INFO~HymnalSelection: True~~RJStevensMusicPresentationCreator.RJSMRegistry~0000000019
2024-06-01 14:50:10.1606~ INFO~TemplateSelection: True~~RJStevensMusicPresentationCreator.RJSMRegistry~0000000020
2024-06-01 14:50:10.1606~ INFO~FillWindow: False~~RJStevensMusicPresentationCreator.RJSMRegistry~0000000021
2024-06-01 14:50:10.1606~ INFO~PresenterImage: True~~RJStevensMusicPresentationCreator.RJSMRegistry~0000000022
2024-06-01 14:50:10.1606~ INFO~SelectorWindowPosition: Normal,448,75,1024,890~~RJStevensMusicPresentationCreator.RJSMRegistry~0000000023
2024-06-01 14:50:10.1606~ INFO~SlideWindowPosition: Normal,0,0,0,0~~RJStevensMusicPresentationCreator.RJSMRegistry~0000000024
2024-06-01 14:50:10.1606~ INFO~ViewSplitPosition: 0.1329365079365079365079365079~~RJStevensMusicPresentationCreator.RJSMRegistry~0000000025
2024-06-01 14:50:10.1606~ INFO~HymnsSplitPosition: 0.6837837837837837837837837838~~RJStevensMusicPresentationCreator.RJSMRegistry~0000000026
2024-06-01 14:50:10.1716~ INFO~HymnsListSplitPosition: 0.8537549407114624505928853755~~RJStevensMusicPresentationCreator.RJSMRegistry~0000000027
2024-06-01 14:50:10.1716~ INFO~InternalViewerSplitPosition: 0.22~~RJStevensMusicPresentationCreator.RJSMRegistry~0000000028
2024-06-01 14:50:10.1716~ INFO~DateOfFirstLicenseCheck: 3/15/2020 12:00:00 AM~~RJStevensMusicPresentationCreator.RJSMRegistry~0000000029
2024-06-01 14:50:10.1716~ INFO~ProductImprovementConsent: False~~RJStevensMusicPresentationCreator.RJSMRegistry~0000000030
2024-06-01 14:50:10.1716~ INFO~RevisedPrinting: 15~~RJStevensMusicPresentationCreator.RJSMRegistry~0000000031
2024-06-01 14:50:10.1716~TRACE~   Is fast disk? True~~RJStevensMusicPresentationCreator.Program~0000000032
2024-06-01 14:50:11.6406~ INFO~AllHymnals Length: 3~~RJStevensMusicPresentationCreator.Program~0000000033
2024-06-01 14:50:11.6406~TRACE~-> AddTemplates()~~RJStevensMusicPresentationCreator.frmSelector~0000000034
2024-06-01 14:50:11.6406~TRACE~<- AddTemplates()~~RJStevensMusicPresentationCreator.frmSelector~0000000035
2024-06-01 14:50:11.6406~FATAL~License Mode: Licensed~~RJStevensMusicPresentationCreator.Program~0000000036
2024-06-01 14:50:11.6406~FATAL~Override to License Mode: Licensed~~RJStevensMusicPresentationCreator.Program~0000000037
2024-06-01 14:50:11.8960~TRACE~-> RunOneTimeUpdates()~~RJStevensMusicPresentationCreator.Program~0000000038
2024-06-01 14:50:11.8960~ INFO~Product Version: 2.3.8843.25471~~RJStevensMusicPresentationCreator.Program~0000000039
2024-06-01 14:50:11.8960~ INFO~Deployment Version: 2.2.0.7~~RJStevensMusicPresentationCreator.Program~0000000040
2024-06-01 14:50:11.8960~TRACE~LastExecutedDeploymentVersion: 0.0.0.0~~RJStevensMusicPresentationCreator.Program~0000000041
2024-06-01 14:50:11.8960~TRACE~<- RunOneTimeUpdates()~~RJStevensMusicPresentationCreator.Program~0000000042
2024-06-01 14:50:37.4661~TRACE~<- Main()~~RJStevensMusicPresentationCreator.Program~0000000043
