EventDateTime~EventLevel~EventMsg~EventException~EventLogger~EventID
2024-12-14 20:29:42.1157~TRACE~-> Main()~~RJStevensMusicPresentationCreator.Program~0000000001
2024-12-14 20:29:42.1457~TRACE~   .Net Framework Version: 4.8~~RJStevensMusicPresentationCreator.Program~0000000002
2024-12-14 20:29:42.1457~TRACE~   OS Version: Windows 10 Enterprise Release 2009 (Build 19045.5247)  64-bit~~RJStevensMusicPresentationCreator.Program~0000000003
2024-12-14 20:29:42.1567~TRACE~   Total RAM Memory: 8.00 GB physical RAM memory~~RJStevensMusicPresentationCreator.Program~0000000004
2024-12-14 20:29:42.1567~ WARN~System.UnauthorizedAccessException: Access to the registry key 'HKEY_LOCAL_MACHINE\Software\R.J. Stevens Music\Hymns for Worship Electronic Edition\2.3.8843.25471' is denied.%CRLF%   at Microsoft.Win32.RegistryKey.Win32Error(Int32 errorCode, String str)%CRLF%   at Microsoft.Win32.RegistryKey.CreateSubKeyInternal(String subkey, RegistryKeyPermissionCheck permissionCheck, Object registrySecurityObj, RegistryOptions registryOptions)%CRLF%   at Microsoft.Win32.RegistryKey.CreateSubKey(String subkey)%CRLF%   at RJStevensMusicPresentationCreator.Program.Main() in D:\Repos\RJSM\Presentation Creator Application\Applications\PresentationCreator15\Program.cs:line 151~System.UnauthorizedAccessException: Access to the registry key 'HKEY_LOCAL_MACHINE\Software\R.J. Stevens Music\Hymns for Worship Electronic Edition\2.3.8843.25471' is denied.%CRLF%   at Microsoft.Win32.RegistryKey.Win32Error(Int32 errorCode, String str)%CRLF%   at Microsoft.Win32.RegistryKey.CreateSubKeyInternal(String subkey, RegistryKeyPermissionCheck permissionCheck, Object registrySecurityObj, RegistryOptions registryOptions)%CRLF%   at Microsoft.Win32.RegistryKey.CreateSubKey(String subkey)%CRLF%   at RJStevensMusicPresentationCreator.Program.Main() in D:\Repos\RJSM\Presentation Creator Application\Applications\PresentationCreator15\Program.cs:line 151~RJStevensMusicPresentationCreator.Program~0000000005
2024-12-14 20:29:42.1847~ INFO~UserRegKey: HKEY_CURRENT_USER\Software\R.J. Stevens Music\Hymns for Worship Electronic Edition~~RJStevensMusicPresentationCreator.Program~0000000006
2024-12-14 20:29:42.1907~ INFO~HymnalInformationFile: C:\ProgramData\Application Data\R.J. Stevens Music\Hymns for Worship Electronic Edition\Information.hixml~~RJStevensMusicPresentationCreator.Program~0000000007
2024-12-14 20:29:42.1907~ INFO~RegKey: HKEY_CURRENT_USER\Software\R.J. Stevens Music\Hymns for Worship Electronic Edition~~RJStevensMusicPresentationCreator.RJSMRegistry~0000000008
2024-12-14 20:29:42.1907~ INFO~ProductApplicationDataFolder: C:\ProgramData\Application Data\R.J. Stevens Music\Hymns for Worship Electronic Edition~~RJStevensMusicPresentationCreator.RJSMRegistry~0000000009
2024-12-14 20:29:42.1907~ INFO~HymnalInformationFolder: C:\ProgramData\Application Data\R.J. Stevens Music\Hymns for Worship Electronic Edition~~RJStevensMusicPresentationCreator.RJSMRegistry~0000000010
2024-12-14 20:29:42.1907~ INFO~SlideTemplateFolder: C:\ProgramData\Application Data\R.J. Stevens Music\Hymns for Worship Electronic Edition\Templates~~RJStevensMusicPresentationCreator.RJSMRegistry~0000000011
2024-12-14 20:29:42.1907~ INFO~LastExecutedDeploymentVersion: 0.0.0.0~~RJStevensMusicPresentationCreator.RJSMRegistry~0000000012
2024-12-14 20:29:42.1907~ INFO~SelectedHymnal: <All>~~RJStevensMusicPresentationCreator.RJSMRegistry~0000000013
2024-12-14 20:29:42.1907~ INFO~SelectedTemplate: Single Slide Template (Fast Transition)~~RJStevensMusicPresentationCreator.RJSMRegistry~0000000014
2024-12-14 20:29:42.2057~ INFO~LastImportFolder: C:\Users\cofc_\OneDrive\Desktop~~RJStevensMusicPresentationCreator.RJSMRegistry~0000000015
2024-12-14 20:29:42.2057~ INFO~DisplayTools: True~~RJStevensMusicPresentationCreator.RJSMRegistry~0000000016
2024-12-14 20:29:42.2057~ INFO~HymnList: True~~RJStevensMusicPresentationCreator.RJSMRegistry~0000000017
2024-12-14 20:29:42.2057~ INFO~HymnText: True~~RJStevensMusicPresentationCreator.RJSMRegistry~0000000018
2024-12-14 20:29:42.2057~ INFO~HymnalSelection: True~~RJStevensMusicPresentationCreator.RJSMRegistry~0000000019
2024-12-14 20:29:42.2057~ INFO~TemplateSelection: True~~RJStevensMusicPresentationCreator.RJSMRegistry~0000000020
2024-12-14 20:29:42.2057~ INFO~FillWindow: True~~RJStevensMusicPresentationCreator.RJSMRegistry~0000000021
2024-12-14 20:29:42.2057~ INFO~PresenterImage: True~~RJStevensMusicPresentationCreator.RJSMRegistry~0000000022
2024-12-14 20:29:42.2057~ INFO~SelectorWindowPosition: Normal,473,0,974,1047~~RJStevensMusicPresentationCreator.RJSMRegistry~0000000023
2024-12-14 20:29:42.2057~ INFO~SlideWindowPosition: Normal,0,0,0,0~~RJStevensMusicPresentationCreator.RJSMRegistry~0000000024
2024-12-14 20:29:42.2057~ INFO~ViewSplitPosition: 0.0260960334029227557411273486~~RJStevensMusicPresentationCreator.RJSMRegistry~0000000025
2024-12-14 20:29:42.2057~ INFO~HymnsSplitPosition: 0.5340022296544035674470457079~~RJStevensMusicPresentationCreator.RJSMRegistry~0000000026
2024-12-14 20:29:42.2057~ INFO~HymnsListSplitPosition: 0.7703549060542797494780793319~~RJStevensMusicPresentationCreator.RJSMRegistry~0000000027
2024-12-14 20:29:42.2057~ INFO~InternalViewerSplitPosition: 0.15~~RJStevensMusicPresentationCreator.RJSMRegistry~0000000028
2024-12-14 20:29:42.2057~ INFO~DateOfFirstLicenseCheck: 3/15/2020 12:00:00 AM~~RJStevensMusicPresentationCreator.RJSMRegistry~0000000029
2024-12-14 20:29:42.2057~ INFO~ProductImprovementConsent: False~~RJStevensMusicPresentationCreator.RJSMRegistry~0000000030
2024-12-14 20:29:42.2057~ INFO~RevisedPrinting: 15~~RJStevensMusicPresentationCreator.RJSMRegistry~0000000031
2024-12-14 20:29:42.2198~TRACE~   Is fast disk? True~~RJStevensMusicPresentationCreator.Program~0000000032
2024-12-14 20:29:44.5449~ INFO~AllHymnals Length: 4~~RJStevensMusicPresentationCreator.Program~0000000033
2024-12-14 20:29:44.5609~TRACE~-> AddTemplates()~~RJStevensMusicPresentationCreator.frmSelector~0000000034
2024-12-14 20:29:44.5609~TRACE~<- AddTemplates()~~RJStevensMusicPresentationCreator.frmSelector~0000000035
2024-12-14 20:29:44.5639~FATAL~License Mode: Licensed~~RJStevensMusicPresentationCreator.Program~0000000036
2024-12-14 20:29:44.5639~FATAL~Override to License Mode: Licensed~~RJStevensMusicPresentationCreator.Program~0000000037
2024-12-14 20:29:44.8992~TRACE~-> RunOneTimeUpdates()~~RJStevensMusicPresentationCreator.Program~0000000038
2024-12-14 20:29:44.8992~ INFO~Product Version: 2.3.8843.25471~~RJStevensMusicPresentationCreator.Program~0000000039
2024-12-14 20:29:44.8992~ INFO~Deployment Version: 2.2.0.7~~RJStevensMusicPresentationCreator.Program~0000000040
2024-12-14 20:29:44.8992~TRACE~LastExecutedDeploymentVersion: 0.0.0.0~~RJStevensMusicPresentationCreator.Program~0000000041
2024-12-14 20:29:44.8992~TRACE~<- RunOneTimeUpdates()~~RJStevensMusicPresentationCreator.Program~0000000042
2024-12-14 20:30:58.9116~DEBUG~-- Disable(DisableCount = 0)~~RJStevensMusicPresentationCreator.frmSelector~0000000043
2024-12-14 20:30:58.9998~DEBUG~-- SetMessage(messageText = Preparing slides for the selected hymns...)~~RJStevensMusicPresentationCreator.frmSelector~0000000044
2024-12-14 20:30:59.0118~TRACE~Text changing from '' to 'End of Verse 1'~~RJStevensMusicPresentationCreator.SlideToAdd~0000000045
2024-12-14 20:30:59.0118~TRACE~Text changing from '' to 'End of Verse 2'~~RJStevensMusicPresentationCreator.SlideToAdd~0000000046
2024-12-14 20:30:59.0168~TRACE~Text changing from '' to 'End of Verse 3'~~RJStevensMusicPresentationCreator.SlideToAdd~0000000047
2024-12-14 20:30:59.0168~TRACE~Text changing from '' to 'End of Song'~~RJStevensMusicPresentationCreator.SlideToAdd~0000000048
2024-12-14 20:30:59.0168~DEBUG~-- SetMessage(messageText = )~~RJStevensMusicPresentationCreator.frmSelector~0000000049
2024-12-14 20:30:59.0168~DEBUG~-- Enable(overrideCount = False, DisableCount = 1, NoEnable = False)~~RJStevensMusicPresentationCreator.frmSelector~0000000050
2024-12-14 20:31:08.2286~DEBUG~-- Disable(DisableCount = 0)~~RJStevensMusicPresentationCreator.frmSelector~0000000051
2024-12-14 20:31:08.7216~DEBUG~-- SetMessage(messageText = Saving PowerPoint Presentation file...)~~RJStevensMusicPresentationCreator.frmSelector~0000000052
2024-12-14 20:31:20.1630~DEBUG~-- SetMessage(messageText = )~~RJStevensMusicPresentationCreator.frmSelector~0000000053
2024-12-14 20:31:20.1630~DEBUG~-- Enable(overrideCount = False, DisableCount = 1, NoEnable = False)~~RJStevensMusicPresentationCreator.frmSelector~0000000054
2024-12-14 21:37:13.0167~FATAL~System.ArgumentException: Invalid hymn number HOW%CRLF%   at RJStevensMusicPresentationCreator.HymnNumber..ctor(String number) in D:\Repos\RJSM\Presentation Creator Application\Applications\PresentationCreator15\HymnNumber.cs:line 20%CRLF%   at RJStevensMusicPresentationCreator.frmSelector.ExpertAddToTree(String instructions) in D:\Repos\RJSM\Presentation Creator Application\Applications\PresentationCreator15\frmSelector.cs:line 1368%CRLF%   at RJStevensMusicPresentationCreator.frmSelector.tsbExpertAdd_Click(Object sender, EventArgs e) in D:\Repos\RJSM\Presentation Creator Application\Applications\PresentationCreator15\frmSelector.cs:line 1269%CRLF%   at RJStevensMusicPresentationCreator.frmSelector.tstxtExpert_KeyPress(Object sender, KeyPressEventArgs e) in D:\Repos\RJSM\Presentation Creator Application\Applications\PresentationCreator15\frmSelector.cs:line 2475%CRLF%   at System.Windows.Forms.ToolStripItem.RaiseKeyPressEvent(Object key, KeyPressEventArgs e)%CRLF%   at System.Windows.Forms.Control.OnKeyPress(KeyPressEventArgs e)%CRLF%   at System.Windows.Forms.Control.ProcessKeyEventArgs(Message& m)%CRLF%   at System.Windows.Forms.Control.WmKeyChar(Message& m)%CRLF%   at System.Windows.Forms.Control.WndProc(Message& m)%CRLF%   at System.Windows.Forms.TextBoxBase.WndProc(Message& m)%CRLF%   at System.Windows.Forms.TextBox.WndProc(Message& m)%CRLF%   at System.Windows.Forms.NativeWindow.Callback(IntPtr hWnd, Int32 msg, IntPtr wparam, IntPtr lparam)~System.ArgumentException: Invalid hymn number HOW%CRLF%   at RJStevensMusicPresentationCreator.HymnNumber..ctor(String number) in D:\Repos\RJSM\Presentation Creator Application\Applications\PresentationCreator15\HymnNumber.cs:line 20%CRLF%   at RJStevensMusicPresentationCreator.frmSelector.ExpertAddToTree(String instructions) in D:\Repos\RJSM\Presentation Creator Application\Applications\PresentationCreator15\frmSelector.cs:line 1368%CRLF%   at RJStevensMusicPresentationCreator.frmSelector.tsbExpertAdd_Click(Object sender, EventArgs e) in D:\Repos\RJSM\Presentation Creator Application\Applications\PresentationCreator15\frmSelector.cs:line 1269%CRLF%   at RJStevensMusicPresentationCreator.frmSelector.tstxtExpert_KeyPress(Object sender, KeyPressEventArgs e) in D:\Repos\RJSM\Presentation Creator Application\Applications\PresentationCreator15\frmSelector.cs:line 2475%CRLF%   at System.Windows.Forms.ToolStripItem.RaiseKeyPressEvent(Object key, KeyPressEventArgs e)%CRLF%   at System.Windows.Forms.Control.OnKeyPress(KeyPressEventArgs e)%CRLF%   at System.Windows.Forms.Control.ProcessKeyEventArgs(Message& m)%CRLF%   at System.Windows.Forms.Control.WmKeyChar(Message& m)%CRLF%   at System.Windows.Forms.Control.WndProc(Message& m)%CRLF%   at System.Windows.Forms.TextBoxBase.WndProc(Message& m)%CRLF%   at System.Windows.Forms.TextBox.WndProc(Message& m)%CRLF%   at System.Windows.Forms.NativeWindow.Callback(IntPtr hWnd, Int32 msg, IntPtr wparam, IntPtr lparam)~RJStevensMusicPresentationCreator.Program~0000000055
2024-12-14 21:37:20.2929~FATAL~System.ArgumentException: Invalid hymn number HOW%CRLF%   at RJStevensMusicPresentationCreator.Program.Application_ThreadException(Object sender, ThreadExceptionEventArgs e) in D:\Repos\RJSM\Presentation Creator Application\Applications\PresentationCreator15\Program.cs:line 88%CRLF%   at System.Windows.Forms.Application.ThreadContext.OnThreadException(Exception t)%CRLF%   at System.Windows.Forms.Control.WndProcException(Exception e)%CRLF%   at System.Windows.Forms.NativeWindow.Callback(IntPtr hWnd, Int32 msg, IntPtr wparam, IntPtr lparam)%CRLF%   at System.Windows.Forms.UnsafeNativeMethods.DispatchMessageW(MSG& msg)%CRLF%   at System.Windows.Forms.Application.ComponentManager.System.Windows.Forms.UnsafeNativeMethods.IMsoComponentManager.FPushMessageLoop(IntPtr dwComponentID, Int32 reason, Int32 pvLoopData)%CRLF%   at System.Windows.Forms.Application.ThreadContext.RunMessageLoopInner(Int32 reason, ApplicationContext context)%CRLF%   at System.Windows.Forms.Application.ThreadContext.RunMessageLoop(Int32 reason, ApplicationContext context)%CRLF%   at RJStevensMusicPresentationCreator.Program.Main() in D:\Repos\RJSM\Presentation Creator Application\Applications\PresentationCreator15\Program.cs:line 393~System.ArgumentException: Invalid hymn number HOW%CRLF%   at RJStevensMusicPresentationCreator.Program.Application_ThreadException(Object sender, ThreadExceptionEventArgs e) in D:\Repos\RJSM\Presentation Creator Application\Applications\PresentationCreator15\Program.cs:line 88%CRLF%   at System.Windows.Forms.Application.ThreadContext.OnThreadException(Exception t)%CRLF%   at System.Windows.Forms.Control.WndProcException(Exception e)%CRLF%   at System.Windows.Forms.NativeWindow.Callback(IntPtr hWnd, Int32 msg, IntPtr wparam, IntPtr lparam)%CRLF%   at System.Windows.Forms.UnsafeNativeMethods.DispatchMessageW(MSG& msg)%CRLF%   at System.Windows.Forms.Application.ComponentManager.System.Windows.Forms.UnsafeNativeMethods.IMsoComponentManager.FPushMessageLoop(IntPtr dwComponentID, Int32 reason, Int32 pvLoopData)%CRLF%   at System.Windows.Forms.Application.ThreadContext.RunMessageLoopInner(Int32 reason, ApplicationContext context)%CRLF%   at System.Windows.Forms.Application.ThreadContext.RunMessageLoop(Int32 reason, ApplicationContext context)%CRLF%   at RJStevensMusicPresentationCreator.Program.Main() in D:\Repos\RJSM\Presentation Creator Application\Applications\PresentationCreator15\Program.cs:line 393~RJStevensMusicPresentationCreator.Program~0000000056
2024-12-14 21:37:40.2973~TRACE~<- Main()~~RJStevensMusicPresentationCreator.Program~0000000057
