EventDateTime~EventLevel~EventMsg~EventException~EventLogger~EventID
2024-12-21 20:18:03.2219~TRACE~-> Main()~~RJStevensMusicPresentationCreator.Program~0000000001
2024-12-21 20:18:03.2599~TRACE~   .Net Framework Version: 4.8~~RJStevensMusicPresentationCreator.Program~0000000002
2024-12-21 20:18:03.2599~TRACE~   OS Version: Windows 10 Enterprise Release 2009 (Build 19045.5247)  64-bit~~RJStevensMusicPresentationCreator.Program~0000000003
2024-12-21 20:18:03.2599~TRACE~   Total RAM Memory: 8.00 GB physical RAM memory~~RJStevensMusicPresentationCreator.Program~0000000004
2024-12-21 20:18:03.2599~ WARN~System.UnauthorizedAccessException: Access to the registry key 'HKEY_LOCAL_MACHINE\Software\R.J. Stevens Music\Hymns for Worship Electronic Edition\2.3.8843.25471' is denied.%CRLF%   at Microsoft.Win32.RegistryKey.Win32Error(Int32 errorCode, String str)%CRLF%   at Microsoft.Win32.RegistryKey.CreateSubKeyInternal(String subkey, RegistryKeyPermissionCheck permissionCheck, Object registrySecurityObj, RegistryOptions registryOptions)%CRLF%   at Microsoft.Win32.RegistryKey.CreateSubKey(String subkey)%CRLF%   at RJStevensMusicPresentationCreator.Program.Main() in D:\Repos\RJSM\Presentation Creator Application\Applications\PresentationCreator15\Program.cs:line 151~System.UnauthorizedAccessException: Access to the registry key 'HKEY_LOCAL_MACHINE\Software\R.J. Stevens Music\Hymns for Worship Electronic Edition\2.3.8843.25471' is denied.%CRLF%   at Microsoft.Win32.RegistryKey.Win32Error(Int32 errorCode, String str)%CRLF%   at Microsoft.Win32.RegistryKey.CreateSubKeyInternal(String subkey, RegistryKeyPermissionCheck permissionCheck, Object registrySecurityObj, RegistryOptions registryOptions)%CRLF%   at Microsoft.Win32.RegistryKey.CreateSubKey(String subkey)%CRLF%   at RJStevensMusicPresentationCreator.Program.Main() in D:\Repos\RJSM\Presentation Creator Application\Applications\PresentationCreator15\Program.cs:line 151~RJStevensMusicPresentationCreator.Program~0000000005
2024-12-21 20:18:03.2909~ INFO~UserRegKey: HKEY_CURRENT_USER\Software\R.J. Stevens Music\Hymns for Worship Electronic Edition~~RJStevensMusicPresentationCreator.Program~0000000006
2024-12-21 20:18:03.2909~ INFO~HymnalInformationFile: C:\ProgramData\Application Data\R.J. Stevens Music\Hymns for Worship Electronic Edition\Information.hixml~~RJStevensMusicPresentationCreator.Program~0000000007
2024-12-21 20:18:03.2909~ INFO~RegKey: HKEY_CURRENT_USER\Software\R.J. Stevens Music\Hymns for Worship Electronic Edition~~RJStevensMusicPresentationCreator.RJSMRegistry~0000000008
2024-12-21 20:18:03.2909~ INFO~ProductApplicationDataFolder: C:\ProgramData\Application Data\R.J. Stevens Music\Hymns for Worship Electronic Edition~~RJStevensMusicPresentationCreator.RJSMRegistry~0000000009
2024-12-21 20:18:03.2909~ INFO~HymnalInformationFolder: C:\ProgramData\Application Data\R.J. Stevens Music\Hymns for Worship Electronic Edition~~RJStevensMusicPresentationCreator.RJSMRegistry~0000000010
2024-12-21 20:18:03.2909~ INFO~SlideTemplateFolder: C:\ProgramData\Application Data\R.J. Stevens Music\Hymns for Worship Electronic Edition\Templates~~RJStevensMusicPresentationCreator.RJSMRegistry~0000000011
2024-12-21 20:18:03.2909~ INFO~LastExecutedDeploymentVersion: 0.0.0.0~~RJStevensMusicPresentationCreator.RJSMRegistry~0000000012
2024-12-21 20:18:03.2909~ INFO~SelectedHymnal: <All>~~RJStevensMusicPresentationCreator.RJSMRegistry~0000000013
2024-12-21 20:18:03.2909~ INFO~SelectedTemplate: Single Slide Template (Fast Transition)~~RJStevensMusicPresentationCreator.RJSMRegistry~0000000014
2024-12-21 20:18:03.3099~ INFO~LastImportFolder: C:\ProgramData\Application Data\R.J. Stevens Music\Hymns for Worship Electronic Edition~~RJStevensMusicPresentationCreator.RJSMRegistry~0000000015
2024-12-21 20:18:03.3099~ INFO~DisplayTools: True~~RJStevensMusicPresentationCreator.RJSMRegistry~0000000016
2024-12-21 20:18:03.3099~ INFO~HymnList: True~~RJStevensMusicPresentationCreator.RJSMRegistry~0000000017
2024-12-21 20:18:03.3099~ INFO~HymnText: True~~RJStevensMusicPresentationCreator.RJSMRegistry~0000000018
2024-12-21 20:18:03.3099~ INFO~HymnalSelection: True~~RJStevensMusicPresentationCreator.RJSMRegistry~0000000019
2024-12-21 20:18:03.3099~ INFO~TemplateSelection: True~~RJStevensMusicPresentationCreator.RJSMRegistry~0000000020
2024-12-21 20:18:03.3099~ INFO~FillWindow: True~~RJStevensMusicPresentationCreator.RJSMRegistry~0000000021
2024-12-21 20:18:03.3099~ INFO~PresenterImage: True~~RJStevensMusicPresentationCreator.RJSMRegistry~0000000022
2024-12-21 20:18:03.3099~ INFO~SelectorWindowPosition: Normal,428,121,1064,798~~RJStevensMusicPresentationCreator.RJSMRegistry~0000000023
2024-12-21 20:18:03.3099~ INFO~SlideWindowPosition: Normal,0,0,0,0~~RJStevensMusicPresentationCreator.RJSMRegistry~0000000024
2024-12-21 20:18:03.3099~ INFO~ViewSplitPosition: 0.0238549618320610687022900763~~RJStevensMusicPresentationCreator.RJSMRegistry~0000000025
2024-12-21 20:18:03.3099~ INFO~HymnsSplitPosition: 0.662037037037037037037037037~~RJStevensMusicPresentationCreator.RJSMRegistry~0000000026
2024-12-21 20:18:03.3099~ INFO~HymnsListSplitPosition: 0.7529137529137529137529137529~~RJStevensMusicPresentationCreator.RJSMRegistry~0000000027
2024-12-21 20:18:03.3099~ INFO~InternalViewerSplitPosition: 0.15~~RJStevensMusicPresentationCreator.RJSMRegistry~0000000028
2024-12-21 20:18:03.3099~ INFO~DateOfFirstLicenseCheck: 3/15/2020 12:00:00 AM~~RJStevensMusicPresentationCreator.RJSMRegistry~0000000029
2024-12-21 20:18:03.3219~ INFO~ProductImprovementConsent: True~~RJStevensMusicPresentationCreator.RJSMRegistry~0000000030
2024-12-21 20:18:03.3219~ INFO~RevisedPrinting: (Latest)~~RJStevensMusicPresentationCreator.RJSMRegistry~0000000031
2024-12-21 20:18:03.3219~TRACE~   Is fast disk? True~~RJStevensMusicPresentationCreator.Program~0000000032
2024-12-21 20:18:04.0863~ WARN~More than one hymn exists with "20214" as the number.~~RJStevensMusicPresentationCreator.Program~0000000033
2024-12-21 20:18:04.0863~ WARN~More than one hymn exists with "20731" as the number.~~RJStevensMusicPresentationCreator.Program~0000000034
2024-12-21 20:18:04.0863~ WARN~More than one hymn exists with "21339" as the number.~~RJStevensMusicPresentationCreator.Program~0000000035
2024-12-21 20:18:06.5072~ERROR~-- SetErrorMessage(messageText = Duplicate hymn numbers exist! This is an issue in a future version of Presentation Creator.)~~RJStevensMusicPresentationCreator.frmSelector~0000000036
2024-12-21 20:18:07.7445~ INFO~AllHymnals Length: 4~~RJStevensMusicPresentationCreator.Program~0000000037
2024-12-21 20:18:07.7445~TRACE~-> AddTemplates()~~RJStevensMusicPresentationCreator.frmSelector~0000000038
2024-12-21 20:18:07.7595~TRACE~<- AddTemplates()~~RJStevensMusicPresentationCreator.frmSelector~0000000039
2024-12-21 20:18:07.7595~FATAL~License Mode: Licensed~~RJStevensMusicPresentationCreator.Program~0000000040
2024-12-21 20:18:07.7595~FATAL~Override to License Mode: Licensed~~RJStevensMusicPresentationCreator.Program~0000000041
2024-12-21 20:18:07.9676~TRACE~-> RunOneTimeUpdates()~~RJStevensMusicPresentationCreator.Program~0000000042
2024-12-21 20:18:07.9676~ INFO~Product Version: 2.3.8843.25471~~RJStevensMusicPresentationCreator.Program~0000000043
2024-12-21 20:18:07.9676~ INFO~Deployment Version: 2.2.0.7~~RJStevensMusicPresentationCreator.Program~0000000044
2024-12-21 20:18:07.9676~TRACE~LastExecutedDeploymentVersion: 0.0.0.0~~RJStevensMusicPresentationCreator.Program~0000000045
2024-12-21 20:18:07.9676~TRACE~<- RunOneTimeUpdates()~~RJStevensMusicPresentationCreator.Program~0000000046
2024-12-21 20:18:23.4235~TRACE~<- Main()~~RJStevensMusicPresentationCreator.Program~0000000047
