EventDateTime~EventLevel~EventMsg~EventException~EventLogger~EventID
2024-07-13 21:11:03.7693~TRACE~-> Main()~~RJStevensMusicPresentationCreator.Program~0000000001
2024-07-13 21:11:03.8055~TRACE~   .Net Framework Version: 4.8~~RJStevensMusicPresentationCreator.Program~0000000002
2024-07-13 21:11:03.8055~TRACE~   OS Version: Windows 10 Enterprise Release 2009 (Build 19045.4651)  64-bit~~RJStevensMusicPresentationCreator.Program~0000000003
2024-07-13 21:11:03.8055~TRACE~   Total RAM Memory: 8.00 GB physical RAM memory~~RJStevensMusicPresentationCreator.Program~0000000004
2024-07-13 21:11:03.8245~ WARN~System.UnauthorizedAccessException: Access to the registry key 'HKEY_LOCAL_MACHINE\Software\R.J. Stevens Music\Hymns for Worship Electronic Edition\2.3.8843.25471' is denied.%CRLF%   at Microsoft.Win32.RegistryKey.Win32Error(Int32 errorCode, String str)%CRLF%   at Microsoft.Win32.RegistryKey.CreateSubKeyInternal(String subkey, RegistryKeyPermissionCheck permissionCheck, Object registrySecurityObj, RegistryOptions registryOptions)%CRLF%   at Microsoft.Win32.RegistryKey.CreateSubKey(String subkey)%CRLF%   at RJStevensMusicPresentationCreator.Program.Main() in D:\Repos\RJSM\Presentation Creator Application\Applications\PresentationCreator15\Program.cs:line 151~System.UnauthorizedAccessException: Access to the registry key 'HKEY_LOCAL_MACHINE\Software\R.J. Stevens Music\Hymns for Worship Electronic Edition\2.3.8843.25471' is denied.%CRLF%   at Microsoft.Win32.RegistryKey.Win32Error(Int32 errorCode, String str)%CRLF%   at Microsoft.Win32.RegistryKey.CreateSubKeyInternal(String subkey, RegistryKeyPermissionCheck permissionCheck, Object registrySecurityObj, RegistryOptions registryOptions)%CRLF%   at Microsoft.Win32.RegistryKey.CreateSubKey(String subkey)%CRLF%   at RJStevensMusicPresentationCreator.Program.Main() in D:\Repos\RJSM\Presentation Creator Application\Applications\PresentationCreator15\Program.cs:line 151~RJStevensMusicPresentationCreator.Program~0000000005
2024-07-13 21:11:03.8502~ INFO~UserRegKey: HKEY_CURRENT_USER\Software\R.J. Stevens Music\Hymns for Worship Electronic Edition~~RJStevensMusicPresentationCreator.Program~0000000006
2024-07-13 21:11:03.8572~ INFO~HymnalInformationFile: C:\ProgramData\Application Data\R.J. Stevens Music\Hymns for Worship Electronic Edition\Information.hixml~~RJStevensMusicPresentationCreator.Program~0000000007
2024-07-13 21:11:03.8572~ INFO~RegKey: HKEY_CURRENT_USER\Software\R.J. Stevens Music\Hymns for Worship Electronic Edition~~RJStevensMusicPresentationCreator.RJSMRegistry~0000000008
2024-07-13 21:11:03.8572~ INFO~ProductApplicationDataFolder: C:\ProgramData\Application Data\R.J. Stevens Music\Hymns for Worship Electronic Edition~~RJStevensMusicPresentationCreator.RJSMRegistry~0000000009
2024-07-13 21:11:03.8572~ INFO~HymnalInformationFolder: C:\ProgramData\Application Data\R.J. Stevens Music\Hymns for Worship Electronic Edition~~RJStevensMusicPresentationCreator.RJSMRegistry~0000000010
2024-07-13 21:11:03.8572~ INFO~SlideTemplateFolder: C:\ProgramData\Application Data\R.J. Stevens Music\Hymns for Worship Electronic Edition\Templates~~RJStevensMusicPresentationCreator.RJSMRegistry~0000000011
2024-07-13 21:11:03.8572~ INFO~LastExecutedDeploymentVersion: 0.0.0.0~~RJStevensMusicPresentationCreator.RJSMRegistry~0000000012
2024-07-13 21:11:03.8572~ INFO~SelectedHymnal: <All>~~RJStevensMusicPresentationCreator.RJSMRegistry~0000000013
2024-07-13 21:11:03.8572~ INFO~SelectedTemplate: Single Slide Template (Fast Transition)~~RJStevensMusicPresentationCreator.RJSMRegistry~0000000014
2024-07-13 21:11:03.8732~ INFO~LastImportFolder: C:\Users\cofc_\Downloads~~RJStevensMusicPresentationCreator.RJSMRegistry~0000000015
2024-07-13 21:11:03.8732~ INFO~DisplayTools: True~~RJStevensMusicPresentationCreator.RJSMRegistry~0000000016
2024-07-13 21:11:03.8732~ INFO~HymnList: True~~RJStevensMusicPresentationCreator.RJSMRegistry~0000000017
2024-07-13 21:11:03.8732~ INFO~HymnText: True~~RJStevensMusicPresentationCreator.RJSMRegistry~0000000018
2024-07-13 21:11:03.8732~ INFO~HymnalSelection: True~~RJStevensMusicPresentationCreator.RJSMRegistry~0000000019
2024-07-13 21:11:03.8732~ INFO~TemplateSelection: True~~RJStevensMusicPresentationCreator.RJSMRegistry~0000000020
2024-07-13 21:11:03.8732~ INFO~FillWindow: False~~RJStevensMusicPresentationCreator.RJSMRegistry~0000000021
2024-07-13 21:11:03.8732~ INFO~PresenterImage: True~~RJStevensMusicPresentationCreator.RJSMRegistry~0000000022
2024-07-13 21:11:03.8732~ INFO~SelectorWindowPosition: Normal,448,66,1024,908~~RJStevensMusicPresentationCreator.RJSMRegistry~0000000023
2024-07-13 21:11:03.8732~ INFO~SlideWindowPosition: Normal,0,0,0,0~~RJStevensMusicPresentationCreator.RJSMRegistry~0000000024
2024-07-13 21:11:03.8732~ INFO~ViewSplitPosition: 0.0248015873015873015873015873~~RJStevensMusicPresentationCreator.RJSMRegistry~0000000025
2024-07-13 21:11:03.8732~ INFO~HymnsSplitPosition: 0.7308707124010554089709762533~~RJStevensMusicPresentationCreator.RJSMRegistry~0000000026
2024-07-13 21:11:03.8732~ INFO~HymnsListSplitPosition: 0.6028880866425992779783393502~~RJStevensMusicPresentationCreator.RJSMRegistry~0000000027
2024-07-13 21:11:03.8732~ INFO~InternalViewerSplitPosition: 0.15~~RJStevensMusicPresentationCreator.RJSMRegistry~0000000028
2024-07-13 21:11:03.8852~ INFO~DateOfFirstLicenseCheck: 3/15/2020 12:00:00 AM~~RJStevensMusicPresentationCreator.RJSMRegistry~0000000029
2024-07-13 21:11:03.8852~ INFO~ProductImprovementConsent: False~~RJStevensMusicPresentationCreator.RJSMRegistry~0000000030
2024-07-13 21:11:03.8852~ INFO~RevisedPrinting: 15~~RJStevensMusicPresentationCreator.RJSMRegistry~0000000031
2024-07-13 21:11:03.8852~TRACE~   Is fast disk? True~~RJStevensMusicPresentationCreator.Program~0000000032
2024-07-13 21:11:06.0647~ INFO~AllHymnals Length: 3~~RJStevensMusicPresentationCreator.Program~0000000033
2024-07-13 21:11:06.0777~TRACE~-> AddTemplates()~~RJStevensMusicPresentationCreator.frmSelector~0000000034
2024-07-13 21:11:06.0777~TRACE~<- AddTemplates()~~RJStevensMusicPresentationCreator.frmSelector~0000000035
2024-07-13 21:11:06.0777~FATAL~License Mode: Licensed~~RJStevensMusicPresentationCreator.Program~0000000036
2024-07-13 21:11:06.0777~FATAL~Override to License Mode: Licensed~~RJStevensMusicPresentationCreator.Program~0000000037
2024-07-13 21:11:06.4267~TRACE~-> RunOneTimeUpdates()~~RJStevensMusicPresentationCreator.Program~0000000038
2024-07-13 21:11:06.4267~ INFO~Product Version: 2.3.8843.25471~~RJStevensMusicPresentationCreator.Program~0000000039
2024-07-13 21:11:06.4267~ INFO~Deployment Version: 2.2.0.7~~RJStevensMusicPresentationCreator.Program~0000000040
2024-07-13 21:11:06.4267~TRACE~LastExecutedDeploymentVersion: 0.0.0.0~~RJStevensMusicPresentationCreator.Program~0000000041
2024-07-13 21:11:06.4317~TRACE~<- RunOneTimeUpdates()~~RJStevensMusicPresentationCreator.Program~0000000042
2024-07-13 21:11:52.7599~DEBUG~-- Disable(DisableCount = 0)~~RJStevensMusicPresentationCreator.frmSelector~0000000043
2024-07-13 21:11:52.8379~DEBUG~-- SetMessage(messageText = Preparing slides for the selected hymns...)~~RJStevensMusicPresentationCreator.frmSelector~0000000044
2024-07-13 21:11:52.8379~TRACE~Text changing from '' to 'End of Verse 1'~~RJStevensMusicPresentationCreator.SlideToAdd~0000000045
2024-07-13 21:11:52.8379~TRACE~Text changing from '' to 'End of Verse 2'~~RJStevensMusicPresentationCreator.SlideToAdd~0000000046
2024-07-13 21:11:52.8539~TRACE~Text changing from '' to 'End of Song'~~RJStevensMusicPresentationCreator.SlideToAdd~0000000047
2024-07-13 21:11:52.8539~TRACE~Text changing from '' to 'End of Verse 1'~~RJStevensMusicPresentationCreator.SlideToAdd~0000000048
2024-07-13 21:11:52.8539~TRACE~Text changing from '' to 'End of Verse 2'~~RJStevensMusicPresentationCreator.SlideToAdd~0000000049
2024-07-13 21:11:52.8539~TRACE~Text changing from '' to 'End of Song'~~RJStevensMusicPresentationCreator.SlideToAdd~0000000050
2024-07-13 21:11:52.8539~DEBUG~-- SetMessage(messageText = )~~RJStevensMusicPresentationCreator.frmSelector~0000000051
2024-07-13 21:11:52.8539~DEBUG~-- Enable(overrideCount = False, DisableCount = 1, NoEnable = False)~~RJStevensMusicPresentationCreator.frmSelector~0000000052
2024-07-13 21:12:01.1646~DEBUG~-- Disable(DisableCount = 0)~~RJStevensMusicPresentationCreator.frmSelector~0000000053
2024-07-13 21:12:02.3556~DEBUG~-- SetMessage(messageText = Saving PowerPoint Presentation file...)~~RJStevensMusicPresentationCreator.frmSelector~0000000054
2024-07-13 21:12:05.1729~DEBUG~-- SetMessage(messageText = )~~RJStevensMusicPresentationCreator.frmSelector~0000000055
2024-07-13 21:12:05.1729~DEBUG~-- Enable(overrideCount = False, DisableCount = 1, NoEnable = False)~~RJStevensMusicPresentationCreator.frmSelector~0000000056
2024-07-14 09:05:59.3348~DEBUG~-- Disable(DisableCount = 0)~~RJStevensMusicPresentationCreator.frmSelector~0000000057
2024-07-14 09:05:59.6081~DEBUG~-- SetMessage(messageText = Preparing slides for the selected hymns...)~~RJStevensMusicPresentationCreator.frmSelector~0000000058
2024-07-14 09:05:59.6081~TRACE~Text changing from '' to 'End of Verse 1'~~RJStevensMusicPresentationCreator.SlideToAdd~0000000059
2024-07-14 09:05:59.6081~TRACE~Text changing from '' to 'End of Verse 2'~~RJStevensMusicPresentationCreator.SlideToAdd~0000000060
2024-07-14 09:05:59.6241~TRACE~Text changing from '' to 'End of Song'~~RJStevensMusicPresentationCreator.SlideToAdd~0000000061
2024-07-14 09:05:59.6241~TRACE~Text changing from '' to 'End of Verse 1'~~RJStevensMusicPresentationCreator.SlideToAdd~0000000062
2024-07-14 09:05:59.6241~TRACE~Text changing from '' to 'End of Verse 2'~~RJStevensMusicPresentationCreator.SlideToAdd~0000000063
2024-07-14 09:05:59.6241~TRACE~Text changing from '' to 'End of Song'~~RJStevensMusicPresentationCreator.SlideToAdd~0000000064
2024-07-14 09:05:59.6341~TRACE~Text changing from '' to 'End of Verse 1'~~RJStevensMusicPresentationCreator.SlideToAdd~0000000065
2024-07-14 09:05:59.6341~TRACE~Text changing from '' to 'End of Verse 2'~~RJStevensMusicPresentationCreator.SlideToAdd~0000000066
2024-07-14 09:05:59.6341~TRACE~Text changing from '' to 'End of Song'~~RJStevensMusicPresentationCreator.SlideToAdd~0000000067
2024-07-14 09:05:59.6591~TRACE~Text changing from '' to 'End of Song'~~RJStevensMusicPresentationCreator.SlideToAdd~0000000068
2024-07-14 09:05:59.6591~TRACE~Text changing from '' to 'End of Verse 1'~~RJStevensMusicPresentationCreator.SlideToAdd~0000000069
2024-07-14 09:05:59.6591~TRACE~Text changing from '' to 'End of Verse 2'~~RJStevensMusicPresentationCreator.SlideToAdd~0000000070
2024-07-14 09:05:59.6731~TRACE~Text changing from '' to 'End of Song'~~RJStevensMusicPresentationCreator.SlideToAdd~0000000071
2024-07-14 09:05:59.6731~TRACE~Text changing from '' to 'End of Song'~~RJStevensMusicPresentationCreator.SlideToAdd~0000000072
2024-07-14 09:05:59.6731~DEBUG~-- SetMessage(messageText = )~~RJStevensMusicPresentationCreator.frmSelector~0000000073
2024-07-14 09:05:59.6871~DEBUG~-- Enable(overrideCount = False, DisableCount = 1, NoEnable = False)~~RJStevensMusicPresentationCreator.frmSelector~0000000074
2024-07-14 09:06:12.1928~DEBUG~-- Disable(DisableCount = 0)~~RJStevensMusicPresentationCreator.frmSelector~0000000075
2024-07-14 09:06:14.3173~DEBUG~-- SetMessage(messageText = Saving PowerPoint Presentation file...)~~RJStevensMusicPresentationCreator.frmSelector~0000000076
2024-07-14 09:06:17.3035~DEBUG~-- SetMessage(messageText = )~~RJStevensMusicPresentationCreator.frmSelector~0000000077
2024-07-14 09:06:17.3075~DEBUG~-- Enable(overrideCount = False, DisableCount = 1, NoEnable = False)~~RJStevensMusicPresentationCreator.frmSelector~0000000078
2024-07-14 10:25:35.6055~DEBUG~-- Disable(DisableCount = 0)~~RJStevensMusicPresentationCreator.frmSelector~0000000079
2024-07-14 10:25:35.8225~DEBUG~-- SetMessage(messageText = )~~RJStevensMusicPresentationCreator.frmSelector~0000000080
2024-07-14 10:28:31.6418~DEBUG~-> ExtractAllFromFile(zipFileName = "C:\Users\cofc_\Downloads\Fortress-God.slides.zip", decompressedFolder = "C:\Users\cofc_\AppData\Local\Temp\tmp2EA4.tmp", message = "Fortress-God.slides")~~RJStevensMusicPresentationCreator.Program~0000000081
2024-07-14 10:28:31.6418~DEBUG~-- SetMessage(messageText = Extracting Fortress-God.slides...)~~RJStevensMusicPresentationCreator.frmSelector~0000000082
2024-07-14 10:28:36.5532~DEBUG~-- SetMessage(messageText = Download complete for Fortress-God.slides.)~~RJStevensMusicPresentationCreator.frmSelector~0000000083
2024-07-14 10:28:36.5562~DEBUG~extract completed~~RJStevensMusicPresentationCreator.Program~0000000084
2024-07-14 10:28:36.5562~DEBUG~<- ExtractAllFromFile(zipFileName = "C:\Users\cofc_\Downloads\Fortress-God.slides.zip", decompressedFolder = "C:\Users\cofc_\AppData\Local\Temp\tmp2EA4.tmp", message = "Fortress-God.slides")~~RJStevensMusicPresentationCreator.Program~0000000085
2024-07-14 10:28:36.6342~DEBUG~-- SetMessage(messageText = Operation successful.  No new hymnals found to import.)~~RJStevensMusicPresentationCreator.frmSelector~0000000086
2024-07-14 10:28:36.6342~DEBUG~-- Enable(overrideCount = False, DisableCount = 1, NoEnable = False)~~RJStevensMusicPresentationCreator.frmSelector~0000000087
2024-07-14 10:28:36.8243~DEBUG~-- Enable(overrideCount = False, DisableCount = 0, NoEnable = False)~~RJStevensMusicPresentationCreator.frmSelector~0000000088
2024-07-14 10:28:36.8243~DEBUG~_disableCount = 0~~RJStevensMusicPresentationCreator.frmSelector~0000000089
2024-07-14 10:29:40.5908~DEBUG~-- Disable(DisableCount = 0)~~RJStevensMusicPresentationCreator.frmSelector~0000000090
2024-07-14 10:29:40.7680~DEBUG~-- SetMessage(messageText = )~~RJStevensMusicPresentationCreator.frmSelector~0000000091
2024-07-14 10:29:49.0816~DEBUG~-> ExtractAllFromFile(zipFileName = "C:\Users\cofc_\Downloads\Fortress-God.slides.zip", decompressedFolder = "C:\Users\cofc_\AppData\Local\Temp\tmp5DFD.tmp", message = "Fortress-God.slides")~~RJStevensMusicPresentationCreator.Program~0000000092
2024-07-14 10:29:49.0816~DEBUG~-- SetMessage(messageText = Extracting Fortress-God.slides...)~~RJStevensMusicPresentationCreator.frmSelector~0000000093
2024-07-14 10:29:53.9487~DEBUG~-- SetMessage(messageText = Download complete for Fortress-God.slides.)~~RJStevensMusicPresentationCreator.frmSelector~0000000094
2024-07-14 10:29:53.9487~DEBUG~extract completed~~RJStevensMusicPresentationCreator.Program~0000000095
2024-07-14 10:29:53.9487~DEBUG~<- ExtractAllFromFile(zipFileName = "C:\Users\cofc_\Downloads\Fortress-God.slides.zip", decompressedFolder = "C:\Users\cofc_\AppData\Local\Temp\tmp5DFD.tmp", message = "Fortress-God.slides")~~RJStevensMusicPresentationCreator.Program~0000000096
2024-07-14 10:29:54.0298~DEBUG~-- SetMessage(messageText = Operation successful.  No new hymnals found to import.)~~RJStevensMusicPresentationCreator.frmSelector~0000000097
2024-07-14 10:29:54.0298~DEBUG~-- Enable(overrideCount = False, DisableCount = 1, NoEnable = False)~~RJStevensMusicPresentationCreator.frmSelector~0000000098
2024-07-14 10:29:54.1948~DEBUG~-- Enable(overrideCount = False, DisableCount = 0, NoEnable = False)~~RJStevensMusicPresentationCreator.frmSelector~0000000099
2024-07-14 10:29:54.1948~DEBUG~_disableCount = 0~~RJStevensMusicPresentationCreator.frmSelector~0000000100
2024-07-14 10:30:00.1396~DEBUG~-- Disable(DisableCount = 0)~~RJStevensMusicPresentationCreator.frmSelector~0000000101
2024-07-14 10:30:00.3391~DEBUG~-- SetMessage(messageText = )~~RJStevensMusicPresentationCreator.frmSelector~0000000102
2024-07-14 10:30:15.5279~DEBUG~-- Enable(overrideCount = False, DisableCount = 1, NoEnable = False)~~RJStevensMusicPresentationCreator.frmSelector~0000000103
2024-07-14 10:30:15.8052~FATAL~System.Xml.XmlException: Data at the root level is invalid. Line 1, position 1.%CRLF%   at System.Xml.XmlTextReaderImpl.Throw(Exception e)%CRLF%   at System.Xml.XmlTextReaderImpl.ParseRootLevelWhitespace()%CRLF%   at System.Xml.XmlTextReaderImpl.ParseDocumentContent()%CRLF%   at System.Xml.XmlReader.MoveToContent()%CRLF%   at System.Xml.Linq.XElement.Load(XmlReader reader, LoadOptions options)%CRLF%   at System.Xml.Linq.XElement.Parse(String text, LoadOptions options)%CRLF%   at RJStevensMusicPresentationCreator.Program.ImportSingleFile(String fnImport, IAcceptsProgressNotification pn, String& importedHymnalName) in D:\Repos\RJSM\Presentation Creator Application\Applications\PresentationCreator15\Program.cs:line 1873%CRLF%   at RJStevensMusicPresentationCreator.Program.ImportHymnalsFromFile(String fnImport, IAcceptsProgressNotification pn, String& hymnalName) in D:\Repos\RJSM\Presentation Creator Application\Applications\PresentationCreator15\Program.cs:line 1862%CRLF%   at RJStevensMusicPresentationCreator.Program.ImportHymnal(IAcceptsProgressNotification pn, String fnImport, String& hymnalName) in D:\Repos\RJSM\Presentation Creator Application\Applications\PresentationCreator15\Program.cs:line 1791%CRLF%   at RJStevensMusicPresentationCreator.frmSelector.tsmiImportHymnal_Click(Object sender, EventArgs e) in D:\Repos\RJSM\Presentation Creator Application\Applications\PresentationCreator15\frmSelector.cs:line 1119%CRLF%   at System.Windows.Forms.ToolStripItem.RaiseEvent(Object key, EventArgs e)%CRLF%   at System.Windows.Forms.ToolStripMenuItem.OnClick(EventArgs e)%CRLF%   at System.Windows.Forms.ToolStripItem.HandleClick(EventArgs e)%CRLF%   at System.Windows.Forms.ToolStripItem.HandleMouseUp(MouseEventArgs e)%CRLF%   at System.Windows.Forms.ToolStrip.OnMouseUp(MouseEventArgs mea)%CRLF%   at System.Windows.Forms.ToolStripDropDown.OnMouseUp(MouseEventArgs mea)%CRLF%   at System.Windows.Forms.Control.WmMouseUp(Message& m, MouseButtons button, Int32 clicks)%CRLF%   at System.Windows.Forms.Control.WndProc(Message& m)%CRLF%   at System.Windows.Forms.ToolStrip.WndProc(Message& m)%CRLF%   at System.Windows.Forms.ToolStripDropDown.WndProc(Message& m)%CRLF%   at System.Windows.Forms.NativeWindow.Callback(IntPtr hWnd, Int32 msg, IntPtr wparam, IntPtr lparam)~System.Xml.XmlException: Data at the root level is invalid. Line 1, position 1.%CRLF%   at System.Xml.XmlTextReaderImpl.Throw(Exception e)%CRLF%   at System.Xml.XmlTextReaderImpl.ParseRootLevelWhitespace()%CRLF%   at System.Xml.XmlTextReaderImpl.ParseDocumentContent()%CRLF%   at System.Xml.XmlReader.MoveToContent()%CRLF%   at System.Xml.Linq.XElement.Load(XmlReader reader, LoadOptions options)%CRLF%   at System.Xml.Linq.XElement.Parse(String text, LoadOptions options)%CRLF%   at RJStevensMusicPresentationCreator.Program.ImportSingleFile(String fnImport, IAcceptsProgressNotification pn, String& importedHymnalName) in D:\Repos\RJSM\Presentation Creator Application\Applications\PresentationCreator15\Program.cs:line 1873%CRLF%   at RJStevensMusicPresentationCreator.Program.ImportHymnalsFromFile(String fnImport, IAcceptsProgressNotification pn, String& hymnalName) in D:\Repos\RJSM\Presentation Creator Application\Applications\PresentationCreator15\Program.cs:line 1862%CRLF%   at RJStevensMusicPresentationCreator.Program.ImportHymnal(IAcceptsProgressNotification pn, String fnImport, String& hymnalName) in D:\Repos\RJSM\Presentation Creator Application\Applications\PresentationCreator15\Program.cs:line 1791%CRLF%   at RJStevensMusicPresentationCreator.frmSelector.tsmiImportHymnal_Click(Object sender, EventArgs e) in D:\Repos\RJSM\Presentation Creator Application\Applications\PresentationCreator15\frmSelector.cs:line 1119%CRLF%   at System.Windows.Forms.ToolStripItem.RaiseEvent(Object key, EventArgs e)%CRLF%   at System.Windows.Forms.ToolStripMenuItem.OnClick(EventArgs e)%CRLF%   at System.Windows.Forms.ToolStripItem.HandleClick(EventArgs e)%CRLF%   at System.Windows.Forms.ToolStripItem.HandleMouseUp(MouseEventArgs e)%CRLF%   at System.Windows.Forms.ToolStrip.OnMouseUp(MouseEventArgs mea)%CRLF%   at System.Windows.Forms.ToolStripDropDown.OnMouseUp(MouseEventArgs mea)%CRLF%   at System.Windows.Forms.Control.WmMouseUp(Message& m, MouseButtons button, Int32 clicks)%CRLF%   at System.Windows.Forms.Control.WndProc(Message& m)%CRLF%   at System.Windows.Forms.ToolStrip.WndProc(Message& m)%CRLF%   at System.Windows.Forms.ToolStripDropDown.WndProc(Message& m)%CRLF%   at System.Windows.Forms.NativeWindow.Callback(IntPtr hWnd, Int32 msg, IntPtr wparam, IntPtr lparam)~RJStevensMusicPresentationCreator.Program~0000000104
2024-07-14 10:30:26.8146~FATAL~System.Xml.XmlException: Data at the root level is invalid. Line 1, position 1.%CRLF%   at RJStevensMusicPresentationCreator.Program.Application_ThreadException(Object sender, ThreadExceptionEventArgs e) in D:\Repos\RJSM\Presentation Creator Application\Applications\PresentationCreator15\Program.cs:line 88%CRLF%   at System.Windows.Forms.Application.ThreadContext.OnThreadException(Exception t)%CRLF%   at System.Windows.Forms.Control.WndProcException(Exception e)%CRLF%   at System.Windows.Forms.NativeWindow.Callback(IntPtr hWnd, Int32 msg, IntPtr wparam, IntPtr lparam)%CRLF%   at System.Windows.Forms.UnsafeNativeMethods.DispatchMessageW(MSG& msg)%CRLF%   at System.Windows.Forms.Application.ComponentManager.System.Windows.Forms.UnsafeNativeMethods.IMsoComponentManager.FPushMessageLoop(IntPtr dwComponentID, Int32 reason, Int32 pvLoopData)%CRLF%   at System.Windows.Forms.Application.ThreadContext.RunMessageLoopInner(Int32 reason, ApplicationContext context)%CRLF%   at System.Windows.Forms.Application.ThreadContext.RunMessageLoop(Int32 reason, ApplicationContext context)%CRLF%   at RJStevensMusicPresentationCreator.Program.Main() in D:\Repos\RJSM\Presentation Creator Application\Applications\PresentationCreator15\Program.cs:line 393~System.Xml.XmlException: Data at the root level is invalid. Line 1, position 1.%CRLF%   at RJStevensMusicPresentationCreator.Program.Application_ThreadException(Object sender, ThreadExceptionEventArgs e) in D:\Repos\RJSM\Presentation Creator Application\Applications\PresentationCreator15\Program.cs:line 88%CRLF%   at System.Windows.Forms.Application.ThreadContext.OnThreadException(Exception t)%CRLF%   at System.Windows.Forms.Control.WndProcException(Exception e)%CRLF%   at System.Windows.Forms.NativeWindow.Callback(IntPtr hWnd, Int32 msg, IntPtr wparam, IntPtr lparam)%CRLF%   at System.Windows.Forms.UnsafeNativeMethods.DispatchMessageW(MSG& msg)%CRLF%   at System.Windows.Forms.Application.ComponentManager.System.Windows.Forms.UnsafeNativeMethods.IMsoComponentManager.FPushMessageLoop(IntPtr dwComponentID, Int32 reason, Int32 pvLoopData)%CRLF%   at System.Windows.Forms.Application.ThreadContext.RunMessageLoopInner(Int32 reason, ApplicationContext context)%CRLF%   at System.Windows.Forms.Application.ThreadContext.RunMessageLoop(Int32 reason, ApplicationContext context)%CRLF%   at RJStevensMusicPresentationCreator.Program.Main() in D:\Repos\RJSM\Presentation Creator Application\Applications\PresentationCreator15\Program.cs:line 393~RJStevensMusicPresentationCreator.Program~0000000105
2024-07-14 10:30:35.3959~TRACE~<- Main()~~RJStevensMusicPresentationCreator.Program~0000000106
