EventDateTime~EventLevel~EventMsg~EventException~EventLogger~EventID
2024-12-14 22:27:54.0838~TRACE~-> Main()~~RJStevensMusicPresentationCreator.Program~0000000001
2024-12-14 22:27:54.1258~TRACE~   .Net Framework Version: 4.8~~RJStevensMusicPresentationCreator.Program~0000000002
2024-12-14 22:27:54.1258~TRACE~   OS Version: Windows 10 Enterprise Release 2009 (Build 19045.5247)  64-bit~~RJStevensMusicPresentationCreator.Program~0000000003
2024-12-14 22:27:54.1258~TRACE~   Total RAM Memory: 8.00 GB physical RAM memory~~RJStevensMusicPresentationCreator.Program~0000000004
2024-12-14 22:27:54.1258~ WARN~System.UnauthorizedAccessException: Access to the registry key 'HKEY_LOCAL_MACHINE\Software\R.J. Stevens Music\Hymns for Worship Electronic Edition\2.3.8843.25471' is denied.%CRLF%   at Microsoft.Win32.RegistryKey.Win32Error(Int32 errorCode, String str)%CRLF%   at Microsoft.Win32.RegistryKey.CreateSubKeyInternal(String subkey, RegistryKeyPermissionCheck permissionCheck, Object registrySecurityObj, RegistryOptions registryOptions)%CRLF%   at Microsoft.Win32.RegistryKey.CreateSubKey(String subkey)%CRLF%   at RJStevensMusicPresentationCreator.Program.Main() in D:\Repos\RJSM\Presentation Creator Application\Applications\PresentationCreator15\Program.cs:line 151~System.UnauthorizedAccessException: Access to the registry key 'HKEY_LOCAL_MACHINE\Software\R.J. Stevens Music\Hymns for Worship Electronic Edition\2.3.8843.25471' is denied.%CRLF%   at Microsoft.Win32.RegistryKey.Win32Error(Int32 errorCode, String str)%CRLF%   at Microsoft.Win32.RegistryKey.CreateSubKeyInternal(String subkey, RegistryKeyPermissionCheck permissionCheck, Object registrySecurityObj, RegistryOptions registryOptions)%CRLF%   at Microsoft.Win32.RegistryKey.CreateSubKey(String subkey)%CRLF%   at RJStevensMusicPresentationCreator.Program.Main() in D:\Repos\RJSM\Presentation Creator Application\Applications\PresentationCreator15\Program.cs:line 151~RJStevensMusicPresentationCreator.Program~0000000005
2024-12-14 22:27:54.1488~ INFO~UserRegKey: HKEY_CURRENT_USER\Software\R.J. Stevens Music\Hymns for Worship Electronic Edition~~RJStevensMusicPresentationCreator.Program~0000000006
2024-12-14 22:27:54.1488~ INFO~HymnalInformationFile: C:\ProgramData\Application Data\R.J. Stevens Music\Hymns for Worship Electronic Edition\Information.hixml~~RJStevensMusicPresentationCreator.Program~0000000007
2024-12-14 22:27:54.1578~ INFO~RegKey: HKEY_CURRENT_USER\Software\R.J. Stevens Music\Hymns for Worship Electronic Edition~~RJStevensMusicPresentationCreator.RJSMRegistry~0000000008
2024-12-14 22:27:54.1578~ INFO~ProductApplicationDataFolder: C:\ProgramData\Application Data\R.J. Stevens Music\Hymns for Worship Electronic Edition~~RJStevensMusicPresentationCreator.RJSMRegistry~0000000009
2024-12-14 22:27:54.1578~ INFO~HymnalInformationFolder: C:\ProgramData\Application Data\R.J. Stevens Music\Hymns for Worship Electronic Edition~~RJStevensMusicPresentationCreator.RJSMRegistry~0000000010
2024-12-14 22:27:54.1578~ INFO~SlideTemplateFolder: C:\ProgramData\Application Data\R.J. Stevens Music\Hymns for Worship Electronic Edition\Templates~~RJStevensMusicPresentationCreator.RJSMRegistry~0000000011
2024-12-14 22:27:54.1578~ INFO~LastExecutedDeploymentVersion: 0.0.0.0~~RJStevensMusicPresentationCreator.RJSMRegistry~0000000012
2024-12-14 22:27:54.1578~ INFO~SelectedHymnal: <All>~~RJStevensMusicPresentationCreator.RJSMRegistry~0000000013
2024-12-14 22:27:54.1578~ INFO~SelectedTemplate: Single Slide Template (Fast Transition)~~RJStevensMusicPresentationCreator.RJSMRegistry~0000000014
2024-12-14 22:27:54.1578~ INFO~LastImportFolder: C:\Users\cofc_\OneDrive\Desktop~~RJStevensMusicPresentationCreator.RJSMRegistry~0000000015
2024-12-14 22:27:54.1578~ INFO~DisplayTools: True~~RJStevensMusicPresentationCreator.RJSMRegistry~0000000016
2024-12-14 22:27:54.1728~ INFO~HymnList: True~~RJStevensMusicPresentationCreator.RJSMRegistry~0000000017
2024-12-14 22:27:54.1728~ INFO~HymnText: True~~RJStevensMusicPresentationCreator.RJSMRegistry~0000000018
2024-12-14 22:27:54.1728~ INFO~HymnalSelection: True~~RJStevensMusicPresentationCreator.RJSMRegistry~0000000019
2024-12-14 22:27:54.1728~ INFO~TemplateSelection: True~~RJStevensMusicPresentationCreator.RJSMRegistry~0000000020
2024-12-14 22:27:54.1728~ INFO~FillWindow: True~~RJStevensMusicPresentationCreator.RJSMRegistry~0000000021
2024-12-14 22:27:54.1728~ INFO~PresenterImage: True~~RJStevensMusicPresentationCreator.RJSMRegistry~0000000022
2024-12-14 22:27:54.1728~ INFO~SelectorWindowPosition: Normal,178,78,1064,871~~RJStevensMusicPresentationCreator.RJSMRegistry~0000000023
2024-12-14 22:27:54.1728~ INFO~SlideWindowPosition: Normal,0,0,0,0~~RJStevensMusicPresentationCreator.RJSMRegistry~0000000024
2024-12-14 22:27:54.1728~ INFO~ViewSplitPosition: 0.0238549618320610687022900763~~RJStevensMusicPresentationCreator.RJSMRegistry~0000000025
2024-12-14 22:27:54.1728~ INFO~HymnsSplitPosition: 0.7059639389736477115117891817~~RJStevensMusicPresentationCreator.RJSMRegistry~0000000026
2024-12-14 22:27:54.1728~ INFO~HymnsListSplitPosition: 0.6031434184675834970530451866~~RJStevensMusicPresentationCreator.RJSMRegistry~0000000027
2024-12-14 22:27:54.1728~ INFO~InternalViewerSplitPosition: 0.15~~RJStevensMusicPresentationCreator.RJSMRegistry~0000000028
2024-12-14 22:27:54.1728~ INFO~DateOfFirstLicenseCheck: 3/15/2020 12:00:00 AM~~RJStevensMusicPresentationCreator.RJSMRegistry~0000000029
2024-12-14 22:27:54.1728~ INFO~ProductImprovementConsent: True~~RJStevensMusicPresentationCreator.RJSMRegistry~0000000030
2024-12-14 22:27:54.1728~ INFO~RevisedPrinting: 15~~RJStevensMusicPresentationCreator.RJSMRegistry~0000000031
2024-12-14 22:27:54.1898~TRACE~   Is fast disk? True~~RJStevensMusicPresentationCreator.Program~0000000032
2024-12-14 22:27:54.8338~ WARN~More than one hymn exists with "20214" as the number.~~RJStevensMusicPresentationCreator.Program~0000000033
2024-12-14 22:27:54.8338~ WARN~More than one hymn exists with "20731" as the number.~~RJStevensMusicPresentationCreator.Program~0000000034
2024-12-14 22:27:54.8338~ WARN~More than one hymn exists with "21339" as the number.~~RJStevensMusicPresentationCreator.Program~0000000035
2024-12-14 22:28:01.5911~ERROR~-- SetErrorMessage(messageText = Duplicate hymn numbers exist! This is an issue in a future version of Presentation Creator.)~~RJStevensMusicPresentationCreator.frmSelector~0000000036
2024-12-14 22:28:02.2892~ INFO~AllHymnals Length: 4~~RJStevensMusicPresentationCreator.Program~0000000037
2024-12-14 22:28:02.2982~TRACE~-> AddTemplates()~~RJStevensMusicPresentationCreator.frmSelector~0000000038
2024-12-14 22:28:02.2982~TRACE~<- AddTemplates()~~RJStevensMusicPresentationCreator.frmSelector~0000000039
2024-12-14 22:28:02.2982~FATAL~License Mode: Licensed~~RJStevensMusicPresentationCreator.Program~0000000040
2024-12-14 22:28:02.2982~FATAL~Override to License Mode: Licensed~~RJStevensMusicPresentationCreator.Program~0000000041
2024-12-14 22:28:02.5343~TRACE~-> RunOneTimeUpdates()~~RJStevensMusicPresentationCreator.Program~0000000042
2024-12-14 22:28:02.5343~ INFO~Product Version: 2.3.8843.25471~~RJStevensMusicPresentationCreator.Program~0000000043
2024-12-14 22:28:02.5343~ INFO~Deployment Version: 2.2.0.7~~RJStevensMusicPresentationCreator.Program~0000000044
2024-12-14 22:28:02.5343~TRACE~LastExecutedDeploymentVersion: 0.0.0.0~~RJStevensMusicPresentationCreator.Program~0000000045
2024-12-14 22:28:02.5343~TRACE~<- RunOneTimeUpdates()~~RJStevensMusicPresentationCreator.Program~0000000046
2024-12-14 22:28:57.7856~DEBUG~-- Disable(DisableCount = 0)~~RJStevensMusicPresentationCreator.frmSelector~0000000047
2024-12-14 22:28:57.8652~DEBUG~-- SetMessage(messageText = )~~RJStevensMusicPresentationCreator.frmSelector~0000000048
2024-12-14 22:29:20.5587~DEBUG~-- SetMessage(messageText = Importing Hymns For Worship eChoice...)~~RJStevensMusicPresentationCreator.frmSelector~0000000049
2024-12-14 22:29:20.5748~DEBUG~-- SetMessage(messageText = Importing Hymns For Worship eChoice... Hymn 20157)~~RJStevensMusicPresentationCreator.frmSelector~0000000050
2024-12-14 22:29:20.5847~DEBUG~-- SetMessage(messageText = Importing Hymns For Worship eChoice... Hymn 20687)~~RJStevensMusicPresentationCreator.frmSelector~0000000051
2024-12-14 22:29:20.5847~DEBUG~-- SetMessage(messageText = Importing Hymns For Worship eChoice... Hymn 20766)~~RJStevensMusicPresentationCreator.frmSelector~0000000052
2024-12-14 22:29:20.5948~DEBUG~-- SetMessage(messageText = Importing Hymns For Worship eChoice... Hymn 20634)~~RJStevensMusicPresentationCreator.frmSelector~0000000053
2024-12-14 22:29:20.5948~DEBUG~-- SetMessage(messageText = Importing Hymns For Worship eChoice... Hymn 20187)~~RJStevensMusicPresentationCreator.frmSelector~0000000054
2024-12-14 22:29:20.5948~DEBUG~-- SetMessage(messageText = Importing Hymns For Worship eChoice... Hymn 20014A)~~RJStevensMusicPresentationCreator.frmSelector~0000000055
2024-12-14 22:29:20.6148~DEBUG~-- SetMessage(messageText = Importing Hymns For Worship eChoice... Hymn 20171)~~RJStevensMusicPresentationCreator.frmSelector~0000000056
2024-12-14 22:29:20.6148~DEBUG~-- SetMessage(messageText = Importing Hymns For Worship eChoice... Hymn 20603)~~RJStevensMusicPresentationCreator.frmSelector~0000000057
2024-12-14 22:29:20.6268~DEBUG~-- SetMessage(messageText = Importing Hymns For Worship eChoice... Hymn 20163)~~RJStevensMusicPresentationCreator.frmSelector~0000000058
2024-12-14 22:29:20.6268~DEBUG~-- SetMessage(messageText = Importing Hymns For Worship eChoice... Hymn 20159B)~~RJStevensMusicPresentationCreator.frmSelector~0000000059
2024-12-14 22:29:20.6268~DEBUG~-- SetMessage(messageText = Importing Hymns For Worship eChoice... Hymn 20203)~~RJStevensMusicPresentationCreator.frmSelector~0000000060
2024-12-14 22:29:20.6448~DEBUG~-- SetMessage(messageText = Importing Hymns For Worship eChoice... Hymn 20231B)~~RJStevensMusicPresentationCreator.frmSelector~0000000061
2024-12-14 22:29:20.6448~DEBUG~-- SetMessage(messageText = Importing Hymns For Worship eChoice... Hymn 20164)~~RJStevensMusicPresentationCreator.frmSelector~0000000062
2024-12-14 22:29:20.6448~DEBUG~-- SetMessage(messageText = Importing Hymns For Worship eChoice... Hymn 20181)~~RJStevensMusicPresentationCreator.frmSelector~0000000063
2024-12-14 22:29:20.6578~DEBUG~-- SetMessage(messageText = Importing Hymns For Worship eChoice... Hymn 20156)~~RJStevensMusicPresentationCreator.frmSelector~0000000064
2024-12-14 22:29:20.6578~DEBUG~-- SetMessage(messageText = Importing Hymns For Worship eChoice... Hymn 20368)~~RJStevensMusicPresentationCreator.frmSelector~0000000065
2024-12-14 22:29:20.6578~DEBUG~-- SetMessage(messageText = Importing Hymns For Worship eChoice... Hymn 20913)~~RJStevensMusicPresentationCreator.frmSelector~0000000066
2024-12-14 22:29:20.6578~DEBUG~-- SetMessage(messageText = Importing Hymns For Worship eChoice... Hymn 20214)~~RJStevensMusicPresentationCreator.frmSelector~0000000067
2024-12-14 22:29:20.6768~DEBUG~-- SetMessage(messageText = Importing Hymns For Worship eChoice... Hymn 21339)~~RJStevensMusicPresentationCreator.frmSelector~0000000068
2024-12-14 22:29:20.6768~DEBUG~-- SetMessage(messageText = Importing Hymns For Worship eChoice... Hymn 20731)~~RJStevensMusicPresentationCreator.frmSelector~0000000069
2024-12-14 22:29:20.6768~DEBUG~-- SetMessage(messageText = Importing Hymns For Worship eChoice... Hymn 20162)~~RJStevensMusicPresentationCreator.frmSelector~0000000070
2024-12-14 22:29:20.6768~DEBUG~-- SetMessage(messageText = Importing Hymns For Worship eChoice... Hymn 20270)~~RJStevensMusicPresentationCreator.frmSelector~0000000071
2024-12-14 22:29:20.6908~DEBUG~-- SetMessage(messageText = Importing Hymns For Worship eChoice... Hymn 20265)~~RJStevensMusicPresentationCreator.frmSelector~0000000072
2024-12-14 22:29:20.6908~DEBUG~-- SetMessage(messageText = Importing Hymns For Worship eChoice... Hymn 20995)~~RJStevensMusicPresentationCreator.frmSelector~0000000073
2024-12-14 22:29:20.6908~DEBUG~-- SetMessage(messageText = Importing Hymns For Worship eChoice... Hymn 21428)~~RJStevensMusicPresentationCreator.frmSelector~0000000074
2024-12-14 22:29:20.6908~DEBUG~-- SetMessage(messageText = Importing Hymns For Worship eChoice... Hymn 20194)~~RJStevensMusicPresentationCreator.frmSelector~0000000075
2024-12-14 22:29:20.7078~DEBUG~-- SetMessage(messageText = Importing Hymns For Worship eChoice... Hymn 21133)~~RJStevensMusicPresentationCreator.frmSelector~0000000076
2024-12-14 22:29:20.7078~DEBUG~-- SetMessage(messageText = Importing Hymns For Worship (eChoice)...)~~RJStevensMusicPresentationCreator.frmSelector~0000000077
2024-12-14 22:29:20.7218~DEBUG~-- SetMessage(messageText = Importing Hymns For Worship (eChoice)... Hymn 20274)~~RJStevensMusicPresentationCreator.frmSelector~0000000078
2024-12-14 22:29:20.7218~DEBUG~-- SetMessage(messageText = Importing Hymns For Worship (eChoice)... Hymn 20214)~~RJStevensMusicPresentationCreator.frmSelector~0000000079
2024-12-14 22:29:20.7218~DEBUG~-- SetMessage(messageText = Importing Hymns For Worship (eChoice)... Hymn 20731)~~RJStevensMusicPresentationCreator.frmSelector~0000000080
2024-12-14 22:29:20.7348~DEBUG~-- SetMessage(messageText = Importing Hymns For Worship (eChoice)... Hymn 21339)~~RJStevensMusicPresentationCreator.frmSelector~0000000081
2024-12-14 22:29:20.7348~DEBUG~-- SetMessage(messageText = Importing Hymns For Worship (Revised)...)~~RJStevensMusicPresentationCreator.frmSelector~0000000082
2024-12-14 22:29:20.8668~DEBUG~-- SetMessage(messageText = Importing Hymns For Worship (Revised)... Hymn 001)~~RJStevensMusicPresentationCreator.frmSelector~0000000083
2024-12-14 22:29:20.8668~DEBUG~-- SetMessage(messageText = Importing Hymns For Worship (Revised)... Hymn 002)~~RJStevensMusicPresentationCreator.frmSelector~0000000084
2024-12-14 22:29:20.8788~DEBUG~-- SetMessage(messageText = Importing Hymns For Worship (Revised)... Hymn 004)~~RJStevensMusicPresentationCreator.frmSelector~0000000085
2024-12-14 22:29:20.8788~DEBUG~-- SetMessage(messageText = Importing Hymns For Worship (Revised)... Hymn 006)~~RJStevensMusicPresentationCreator.frmSelector~0000000086
2024-12-14 22:29:20.8918~DEBUG~-- SetMessage(messageText = Importing Hymns For Worship (Revised)... Hymn 008)~~RJStevensMusicPresentationCreator.frmSelector~0000000087
2024-12-14 22:29:20.8918~DEBUG~-- SetMessage(messageText = Importing Hymns For Worship (Revised)... Hymn 008.15)~~RJStevensMusicPresentationCreator.frmSelector~0000000088
2024-12-14 22:29:20.8918~DEBUG~-- SetMessage(messageText = Importing Hymns For Worship (Revised)... Hymn 008.16)~~RJStevensMusicPresentationCreator.frmSelector~0000000089
2024-12-14 22:29:20.9098~DEBUG~-- SetMessage(messageText = Importing Hymns For Worship (Revised)... Hymn 010)~~RJStevensMusicPresentationCreator.frmSelector~0000000090
2024-12-14 22:29:20.9098~DEBUG~-- SetMessage(messageText = Importing Hymns For Worship (Revised)... Hymn 011)~~RJStevensMusicPresentationCreator.frmSelector~0000000091
2024-12-14 22:29:20.9268~DEBUG~-- SetMessage(messageText = Importing Hymns For Worship (Revised)... Hymn 012)~~RJStevensMusicPresentationCreator.frmSelector~0000000092
2024-12-14 22:29:20.9268~DEBUG~-- SetMessage(messageText = Importing Hymns For Worship (Revised)... Hymn 014)~~RJStevensMusicPresentationCreator.frmSelector~0000000093
2024-12-14 22:29:20.9398~DEBUG~-- SetMessage(messageText = Importing Hymns For Worship (Revised)... Hymn 016)~~RJStevensMusicPresentationCreator.frmSelector~0000000094
2024-12-14 22:29:20.9398~DEBUG~-- SetMessage(messageText = Importing Hymns For Worship (Revised)... Hymn 017)~~RJStevensMusicPresentationCreator.frmSelector~0000000095
2024-12-14 22:29:20.9598~DEBUG~-- SetMessage(messageText = Importing Hymns For Worship (Revised)... Hymn 018)~~RJStevensMusicPresentationCreator.frmSelector~0000000096
2024-12-14 22:29:20.9598~DEBUG~-- SetMessage(messageText = Importing Hymns For Worship (Revised)... Hymn 019)~~RJStevensMusicPresentationCreator.frmSelector~0000000097
2024-12-14 22:29:20.9758~DEBUG~-- SetMessage(messageText = Importing Hymns For Worship (Revised)... Hymn 020)~~RJStevensMusicPresentationCreator.frmSelector~0000000098
2024-12-14 22:29:20.9848~DEBUG~-- SetMessage(messageText = Importing Hymns For Worship (Revised)... Hymn 021)~~RJStevensMusicPresentationCreator.frmSelector~0000000099
2024-12-14 22:29:20.9848~DEBUG~-- SetMessage(messageText = Importing Hymns For Worship (Revised)... Hymn 024)~~RJStevensMusicPresentationCreator.frmSelector~0000000100
2024-12-14 22:29:21.0038~DEBUG~-- SetMessage(messageText = Importing Hymns For Worship (Revised)... Hymn 025)~~RJStevensMusicPresentationCreator.frmSelector~0000000101
2024-12-14 22:29:21.0038~DEBUG~-- SetMessage(messageText = Importing Hymns For Worship (Revised)... Hymn 026)~~RJStevensMusicPresentationCreator.frmSelector~0000000102
2024-12-14 22:29:21.0258~DEBUG~-- SetMessage(messageText = Importing Hymns For Worship (Revised)... Hymn 027)~~RJStevensMusicPresentationCreator.frmSelector~0000000103
2024-12-14 22:29:21.0378~DEBUG~-- SetMessage(messageText = Importing Hymns For Worship (Revised)... Hymn 028)~~RJStevensMusicPresentationCreator.frmSelector~0000000104
2024-12-14 22:29:21.0488~DEBUG~-- SetMessage(messageText = Importing Hymns For Worship (Revised)... Hymn 030)~~RJStevensMusicPresentationCreator.frmSelector~0000000105
2024-12-14 22:29:21.0488~DEBUG~-- SetMessage(messageText = Importing Hymns For Worship (Revised)... Hymn 032)~~RJStevensMusicPresentationCreator.frmSelector~0000000106
2024-12-14 22:29:21.0648~DEBUG~-- SetMessage(messageText = Importing Hymns For Worship (Revised)... Hymn 035)~~RJStevensMusicPresentationCreator.frmSelector~0000000107
2024-12-14 22:29:21.0648~DEBUG~-- SetMessage(messageText = Importing Hymns For Worship (Revised)... Hymn 037)~~RJStevensMusicPresentationCreator.frmSelector~0000000108
2024-12-14 22:29:21.0648~DEBUG~-- SetMessage(messageText = Importing Hymns For Worship (Revised)... Hymn 039)~~RJStevensMusicPresentationCreator.frmSelector~0000000109
2024-12-14 22:29:21.0808~DEBUG~-- SetMessage(messageText = Importing Hymns For Worship (Revised)... Hymn 039.15)~~RJStevensMusicPresentationCreator.frmSelector~0000000110
2024-12-14 22:29:21.0808~DEBUG~-- SetMessage(messageText = Importing Hymns For Worship (Revised)... Hymn 041)~~RJStevensMusicPresentationCreator.frmSelector~0000000111
2024-12-14 22:29:21.1258~DEBUG~-- SetMessage(messageText = Importing Hymns For Worship (Revised)... Hymn 041.15)~~RJStevensMusicPresentationCreator.frmSelector~0000000112
2024-12-14 22:29:21.1258~DEBUG~-- SetMessage(messageText = Importing Hymns For Worship (Revised)... Hymn 043)~~RJStevensMusicPresentationCreator.frmSelector~0000000113
2024-12-14 22:29:21.1258~DEBUG~-- SetMessage(messageText = Importing Hymns For Worship (Revised)... Hymn 044)~~RJStevensMusicPresentationCreator.frmSelector~0000000114
2024-12-14 22:29:21.1258~DEBUG~-- SetMessage(messageText = Importing Hymns For Worship (Revised)... Hymn 045)~~RJStevensMusicPresentationCreator.frmSelector~0000000115
2024-12-14 22:29:21.1418~DEBUG~-- SetMessage(messageText = Importing Hymns For Worship (Revised)... Hymn 046)~~RJStevensMusicPresentationCreator.frmSelector~0000000116
2024-12-14 22:29:21.1418~DEBUG~-- SetMessage(messageText = Importing Hymns For Worship (Revised)... Hymn 047)~~RJStevensMusicPresentationCreator.frmSelector~0000000117
2024-12-14 22:29:21.1418~DEBUG~-- SetMessage(messageText = Importing Hymns For Worship (Revised)... Hymn 048)~~RJStevensMusicPresentationCreator.frmSelector~0000000118
2024-12-14 22:29:21.1568~DEBUG~-- SetMessage(messageText = Importing Hymns For Worship (Revised)... Hymn 049)~~RJStevensMusicPresentationCreator.frmSelector~0000000119
2024-12-14 22:29:21.1568~DEBUG~-- SetMessage(messageText = Importing Hymns For Worship (Revised)... Hymn 053)~~RJStevensMusicPresentationCreator.frmSelector~0000000120
2024-12-14 22:29:21.1568~DEBUG~-- SetMessage(messageText = Importing Hymns For Worship (Revised)... Hymn 054)~~RJStevensMusicPresentationCreator.frmSelector~0000000121
2024-12-14 22:29:21.1568~DEBUG~-- SetMessage(messageText = Importing Hymns For Worship (Revised)... Hymn 055)~~RJStevensMusicPresentationCreator.frmSelector~0000000122
2024-12-14 22:29:21.1768~DEBUG~-- SetMessage(messageText = Importing Hymns For Worship (Revised)... Hymn 056)~~RJStevensMusicPresentationCreator.frmSelector~0000000123
2024-12-14 22:29:21.1768~DEBUG~-- SetMessage(messageText = Importing Hymns For Worship (Revised)... Hymn 057)~~RJStevensMusicPresentationCreator.frmSelector~0000000124
2024-12-14 22:29:21.1768~DEBUG~-- SetMessage(messageText = Importing Hymns For Worship (Revised)... Hymn 059)~~RJStevensMusicPresentationCreator.frmSelector~0000000125
2024-12-14 22:29:21.1938~DEBUG~-- SetMessage(messageText = Importing Hymns For Worship (Revised)... Hymn 060)~~RJStevensMusicPresentationCreator.frmSelector~0000000126
2024-12-14 22:29:21.1938~DEBUG~-- SetMessage(messageText = Importing Hymns For Worship (Revised)... Hymn 061)~~RJStevensMusicPresentationCreator.frmSelector~0000000127
2024-12-14 22:29:21.1938~DEBUG~-- SetMessage(messageText = Importing Hymns For Worship (Revised)... Hymn 062)~~RJStevensMusicPresentationCreator.frmSelector~0000000128
2024-12-14 22:29:21.2038~DEBUG~-- SetMessage(messageText = Importing Hymns For Worship (Revised)... Hymn 063)~~RJStevensMusicPresentationCreator.frmSelector~0000000129
2024-12-14 22:29:21.2038~DEBUG~-- SetMessage(messageText = Importing Hymns For Worship (Revised)... Hymn 065)~~RJStevensMusicPresentationCreator.frmSelector~0000000130
2024-12-14 22:29:21.2038~DEBUG~-- SetMessage(messageText = Importing Hymns For Worship (Revised)... Hymn 068)~~RJStevensMusicPresentationCreator.frmSelector~0000000131
2024-12-14 22:29:21.2038~DEBUG~-- SetMessage(messageText = Importing Hymns For Worship (Revised)... Hymn 069)~~RJStevensMusicPresentationCreator.frmSelector~0000000132
2024-12-14 22:29:21.2208~DEBUG~-- SetMessage(messageText = Importing Hymns For Worship (Revised)... Hymn 070)~~RJStevensMusicPresentationCreator.frmSelector~0000000133
2024-12-14 22:29:21.2208~DEBUG~-- SetMessage(messageText = Importing Hymns For Worship (Revised)... Hymn 073)~~RJStevensMusicPresentationCreator.frmSelector~0000000134
2024-12-14 22:29:21.2208~DEBUG~-- SetMessage(messageText = Importing Hymns For Worship (Revised)... Hymn 074)~~RJStevensMusicPresentationCreator.frmSelector~0000000135
2024-12-14 22:29:21.2368~DEBUG~-- SetMessage(messageText = Importing Hymns For Worship (Revised)... Hymn 075)~~RJStevensMusicPresentationCreator.frmSelector~0000000136
2024-12-14 22:29:21.2368~DEBUG~-- SetMessage(messageText = Importing Hymns For Worship (Revised)... Hymn 076)~~RJStevensMusicPresentationCreator.frmSelector~0000000137
2024-12-14 22:29:21.2368~DEBUG~-- SetMessage(messageText = Importing Hymns For Worship (Revised)... Hymn 077)~~RJStevensMusicPresentationCreator.frmSelector~0000000138
2024-12-14 22:29:21.2368~DEBUG~-- SetMessage(messageText = Importing Hymns For Worship (Revised)... Hymn 078)~~RJStevensMusicPresentationCreator.frmSelector~0000000139
2024-12-14 22:29:21.2368~DEBUG~-- SetMessage(messageText = Importing Hymns For Worship (Revised)... Hymn 079)~~RJStevensMusicPresentationCreator.frmSelector~0000000140
2024-12-14 22:29:21.2538~DEBUG~-- SetMessage(messageText = Importing Hymns For Worship (Revised)... Hymn 080)~~RJStevensMusicPresentationCreator.frmSelector~0000000141
2024-12-14 22:29:21.2538~DEBUG~-- SetMessage(messageText = Importing Hymns For Worship (Revised)... Hymn 081)~~RJStevensMusicPresentationCreator.frmSelector~0000000142
2024-12-14 22:29:21.2538~DEBUG~-- SetMessage(messageText = Importing Hymns For Worship (Revised)... Hymn 083)~~RJStevensMusicPresentationCreator.frmSelector~0000000143
2024-12-14 22:29:21.2698~DEBUG~-- SetMessage(messageText = Importing Hymns For Worship (Revised)... Hymn 084)~~RJStevensMusicPresentationCreator.frmSelector~0000000144
2024-12-14 22:29:21.2698~DEBUG~-- SetMessage(messageText = Importing Hymns For Worship (Revised)... Hymn 085)~~RJStevensMusicPresentationCreator.frmSelector~0000000145
2024-12-14 22:29:21.2698~DEBUG~-- SetMessage(messageText = Importing Hymns For Worship (Revised)... Hymn 087)~~RJStevensMusicPresentationCreator.frmSelector~0000000146
2024-12-14 22:29:21.2698~DEBUG~-- SetMessage(messageText = Importing Hymns For Worship (Revised)... Hymn 089)~~RJStevensMusicPresentationCreator.frmSelector~0000000147
2024-12-14 22:29:21.2848~DEBUG~-- SetMessage(messageText = Importing Hymns For Worship (Revised)... Hymn 092)~~RJStevensMusicPresentationCreator.frmSelector~0000000148
2024-12-14 22:29:21.2848~DEBUG~-- SetMessage(messageText = Importing Hymns For Worship (Revised)... Hymn 092.15)~~RJStevensMusicPresentationCreator.frmSelector~0000000149
2024-12-14 22:29:21.2848~DEBUG~-- SetMessage(messageText = Importing Hymns For Worship (Revised)... Hymn 094)~~RJStevensMusicPresentationCreator.frmSelector~0000000150
2024-12-14 22:29:21.2998~DEBUG~-- SetMessage(messageText = Importing Hymns For Worship (Revised)... Hymn 095)~~RJStevensMusicPresentationCreator.frmSelector~0000000151
2024-12-14 22:29:21.2998~DEBUG~-- SetMessage(messageText = Importing Hymns For Worship (Revised)... Hymn 097)~~RJStevensMusicPresentationCreator.frmSelector~0000000152
2024-12-14 22:29:21.2998~DEBUG~-- SetMessage(messageText = Importing Hymns For Worship (Revised)... Hymn 098)~~RJStevensMusicPresentationCreator.frmSelector~0000000153
2024-12-14 22:29:21.2998~DEBUG~-- SetMessage(messageText = Importing Hymns For Worship (Revised)... Hymn 099)~~RJStevensMusicPresentationCreator.frmSelector~0000000154
2024-12-14 22:29:21.3158~DEBUG~-- SetMessage(messageText = Importing Hymns For Worship (Revised)... Hymn 100)~~RJStevensMusicPresentationCreator.frmSelector~0000000155
2024-12-14 22:29:21.3158~DEBUG~-- SetMessage(messageText = Importing Hymns For Worship (Revised)... Hymn 101)~~RJStevensMusicPresentationCreator.frmSelector~0000000156
2024-12-14 22:29:21.3158~DEBUG~-- SetMessage(messageText = Importing Hymns For Worship (Revised)... Hymn 105)~~RJStevensMusicPresentationCreator.frmSelector~0000000157
2024-12-14 22:29:21.3158~DEBUG~-- SetMessage(messageText = Importing Hymns For Worship (Revised)... Hymn 107)~~RJStevensMusicPresentationCreator.frmSelector~0000000158
2024-12-14 22:29:21.3328~DEBUG~-- SetMessage(messageText = Importing Hymns For Worship (Revised)... Hymn 108)~~RJStevensMusicPresentationCreator.frmSelector~0000000159
2024-12-14 22:29:21.3328~DEBUG~-- SetMessage(messageText = Importing Hymns For Worship (Revised)... Hymn 109)~~RJStevensMusicPresentationCreator.frmSelector~0000000160
2024-12-14 22:29:21.3328~DEBUG~-- SetMessage(messageText = Importing Hymns For Worship (Revised)... Hymn 110)~~RJStevensMusicPresentationCreator.frmSelector~0000000161
2024-12-14 22:29:21.3458~DEBUG~-- SetMessage(messageText = Importing Hymns For Worship (Revised)... Hymn 112)~~RJStevensMusicPresentationCreator.frmSelector~0000000162
2024-12-14 22:29:21.3458~DEBUG~-- SetMessage(messageText = Importing Hymns For Worship (Revised)... Hymn 114)~~RJStevensMusicPresentationCreator.frmSelector~0000000163
2024-12-14 22:29:21.3458~DEBUG~-- SetMessage(messageText = Importing Hymns For Worship (Revised)... Hymn 115)~~RJStevensMusicPresentationCreator.frmSelector~0000000164
2024-12-14 22:29:21.3598~DEBUG~-- SetMessage(messageText = Importing Hymns For Worship (Revised)... Hymn 116)~~RJStevensMusicPresentationCreator.frmSelector~0000000165
2024-12-14 22:29:21.3598~DEBUG~-- SetMessage(messageText = Importing Hymns For Worship (Revised)... Hymn 117)~~RJStevensMusicPresentationCreator.frmSelector~0000000166
2024-12-14 22:29:21.3598~DEBUG~-- SetMessage(messageText = Importing Hymns For Worship (Revised)... Hymn 118)~~RJStevensMusicPresentationCreator.frmSelector~0000000167
2024-12-14 22:29:21.3598~DEBUG~-- SetMessage(messageText = Importing Hymns For Worship (Revised)... Hymn 119)~~RJStevensMusicPresentationCreator.frmSelector~0000000168
2024-12-14 22:29:21.3798~DEBUG~-- SetMessage(messageText = Importing Hymns For Worship (Revised)... Hymn 120)~~RJStevensMusicPresentationCreator.frmSelector~0000000169
2024-12-14 22:29:21.3798~DEBUG~-- SetMessage(messageText = Importing Hymns For Worship (Revised)... Hymn 121)~~RJStevensMusicPresentationCreator.frmSelector~0000000170
2024-12-14 22:29:21.3798~DEBUG~-- SetMessage(messageText = Importing Hymns For Worship (Revised)... Hymn 122)~~RJStevensMusicPresentationCreator.frmSelector~0000000171
2024-12-14 22:29:21.3798~DEBUG~-- SetMessage(messageText = Importing Hymns For Worship (Revised)... Hymn 123)~~RJStevensMusicPresentationCreator.frmSelector~0000000172
2024-12-14 22:29:21.3948~DEBUG~-- SetMessage(messageText = Importing Hymns For Worship (Revised)... Hymn 124)~~RJStevensMusicPresentationCreator.frmSelector~0000000173
2024-12-14 22:29:21.3948~DEBUG~-- SetMessage(messageText = Importing Hymns For Worship (Revised)... Hymn 125)~~RJStevensMusicPresentationCreator.frmSelector~0000000174
2024-12-14 22:29:21.3948~DEBUG~-- SetMessage(messageText = Importing Hymns For Worship (Revised)... Hymn 126)~~RJStevensMusicPresentationCreator.frmSelector~0000000175
2024-12-14 22:29:21.3948~DEBUG~-- SetMessage(messageText = Importing Hymns For Worship (Revised)... Hymn 127)~~RJStevensMusicPresentationCreator.frmSelector~0000000176
2024-12-14 22:29:21.4098~DEBUG~-- SetMessage(messageText = Importing Hymns For Worship (Revised)... Hymn 128)~~RJStevensMusicPresentationCreator.frmSelector~0000000177
2024-12-14 22:29:21.4098~DEBUG~-- SetMessage(messageText = Importing Hymns For Worship (Revised)... Hymn 129)~~RJStevensMusicPresentationCreator.frmSelector~0000000178
2024-12-14 22:29:21.4098~DEBUG~-- SetMessage(messageText = Importing Hymns For Worship (Revised)... Hymn 130)~~RJStevensMusicPresentationCreator.frmSelector~0000000179
2024-12-14 22:29:21.4248~DEBUG~-- SetMessage(messageText = Importing Hymns For Worship (Revised)... Hymn 131)~~RJStevensMusicPresentationCreator.frmSelector~0000000180
2024-12-14 22:29:21.4248~DEBUG~-- SetMessage(messageText = Importing Hymns For Worship (Revised)... Hymn 132)~~RJStevensMusicPresentationCreator.frmSelector~0000000181
2024-12-14 22:29:21.4248~DEBUG~-- SetMessage(messageText = Importing Hymns For Worship (Revised)... Hymn 133)~~RJStevensMusicPresentationCreator.frmSelector~0000000182
2024-12-14 22:29:21.4248~DEBUG~-- SetMessage(messageText = Importing Hymns For Worship (Revised)... Hymn 134)~~RJStevensMusicPresentationCreator.frmSelector~0000000183
2024-12-14 22:29:21.4388~DEBUG~-- SetMessage(messageText = Importing Hymns For Worship (Revised)... Hymn 135)~~RJStevensMusicPresentationCreator.frmSelector~0000000184
2024-12-14 22:29:21.4388~DEBUG~-- SetMessage(messageText = Importing Hymns For Worship (Revised)... Hymn 136)~~RJStevensMusicPresentationCreator.frmSelector~0000000185
2024-12-14 22:29:21.4388~DEBUG~-- SetMessage(messageText = Importing Hymns For Worship (Revised)... Hymn 137)~~RJStevensMusicPresentationCreator.frmSelector~0000000186
2024-12-14 22:29:21.4388~DEBUG~-- SetMessage(messageText = Importing Hymns For Worship (Revised)... Hymn 138)~~RJStevensMusicPresentationCreator.frmSelector~0000000187
2024-12-14 22:29:21.4388~DEBUG~-- SetMessage(messageText = Importing Hymns For Worship (Revised)... Hymn 139)~~RJStevensMusicPresentationCreator.frmSelector~0000000188
2024-12-14 22:29:21.4558~DEBUG~-- SetMessage(messageText = Importing Hymns For Worship (Revised)... Hymn 141)~~RJStevensMusicPresentationCreator.frmSelector~0000000189
2024-12-14 22:29:21.4558~DEBUG~-- SetMessage(messageText = Importing Hymns For Worship (Revised)... Hymn 142)~~RJStevensMusicPresentationCreator.frmSelector~0000000190
2024-12-14 22:29:21.4558~DEBUG~-- SetMessage(messageText = Importing Hymns For Worship (Revised)... Hymn 143)~~RJStevensMusicPresentationCreator.frmSelector~0000000191
2024-12-14 22:29:21.4767~DEBUG~-- SetMessage(messageText = Importing Hymns For Worship (Revised)... Hymn 144)~~RJStevensMusicPresentationCreator.frmSelector~0000000192
2024-12-14 22:29:21.4767~DEBUG~-- SetMessage(messageText = Importing Hymns For Worship (Revised)... Hymn 146)~~RJStevensMusicPresentationCreator.frmSelector~0000000193
2024-12-14 22:29:21.4857~DEBUG~-- SetMessage(messageText = Importing Hymns For Worship (Revised)... Hymn 147)~~RJStevensMusicPresentationCreator.frmSelector~0000000194
2024-12-14 22:29:21.4857~DEBUG~-- SetMessage(messageText = Importing Hymns For Worship (Revised)... Hymn 148)~~RJStevensMusicPresentationCreator.frmSelector~0000000195
2024-12-14 22:29:21.4857~DEBUG~-- SetMessage(messageText = Importing Hymns For Worship (Revised)... Hymn 149)~~RJStevensMusicPresentationCreator.frmSelector~0000000196
2024-12-14 22:29:21.4857~DEBUG~-- SetMessage(messageText = Importing Hymns For Worship (Revised)... Hymn 150)~~RJStevensMusicPresentationCreator.frmSelector~0000000197
2024-12-14 22:29:21.5007~DEBUG~-- SetMessage(messageText = Importing Hymns For Worship (Revised)... Hymn 151)~~RJStevensMusicPresentationCreator.frmSelector~0000000198
2024-12-14 22:29:21.5007~DEBUG~-- SetMessage(messageText = Importing Hymns For Worship (Revised)... Hymn 152)~~RJStevensMusicPresentationCreator.frmSelector~0000000199
2024-12-14 22:29:21.5007~DEBUG~-- SetMessage(messageText = Importing Hymns For Worship (Revised)... Hymn 154)~~RJStevensMusicPresentationCreator.frmSelector~0000000200
2024-12-14 22:29:21.5007~DEBUG~-- SetMessage(messageText = Importing Hymns For Worship (Revised)... Hymn 155)~~RJStevensMusicPresentationCreator.frmSelector~0000000201
2024-12-14 22:29:21.5197~DEBUG~-- SetMessage(messageText = Importing Hymns For Worship (Revised)... Hymn 156)~~RJStevensMusicPresentationCreator.frmSelector~0000000202
2024-12-14 22:29:21.5197~DEBUG~-- SetMessage(messageText = Importing Hymns For Worship (Revised)... Hymn 157)~~RJStevensMusicPresentationCreator.frmSelector~0000000203
2024-12-14 22:29:21.5197~DEBUG~-- SetMessage(messageText = Importing Hymns For Worship (Revised)... Hymn 158)~~RJStevensMusicPresentationCreator.frmSelector~0000000204
2024-12-14 22:29:21.5317~DEBUG~-- SetMessage(messageText = Importing Hymns For Worship (Revised)... Hymn 159)~~RJStevensMusicPresentationCreator.frmSelector~0000000205
2024-12-14 22:29:21.5317~DEBUG~-- SetMessage(messageText = Importing Hymns For Worship (Revised)... Hymn 160)~~RJStevensMusicPresentationCreator.frmSelector~0000000206
2024-12-14 22:29:21.5317~DEBUG~-- SetMessage(messageText = Importing Hymns For Worship (Revised)... Hymn 161)~~RJStevensMusicPresentationCreator.frmSelector~0000000207
2024-12-14 22:29:21.5317~DEBUG~-- SetMessage(messageText = Importing Hymns For Worship (Revised)... Hymn 162)~~RJStevensMusicPresentationCreator.frmSelector~0000000208
2024-12-14 22:29:21.5507~DEBUG~-- SetMessage(messageText = Importing Hymns For Worship (Revised)... Hymn 163)~~RJStevensMusicPresentationCreator.frmSelector~0000000209
2024-12-14 22:29:21.5507~DEBUG~-- SetMessage(messageText = Importing Hymns For Worship (Revised)... Hymn 164)~~RJStevensMusicPresentationCreator.frmSelector~0000000210
2024-12-14 22:29:21.5507~DEBUG~-- SetMessage(messageText = Importing Hymns For Worship (Revised)... Hymn 166)~~RJStevensMusicPresentationCreator.frmSelector~0000000211
2024-12-14 22:29:21.5507~DEBUG~-- SetMessage(messageText = Importing Hymns For Worship (Revised)... Hymn 167)~~RJStevensMusicPresentationCreator.frmSelector~0000000212
2024-12-14 22:29:21.5667~DEBUG~-- SetMessage(messageText = Importing Hymns For Worship (Revised)... Hymn 168)~~RJStevensMusicPresentationCreator.frmSelector~0000000213
2024-12-14 22:29:21.5667~DEBUG~-- SetMessage(messageText = Importing Hymns For Worship (Revised)... Hymn 169)~~RJStevensMusicPresentationCreator.frmSelector~0000000214
2024-12-14 22:29:21.5667~DEBUG~-- SetMessage(messageText = Importing Hymns For Worship (Revised)... Hymn 170)~~RJStevensMusicPresentationCreator.frmSelector~0000000215
2024-12-14 22:29:21.5827~DEBUG~-- SetMessage(messageText = Importing Hymns For Worship (Revised)... Hymn 171)~~RJStevensMusicPresentationCreator.frmSelector~0000000216
2024-12-14 22:29:21.5827~DEBUG~-- SetMessage(messageText = Importing Hymns For Worship (Revised)... Hymn 174)~~RJStevensMusicPresentationCreator.frmSelector~0000000217
2024-12-14 22:29:21.5827~DEBUG~-- SetMessage(messageText = Importing Hymns For Worship (Revised)... Hymn 178)~~RJStevensMusicPresentationCreator.frmSelector~0000000218
2024-12-14 22:29:21.5827~DEBUG~-- SetMessage(messageText = Importing Hymns For Worship (Revised)... Hymn 179)~~RJStevensMusicPresentationCreator.frmSelector~0000000219
2024-12-14 22:29:21.5967~DEBUG~-- SetMessage(messageText = Importing Hymns For Worship (Revised)... Hymn 180)~~RJStevensMusicPresentationCreator.frmSelector~0000000220
2024-12-14 22:29:21.5967~DEBUG~-- SetMessage(messageText = Importing Hymns For Worship (Revised)... Hymn 181)~~RJStevensMusicPresentationCreator.frmSelector~0000000221
2024-12-14 22:29:21.5967~DEBUG~-- SetMessage(messageText = Importing Hymns For Worship (Revised)... Hymn 183)~~RJStevensMusicPresentationCreator.frmSelector~0000000222
2024-12-14 22:29:21.5967~DEBUG~-- SetMessage(messageText = Importing Hymns For Worship (Revised)... Hymn 186)~~RJStevensMusicPresentationCreator.frmSelector~0000000223
2024-12-14 22:29:21.6127~DEBUG~-- SetMessage(messageText = Importing Hymns For Worship (Revised)... Hymn 188)~~RJStevensMusicPresentationCreator.frmSelector~0000000224
2024-12-14 22:29:21.6127~DEBUG~-- SetMessage(messageText = Importing Hymns For Worship (Revised)... Hymn 189)~~RJStevensMusicPresentationCreator.frmSelector~0000000225
2024-12-14 22:29:21.6127~DEBUG~-- SetMessage(messageText = Importing Hymns For Worship (Revised)... Hymn 190)~~RJStevensMusicPresentationCreator.frmSelector~0000000226
2024-12-14 22:29:21.6267~DEBUG~-- SetMessage(messageText = Importing Hymns For Worship (Revised)... Hymn 191)~~RJStevensMusicPresentationCreator.frmSelector~0000000227
2024-12-14 22:29:21.6267~DEBUG~-- SetMessage(messageText = Importing Hymns For Worship (Revised)... Hymn 193)~~RJStevensMusicPresentationCreator.frmSelector~0000000228
2024-12-14 22:29:21.6267~DEBUG~-- SetMessage(messageText = Importing Hymns For Worship (Revised)... Hymn 194)~~RJStevensMusicPresentationCreator.frmSelector~0000000229
2024-12-14 22:29:21.6267~DEBUG~-- SetMessage(messageText = Importing Hymns For Worship (Revised)... Hymn 196)~~RJStevensMusicPresentationCreator.frmSelector~0000000230
2024-12-14 22:29:21.6417~DEBUG~-- SetMessage(messageText = Importing Hymns For Worship (Revised)... Hymn 197)~~RJStevensMusicPresentationCreator.frmSelector~0000000231
2024-12-14 22:29:21.6417~DEBUG~-- SetMessage(messageText = Importing Hymns For Worship (Revised)... Hymn 200)~~RJStevensMusicPresentationCreator.frmSelector~0000000232
2024-12-14 22:29:21.6417~DEBUG~-- SetMessage(messageText = Importing Hymns For Worship (Revised)... Hymn 201)~~RJStevensMusicPresentationCreator.frmSelector~0000000233
2024-12-14 22:29:21.6417~DEBUG~-- SetMessage(messageText = Importing Hymns For Worship (Revised)... Hymn 202)~~RJStevensMusicPresentationCreator.frmSelector~0000000234
2024-12-14 22:29:21.6587~DEBUG~-- SetMessage(messageText = Importing Hymns For Worship (Revised)... Hymn 203)~~RJStevensMusicPresentationCreator.frmSelector~0000000235
2024-12-14 22:29:21.6587~DEBUG~-- SetMessage(messageText = Importing Hymns For Worship (Revised)... Hymn 204)~~RJStevensMusicPresentationCreator.frmSelector~0000000236
2024-12-14 22:29:21.6587~DEBUG~-- SetMessage(messageText = Importing Hymns For Worship (Revised)... Hymn 205)~~RJStevensMusicPresentationCreator.frmSelector~0000000237
2024-12-14 22:29:21.6727~DEBUG~-- SetMessage(messageText = Importing Hymns For Worship (Revised)... Hymn 206)~~RJStevensMusicPresentationCreator.frmSelector~0000000238
2024-12-14 22:29:21.6727~DEBUG~-- SetMessage(messageText = Importing Hymns For Worship (Revised)... Hymn 207)~~RJStevensMusicPresentationCreator.frmSelector~0000000239
2024-12-14 22:29:21.6727~DEBUG~-- SetMessage(messageText = Importing Hymns For Worship (Revised)... Hymn 208)~~RJStevensMusicPresentationCreator.frmSelector~0000000240
2024-12-14 22:29:21.6727~DEBUG~-- SetMessage(messageText = Importing Hymns For Worship (Revised)... Hymn 209)~~RJStevensMusicPresentationCreator.frmSelector~0000000241
2024-12-14 22:29:21.6727~DEBUG~-- SetMessage(messageText = Importing Hymns For Worship (Revised)... Hymn 210)~~RJStevensMusicPresentationCreator.frmSelector~0000000242
2024-12-14 22:29:21.6907~DEBUG~-- SetMessage(messageText = Importing Hymns For Worship (Revised)... Hymn 211)~~RJStevensMusicPresentationCreator.frmSelector~0000000243
2024-12-14 22:29:21.6907~DEBUG~-- SetMessage(messageText = Importing Hymns For Worship (Revised)... Hymn 212)~~RJStevensMusicPresentationCreator.frmSelector~0000000244
2024-12-14 22:29:21.6907~DEBUG~-- SetMessage(messageText = Importing Hymns For Worship (Revised)... Hymn 213)~~RJStevensMusicPresentationCreator.frmSelector~0000000245
2024-12-14 22:29:21.7057~DEBUG~-- SetMessage(messageText = Importing Hymns For Worship (Revised)... Hymn 216)~~RJStevensMusicPresentationCreator.frmSelector~0000000246
2024-12-14 22:29:21.7057~DEBUG~-- SetMessage(messageText = Importing Hymns For Worship (Revised)... Hymn 218)~~RJStevensMusicPresentationCreator.frmSelector~0000000247
2024-12-14 22:29:21.7057~DEBUG~-- SetMessage(messageText = Importing Hymns For Worship (Revised)... Hymn 219)~~RJStevensMusicPresentationCreator.frmSelector~0000000248
2024-12-14 22:29:21.7207~DEBUG~-- SetMessage(messageText = Importing Hymns For Worship (Revised)... Hymn 220)~~RJStevensMusicPresentationCreator.frmSelector~0000000249
2024-12-14 22:29:21.7207~DEBUG~-- SetMessage(messageText = Importing Hymns For Worship (Revised)... Hymn 221)~~RJStevensMusicPresentationCreator.frmSelector~0000000250
2024-12-14 22:29:21.7207~DEBUG~-- SetMessage(messageText = Importing Hymns For Worship (Revised)... Hymn 222)~~RJStevensMusicPresentationCreator.frmSelector~0000000251
2024-12-14 22:29:21.7207~DEBUG~-- SetMessage(messageText = Importing Hymns For Worship (Revised)... Hymn 223)~~RJStevensMusicPresentationCreator.frmSelector~0000000252
2024-12-14 22:29:21.7347~DEBUG~-- SetMessage(messageText = Importing Hymns For Worship (Revised)... Hymn 225)~~RJStevensMusicPresentationCreator.frmSelector~0000000253
2024-12-14 22:29:21.7347~DEBUG~-- SetMessage(messageText = Importing Hymns For Worship (Revised)... Hymn 226)~~RJStevensMusicPresentationCreator.frmSelector~0000000254
2024-12-14 22:29:21.7347~DEBUG~-- SetMessage(messageText = Importing Hymns For Worship (Revised)... Hymn 227)~~RJStevensMusicPresentationCreator.frmSelector~0000000255
2024-12-14 22:29:21.7347~DEBUG~-- SetMessage(messageText = Importing Hymns For Worship (Revised)... Hymn 228)~~RJStevensMusicPresentationCreator.frmSelector~0000000256
2024-12-14 22:29:21.7537~DEBUG~-- SetMessage(messageText = Importing Hymns For Worship (Revised)... Hymn 229)~~RJStevensMusicPresentationCreator.frmSelector~0000000257
2024-12-14 22:29:21.7537~DEBUG~-- SetMessage(messageText = Importing Hymns For Worship (Revised)... Hymn 231)~~RJStevensMusicPresentationCreator.frmSelector~0000000258
2024-12-14 22:29:21.7537~DEBUG~-- SetMessage(messageText = Importing Hymns For Worship (Revised)... Hymn 234)~~RJStevensMusicPresentationCreator.frmSelector~0000000259
2024-12-14 22:29:21.7537~DEBUG~-- SetMessage(messageText = Importing Hymns For Worship (Revised)... Hymn 236)~~RJStevensMusicPresentationCreator.frmSelector~0000000260
2024-12-14 22:29:21.7687~DEBUG~-- SetMessage(messageText = Importing Hymns For Worship (Revised)... Hymn 237)~~RJStevensMusicPresentationCreator.frmSelector~0000000261
2024-12-14 22:29:21.7687~DEBUG~-- SetMessage(messageText = Importing Hymns For Worship (Revised)... Hymn 239)~~RJStevensMusicPresentationCreator.frmSelector~0000000262
2024-12-14 22:29:21.7687~DEBUG~-- SetMessage(messageText = Importing Hymns For Worship (Revised)... Hymn 241)~~RJStevensMusicPresentationCreator.frmSelector~0000000263
2024-12-14 22:29:21.7687~DEBUG~-- SetMessage(messageText = Importing Hymns For Worship (Revised)... Hymn 242)~~RJStevensMusicPresentationCreator.frmSelector~0000000264
2024-12-14 22:29:21.7817~DEBUG~-- SetMessage(messageText = Importing Hymns For Worship (Revised)... Hymn 246)~~RJStevensMusicPresentationCreator.frmSelector~0000000265
2024-12-14 22:29:21.7817~DEBUG~-- SetMessage(messageText = Importing Hymns For Worship (Revised)... Hymn 247)~~RJStevensMusicPresentationCreator.frmSelector~0000000266
2024-12-14 22:29:21.7817~DEBUG~-- SetMessage(messageText = Importing Hymns For Worship (Revised)... Hymn 248)~~RJStevensMusicPresentationCreator.frmSelector~0000000267
2024-12-14 22:29:21.7817~DEBUG~-- SetMessage(messageText = Importing Hymns For Worship (Revised)... Hymn 250)~~RJStevensMusicPresentationCreator.frmSelector~0000000268
2024-12-14 22:29:21.7817~DEBUG~-- SetMessage(messageText = Importing Hymns For Worship (Revised)... Hymn 254)~~RJStevensMusicPresentationCreator.frmSelector~0000000269
2024-12-14 22:29:21.8027~DEBUG~-- SetMessage(messageText = Importing Hymns For Worship (Revised)... Hymn 255)~~RJStevensMusicPresentationCreator.frmSelector~0000000270
2024-12-14 22:29:21.8027~DEBUG~-- SetMessage(messageText = Importing Hymns For Worship (Revised)... Hymn 257)~~RJStevensMusicPresentationCreator.frmSelector~0000000271
2024-12-14 22:29:21.8027~DEBUG~-- SetMessage(messageText = Importing Hymns For Worship (Revised)... Hymn 258)~~RJStevensMusicPresentationCreator.frmSelector~0000000272
2024-12-14 22:29:21.8027~DEBUG~-- SetMessage(messageText = Importing Hymns For Worship (Revised)... Hymn 259)~~RJStevensMusicPresentationCreator.frmSelector~0000000273
2024-12-14 22:29:21.8167~DEBUG~-- SetMessage(messageText = Importing Hymns For Worship (Revised)... Hymn 260)~~RJStevensMusicPresentationCreator.frmSelector~0000000274
2024-12-14 22:29:21.8167~DEBUG~-- SetMessage(messageText = Importing Hymns For Worship (Revised)... Hymn 261)~~RJStevensMusicPresentationCreator.frmSelector~0000000275
2024-12-14 22:29:21.8167~DEBUG~-- SetMessage(messageText = Importing Hymns For Worship (Revised)... Hymn 263)~~RJStevensMusicPresentationCreator.frmSelector~0000000276
2024-12-14 22:29:21.8167~DEBUG~-- SetMessage(messageText = Importing Hymns For Worship (Revised)... Hymn 264)~~RJStevensMusicPresentationCreator.frmSelector~0000000277
2024-12-14 22:29:21.8337~DEBUG~-- SetMessage(messageText = Importing Hymns For Worship (Revised)... Hymn 265)~~RJStevensMusicPresentationCreator.frmSelector~0000000278
2024-12-14 22:29:21.8337~DEBUG~-- SetMessage(messageText = Importing Hymns For Worship (Revised)... Hymn 267)~~RJStevensMusicPresentationCreator.frmSelector~0000000279
2024-12-14 22:29:21.8337~DEBUG~-- SetMessage(messageText = Importing Hymns For Worship (Revised)... Hymn 268)~~RJStevensMusicPresentationCreator.frmSelector~0000000280
2024-12-14 22:29:21.8527~DEBUG~-- SetMessage(messageText = Importing Hymns For Worship (Revised)... Hymn 269)~~RJStevensMusicPresentationCreator.frmSelector~0000000281
2024-12-14 22:29:21.8527~DEBUG~-- SetMessage(messageText = Importing Hymns For Worship (Revised)... Hymn 269.16)~~RJStevensMusicPresentationCreator.frmSelector~0000000282
2024-12-14 22:29:21.8597~DEBUG~-- SetMessage(messageText = Importing Hymns For Worship (Revised)... Hymn 269.22)~~RJStevensMusicPresentationCreator.frmSelector~0000000283
2024-12-14 22:29:21.8597~DEBUG~-- SetMessage(messageText = Importing Hymns For Worship (Revised)... Hymn 270)~~RJStevensMusicPresentationCreator.frmSelector~0000000284
2024-12-14 22:29:21.8597~DEBUG~-- SetMessage(messageText = Importing Hymns For Worship (Revised)... Hymn 271)~~RJStevensMusicPresentationCreator.frmSelector~0000000285
2024-12-14 22:29:21.8597~DEBUG~-- SetMessage(messageText = Importing Hymns For Worship (Revised)... Hymn 272)~~RJStevensMusicPresentationCreator.frmSelector~0000000286
2024-12-14 22:29:21.8777~DEBUG~-- SetMessage(messageText = Importing Hymns For Worship (Revised)... Hymn 273)~~RJStevensMusicPresentationCreator.frmSelector~0000000287
2024-12-14 22:29:21.8777~DEBUG~-- SetMessage(messageText = Importing Hymns For Worship (Revised)... Hymn 274)~~RJStevensMusicPresentationCreator.frmSelector~0000000288
2024-12-14 22:29:21.8777~DEBUG~-- SetMessage(messageText = Importing Hymns For Worship (Revised)... Hymn 275)~~RJStevensMusicPresentationCreator.frmSelector~0000000289
2024-12-14 22:29:21.8777~DEBUG~-- SetMessage(messageText = Importing Hymns For Worship (Revised)... Hymn 276)~~RJStevensMusicPresentationCreator.frmSelector~0000000290
2024-12-14 22:29:21.8937~DEBUG~-- SetMessage(messageText = Importing Hymns For Worship (Revised)... Hymn 277)~~RJStevensMusicPresentationCreator.frmSelector~0000000291
2024-12-14 22:29:21.8937~DEBUG~-- SetMessage(messageText = Importing Hymns For Worship (Revised)... Hymn 278)~~RJStevensMusicPresentationCreator.frmSelector~0000000292
2024-12-14 22:29:21.8937~DEBUG~-- SetMessage(messageText = Importing Hymns For Worship (Revised)... Hymn 279)~~RJStevensMusicPresentationCreator.frmSelector~0000000293
2024-12-14 22:29:21.8937~DEBUG~-- SetMessage(messageText = Importing Hymns For Worship (Revised)... Hymn 282)~~RJStevensMusicPresentationCreator.frmSelector~0000000294
2024-12-14 22:29:21.9077~DEBUG~-- SetMessage(messageText = Importing Hymns For Worship (Revised)... Hymn 283)~~RJStevensMusicPresentationCreator.frmSelector~0000000295
2024-12-14 22:29:21.9077~DEBUG~-- SetMessage(messageText = Importing Hymns For Worship (Revised)... Hymn 284)~~RJStevensMusicPresentationCreator.frmSelector~0000000296
2024-12-14 22:29:21.9077~DEBUG~-- SetMessage(messageText = Importing Hymns For Worship (Revised)... Hymn 286)~~RJStevensMusicPresentationCreator.frmSelector~0000000297
2024-12-14 22:29:21.9077~DEBUG~-- SetMessage(messageText = Importing Hymns For Worship (Revised)... Hymn 287)~~RJStevensMusicPresentationCreator.frmSelector~0000000298
2024-12-14 22:29:21.9238~DEBUG~-- SetMessage(messageText = Importing Hymns For Worship (Revised)... Hymn 288)~~RJStevensMusicPresentationCreator.frmSelector~0000000299
2024-12-14 22:29:21.9238~DEBUG~-- SetMessage(messageText = Importing Hymns For Worship (Revised)... Hymn 289)~~RJStevensMusicPresentationCreator.frmSelector~0000000300
2024-12-14 22:29:21.9238~DEBUG~-- SetMessage(messageText = Importing Hymns For Worship (Revised)... Hymn 290)~~RJStevensMusicPresentationCreator.frmSelector~0000000301
2024-12-14 22:29:21.9238~DEBUG~-- SetMessage(messageText = Importing Hymns For Worship (Revised)... Hymn 292)~~RJStevensMusicPresentationCreator.frmSelector~0000000302
2024-12-14 22:29:21.9387~DEBUG~-- SetMessage(messageText = Importing Hymns For Worship (Revised)... Hymn 293)~~RJStevensMusicPresentationCreator.frmSelector~0000000303
2024-12-14 22:29:21.9387~DEBUG~-- SetMessage(messageText = Importing Hymns For Worship (Revised)... Hymn 294)~~RJStevensMusicPresentationCreator.frmSelector~0000000304
2024-12-14 22:29:21.9387~DEBUG~-- SetMessage(messageText = Importing Hymns For Worship (Revised)... Hymn 295)~~RJStevensMusicPresentationCreator.frmSelector~0000000305
2024-12-14 22:29:21.9387~DEBUG~-- SetMessage(messageText = Importing Hymns For Worship (Revised)... Hymn 296)~~RJStevensMusicPresentationCreator.frmSelector~0000000306
2024-12-14 22:29:21.9387~DEBUG~-- SetMessage(messageText = Importing Hymns For Worship (Revised)... Hymn 297)~~RJStevensMusicPresentationCreator.frmSelector~0000000307
2024-12-14 22:29:21.9558~DEBUG~-- SetMessage(messageText = Importing Hymns For Worship (Revised)... Hymn 298)~~RJStevensMusicPresentationCreator.frmSelector~0000000308
2024-12-14 22:29:21.9558~DEBUG~-- SetMessage(messageText = Importing Hymns For Worship (Revised)... Hymn 300)~~RJStevensMusicPresentationCreator.frmSelector~0000000309
2024-12-14 22:29:21.9558~DEBUG~-- SetMessage(messageText = Importing Hymns For Worship (Revised)... Hymn 301)~~RJStevensMusicPresentationCreator.frmSelector~0000000310
2024-12-14 22:29:21.9558~DEBUG~-- SetMessage(messageText = Importing Hymns For Worship (Revised)... Hymn 302)~~RJStevensMusicPresentationCreator.frmSelector~0000000311
2024-12-14 22:29:21.9758~DEBUG~-- SetMessage(messageText = Importing Hymns For Worship (Revised)... Hymn 303)~~RJStevensMusicPresentationCreator.frmSelector~0000000312
2024-12-14 22:29:21.9758~DEBUG~-- SetMessage(messageText = Importing Hymns For Worship (Revised)... Hymn 304)~~RJStevensMusicPresentationCreator.frmSelector~0000000313
2024-12-14 22:29:21.9758~DEBUG~-- SetMessage(messageText = Importing Hymns For Worship (Revised)... Hymn 305)~~RJStevensMusicPresentationCreator.frmSelector~0000000314
2024-12-14 22:29:21.9878~DEBUG~-- SetMessage(messageText = Importing Hymns For Worship (Revised)... Hymn 306)~~RJStevensMusicPresentationCreator.frmSelector~0000000315
2024-12-14 22:29:21.9878~DEBUG~-- SetMessage(messageText = Importing Hymns For Worship (Revised)... Hymn 307)~~RJStevensMusicPresentationCreator.frmSelector~0000000316
2024-12-14 22:29:21.9878~DEBUG~-- SetMessage(messageText = Importing Hymns For Worship (Revised)... Hymn 309)~~RJStevensMusicPresentationCreator.frmSelector~0000000317
2024-12-14 22:29:21.9878~DEBUG~-- SetMessage(messageText = Importing Hymns For Worship (Revised)... Hymn 310)~~RJStevensMusicPresentationCreator.frmSelector~0000000318
2024-12-14 22:29:22.0018~DEBUG~-- SetMessage(messageText = Importing Hymns For Worship (Revised)... Hymn 311)~~RJStevensMusicPresentationCreator.frmSelector~0000000319
2024-12-14 22:29:22.0018~DEBUG~-- SetMessage(messageText = Importing Hymns For Worship (Revised)... Hymn 312)~~RJStevensMusicPresentationCreator.frmSelector~0000000320
2024-12-14 22:29:22.0018~DEBUG~-- SetMessage(messageText = Importing Hymns For Worship (Revised)... Hymn 313)~~RJStevensMusicPresentationCreator.frmSelector~0000000321
2024-12-14 22:29:22.0198~DEBUG~-- SetMessage(messageText = Importing Hymns For Worship (Revised)... Hymn 314)~~RJStevensMusicPresentationCreator.frmSelector~0000000322
2024-12-14 22:29:22.0198~DEBUG~-- SetMessage(messageText = Importing Hymns For Worship (Revised)... Hymn 315)~~RJStevensMusicPresentationCreator.frmSelector~0000000323
2024-12-14 22:29:22.0198~DEBUG~-- SetMessage(messageText = Importing Hymns For Worship (Revised)... Hymn 316)~~RJStevensMusicPresentationCreator.frmSelector~0000000324
2024-12-14 22:29:22.0318~DEBUG~-- SetMessage(messageText = Importing Hymns For Worship (Revised)... Hymn 317)~~RJStevensMusicPresentationCreator.frmSelector~0000000325
2024-12-14 22:29:22.0318~DEBUG~-- SetMessage(messageText = Importing Hymns For Worship (Revised)... Hymn 319)~~RJStevensMusicPresentationCreator.frmSelector~0000000326
2024-12-14 22:29:22.0318~DEBUG~-- SetMessage(messageText = Importing Hymns For Worship (Revised)... Hymn 320)~~RJStevensMusicPresentationCreator.frmSelector~0000000327
2024-12-14 22:29:22.0318~DEBUG~-- SetMessage(messageText = Importing Hymns For Worship (Revised)... Hymn 321)~~RJStevensMusicPresentationCreator.frmSelector~0000000328
2024-12-14 22:29:22.0478~DEBUG~-- SetMessage(messageText = Importing Hymns For Worship (Revised)... Hymn 323)~~RJStevensMusicPresentationCreator.frmSelector~0000000329
2024-12-14 22:29:22.0478~DEBUG~-- SetMessage(messageText = Importing Hymns For Worship (Revised)... Hymn 324)~~RJStevensMusicPresentationCreator.frmSelector~0000000330
2024-12-14 22:29:22.0478~DEBUG~-- SetMessage(messageText = Importing Hymns For Worship (Revised)... Hymn 325)~~RJStevensMusicPresentationCreator.frmSelector~0000000331
2024-12-14 22:29:22.0478~DEBUG~-- SetMessage(messageText = Importing Hymns For Worship (Revised)... Hymn 326)~~RJStevensMusicPresentationCreator.frmSelector~0000000332
2024-12-14 22:29:22.0478~DEBUG~-- SetMessage(messageText = Importing Hymns For Worship (Revised)... Hymn 327)~~RJStevensMusicPresentationCreator.frmSelector~0000000333
2024-12-14 22:29:22.0678~DEBUG~-- SetMessage(messageText = Importing Hymns For Worship (Revised)... Hymn 329)~~RJStevensMusicPresentationCreator.frmSelector~0000000334
2024-12-14 22:29:22.0678~DEBUG~-- SetMessage(messageText = Importing Hymns For Worship (Revised)... Hymn 330)~~RJStevensMusicPresentationCreator.frmSelector~0000000335
2024-12-14 22:29:22.0678~DEBUG~-- SetMessage(messageText = Importing Hymns For Worship (Revised)... Hymn 332)~~RJStevensMusicPresentationCreator.frmSelector~0000000336
2024-12-14 22:29:22.0838~DEBUG~-- SetMessage(messageText = Importing Hymns For Worship (Revised)... Hymn 333)~~RJStevensMusicPresentationCreator.frmSelector~0000000337
2024-12-14 22:29:22.0838~DEBUG~-- SetMessage(messageText = Importing Hymns For Worship (Revised)... Hymn 334)~~RJStevensMusicPresentationCreator.frmSelector~0000000338
2024-12-14 22:29:22.0838~DEBUG~-- SetMessage(messageText = Importing Hymns For Worship (Revised)... Hymn 335)~~RJStevensMusicPresentationCreator.frmSelector~0000000339
2024-12-14 22:29:22.0958~DEBUG~-- SetMessage(messageText = Importing Hymns For Worship (Revised)... Hymn 336)~~RJStevensMusicPresentationCreator.frmSelector~0000000340
2024-12-14 22:29:22.0958~DEBUG~-- SetMessage(messageText = Importing Hymns For Worship (Revised)... Hymn 337)~~RJStevensMusicPresentationCreator.frmSelector~0000000341
2024-12-14 22:29:22.0958~DEBUG~-- SetMessage(messageText = Importing Hymns For Worship (Revised)... Hymn 338)~~RJStevensMusicPresentationCreator.frmSelector~0000000342
2024-12-14 22:29:22.0958~DEBUG~-- SetMessage(messageText = Importing Hymns For Worship (Revised)... Hymn 339)~~RJStevensMusicPresentationCreator.frmSelector~0000000343
2024-12-14 22:29:22.1098~DEBUG~-- SetMessage(messageText = Importing Hymns For Worship (Revised)... Hymn 340)~~RJStevensMusicPresentationCreator.frmSelector~0000000344
2024-12-14 22:29:22.1098~DEBUG~-- SetMessage(messageText = Importing Hymns For Worship (Revised)... Hymn 341)~~RJStevensMusicPresentationCreator.frmSelector~0000000345
2024-12-14 22:29:22.1098~DEBUG~-- SetMessage(messageText = Importing Hymns For Worship (Revised)... Hymn 343)~~RJStevensMusicPresentationCreator.frmSelector~0000000346
2024-12-14 22:29:22.1098~DEBUG~-- SetMessage(messageText = Importing Hymns For Worship (Revised)... Hymn 344)~~RJStevensMusicPresentationCreator.frmSelector~0000000347
2024-12-14 22:29:22.1268~DEBUG~-- SetMessage(messageText = Importing Hymns For Worship (Revised)... Hymn 347)~~RJStevensMusicPresentationCreator.frmSelector~0000000348
2024-12-14 22:29:22.1268~DEBUG~-- SetMessage(messageText = Importing Hymns For Worship (Revised)... Hymn 348)~~RJStevensMusicPresentationCreator.frmSelector~0000000349
2024-12-14 22:29:22.1268~DEBUG~-- SetMessage(messageText = Importing Hymns For Worship (Revised)... Hymn 350)~~RJStevensMusicPresentationCreator.frmSelector~0000000350
2024-12-14 22:29:22.1268~DEBUG~-- SetMessage(messageText = Importing Hymns For Worship (Revised)... Hymn 351)~~RJStevensMusicPresentationCreator.frmSelector~0000000351
2024-12-14 22:29:22.1418~DEBUG~-- SetMessage(messageText = Importing Hymns For Worship (Revised)... Hymn 352)~~RJStevensMusicPresentationCreator.frmSelector~0000000352
2024-12-14 22:29:22.1418~DEBUG~-- SetMessage(messageText = Importing Hymns For Worship (Revised)... Hymn 354)~~RJStevensMusicPresentationCreator.frmSelector~0000000353
2024-12-14 22:29:22.1418~DEBUG~-- SetMessage(messageText = Importing Hymns For Worship (Revised)... Hymn 355)~~RJStevensMusicPresentationCreator.frmSelector~0000000354
2024-12-14 22:29:22.1418~DEBUG~-- SetMessage(messageText = Importing Hymns For Worship (Revised)... Hymn 356)~~RJStevensMusicPresentationCreator.frmSelector~0000000355
2024-12-14 22:29:22.1618~DEBUG~-- SetMessage(messageText = Importing Hymns For Worship (Revised)... Hymn 357)~~RJStevensMusicPresentationCreator.frmSelector~0000000356
2024-12-14 22:29:22.1618~DEBUG~-- SetMessage(messageText = Importing Hymns For Worship (Revised)... Hymn 358)~~RJStevensMusicPresentationCreator.frmSelector~0000000357
2024-12-14 22:29:22.1618~DEBUG~-- SetMessage(messageText = Importing Hymns For Worship (Revised)... Hymn 360)~~RJStevensMusicPresentationCreator.frmSelector~0000000358
2024-12-14 22:29:22.1738~DEBUG~-- SetMessage(messageText = Importing Hymns For Worship (Revised)... Hymn 360.16)~~RJStevensMusicPresentationCreator.frmSelector~0000000359
2024-12-14 22:29:22.1738~DEBUG~-- SetMessage(messageText = Importing Hymns For Worship (Revised)... Hymn 362)~~RJStevensMusicPresentationCreator.frmSelector~0000000360
2024-12-14 22:29:22.1738~DEBUG~-- SetMessage(messageText = Importing Hymns For Worship (Revised)... Hymn 363)~~RJStevensMusicPresentationCreator.frmSelector~0000000361
2024-12-14 22:29:22.1738~DEBUG~-- SetMessage(messageText = Importing Hymns For Worship (Revised)... Hymn 364)~~RJStevensMusicPresentationCreator.frmSelector~0000000362
2024-12-14 22:29:22.1888~DEBUG~-- SetMessage(messageText = Importing Hymns For Worship (Revised)... Hymn 365)~~RJStevensMusicPresentationCreator.frmSelector~0000000363
2024-12-14 22:29:22.1888~DEBUG~-- SetMessage(messageText = Importing Hymns For Worship (Revised)... Hymn 366)~~RJStevensMusicPresentationCreator.frmSelector~0000000364
2024-12-14 22:29:22.1888~DEBUG~-- SetMessage(messageText = Importing Hymns For Worship (Revised)... Hymn 367)~~RJStevensMusicPresentationCreator.frmSelector~0000000365
2024-12-14 22:29:22.1888~DEBUG~-- SetMessage(messageText = Importing Hymns For Worship (Revised)... Hymn 368)~~RJStevensMusicPresentationCreator.frmSelector~0000000366
2024-12-14 22:29:22.2048~DEBUG~-- SetMessage(messageText = Importing Hymns For Worship (Revised)... Hymn 371)~~RJStevensMusicPresentationCreator.frmSelector~0000000367
2024-12-14 22:29:22.2048~DEBUG~-- SetMessage(messageText = Importing Hymns For Worship (Revised)... Hymn 373)~~RJStevensMusicPresentationCreator.frmSelector~0000000368
2024-12-14 22:29:22.2048~DEBUG~-- SetMessage(messageText = Importing Hymns For Worship (Revised)... Hymn 374)~~RJStevensMusicPresentationCreator.frmSelector~0000000369
2024-12-14 22:29:22.2048~DEBUG~-- SetMessage(messageText = Importing Hymns For Worship (Revised)... Hymn 375)~~RJStevensMusicPresentationCreator.frmSelector~0000000370
2024-12-14 22:29:22.2198~DEBUG~-- SetMessage(messageText = Importing Hymns For Worship (Revised)... Hymn 376)~~RJStevensMusicPresentationCreator.frmSelector~0000000371
2024-12-14 22:29:22.2198~DEBUG~-- SetMessage(messageText = Importing Hymns For Worship (Revised)... Hymn 378)~~RJStevensMusicPresentationCreator.frmSelector~0000000372
2024-12-14 22:29:22.2198~DEBUG~-- SetMessage(messageText = Importing Hymns For Worship (Revised)... Hymn 379)~~RJStevensMusicPresentationCreator.frmSelector~0000000373
2024-12-14 22:29:22.2348~DEBUG~-- SetMessage(messageText = Importing Hymns For Worship (Revised)... Hymn 381)~~RJStevensMusicPresentationCreator.frmSelector~0000000374
2024-12-14 22:29:22.2348~DEBUG~-- SetMessage(messageText = Importing Hymns For Worship (Revised)... Hymn 382)~~RJStevensMusicPresentationCreator.frmSelector~0000000375
2024-12-14 22:29:22.2348~DEBUG~-- SetMessage(messageText = Importing Hymns For Worship (Revised)... Hymn 384)~~RJStevensMusicPresentationCreator.frmSelector~0000000376
2024-12-14 22:29:22.2348~DEBUG~-- SetMessage(messageText = Importing Hymns For Worship (Revised)... Hymn 385)~~RJStevensMusicPresentationCreator.frmSelector~0000000377
2024-12-14 22:29:22.2348~DEBUG~-- SetMessage(messageText = Importing Hymns For Worship (Revised)... Hymn 387)~~RJStevensMusicPresentationCreator.frmSelector~0000000378
2024-12-14 22:29:22.2528~DEBUG~-- SetMessage(messageText = Importing Hymns For Worship (Revised)... Hymn 388)~~RJStevensMusicPresentationCreator.frmSelector~0000000379
2024-12-14 22:29:22.2528~DEBUG~-- SetMessage(messageText = Importing Hymns For Worship (Revised)... Hymn 389)~~RJStevensMusicPresentationCreator.frmSelector~0000000380
2024-12-14 22:29:22.2528~DEBUG~-- SetMessage(messageText = Importing Hymns For Worship (Revised)... Hymn 390)~~RJStevensMusicPresentationCreator.frmSelector~0000000381
2024-12-14 22:29:22.2528~DEBUG~-- SetMessage(messageText = Importing Hymns For Worship (Revised)... Hymn 391)~~RJStevensMusicPresentationCreator.frmSelector~0000000382
2024-12-14 22:29:22.2708~DEBUG~-- SetMessage(messageText = Importing Hymns For Worship (Revised)... Hymn 392)~~RJStevensMusicPresentationCreator.frmSelector~0000000383
2024-12-14 22:29:22.2708~DEBUG~-- SetMessage(messageText = Importing Hymns For Worship (Revised)... Hymn 393)~~RJStevensMusicPresentationCreator.frmSelector~0000000384
2024-12-14 22:29:22.2708~DEBUG~-- SetMessage(messageText = Importing Hymns For Worship (Revised)... Hymn 394)~~RJStevensMusicPresentationCreator.frmSelector~0000000385
2024-12-14 22:29:22.2818~DEBUG~-- SetMessage(messageText = Importing Hymns For Worship (Revised)... Hymn 395)~~RJStevensMusicPresentationCreator.frmSelector~0000000386
2024-12-14 22:29:22.2818~DEBUG~-- SetMessage(messageText = Importing Hymns For Worship (Revised)... Hymn 396)~~RJStevensMusicPresentationCreator.frmSelector~0000000387
2024-12-14 22:29:22.2818~DEBUG~-- SetMessage(messageText = Importing Hymns For Worship (Revised)... Hymn 397)~~RJStevensMusicPresentationCreator.frmSelector~0000000388
2024-12-14 22:29:22.2818~DEBUG~-- SetMessage(messageText = Importing Hymns For Worship (Revised)... Hymn 398)~~RJStevensMusicPresentationCreator.frmSelector~0000000389
2024-12-14 22:29:22.2818~DEBUG~-- SetMessage(messageText = Importing Hymns For Worship (Revised)... Hymn 399)~~RJStevensMusicPresentationCreator.frmSelector~0000000390
2024-12-14 22:29:22.2998~DEBUG~-- SetMessage(messageText = Importing Hymns For Worship (Revised)... Hymn 400)~~RJStevensMusicPresentationCreator.frmSelector~0000000391
2024-12-14 22:29:22.2998~DEBUG~-- SetMessage(messageText = Importing Hymns For Worship (Revised)... Hymn 401)~~RJStevensMusicPresentationCreator.frmSelector~0000000392
2024-12-14 22:29:22.2998~DEBUG~-- SetMessage(messageText = Importing Hymns For Worship (Revised)... Hymn 402)~~RJStevensMusicPresentationCreator.frmSelector~0000000393
2024-12-14 22:29:22.2998~DEBUG~-- SetMessage(messageText = Importing Hymns For Worship (Revised)... Hymn 403)~~RJStevensMusicPresentationCreator.frmSelector~0000000394
2024-12-14 22:29:22.3178~DEBUG~-- SetMessage(messageText = Importing Hymns For Worship (Revised)... Hymn 404)~~RJStevensMusicPresentationCreator.frmSelector~0000000395
2024-12-14 22:29:22.3178~DEBUG~-- SetMessage(messageText = Importing Hymns For Worship (Revised)... Hymn 405)~~RJStevensMusicPresentationCreator.frmSelector~0000000396
2024-12-14 22:29:22.3178~DEBUG~-- SetMessage(messageText = Importing Hymns For Worship (Revised)... Hymn 406)~~RJStevensMusicPresentationCreator.frmSelector~0000000397
2024-12-14 22:29:22.3298~DEBUG~-- SetMessage(messageText = Importing Hymns For Worship (Revised)... Hymn 407)~~RJStevensMusicPresentationCreator.frmSelector~0000000398
2024-12-14 22:29:22.3298~DEBUG~-- SetMessage(messageText = Importing Hymns For Worship (Revised)... Hymn 408)~~RJStevensMusicPresentationCreator.frmSelector~0000000399
2024-12-14 22:29:22.3298~DEBUG~-- SetMessage(messageText = Importing Hymns For Worship (Revised)... Hymn 409)~~RJStevensMusicPresentationCreator.frmSelector~0000000400
2024-12-14 22:29:22.3298~DEBUG~-- SetMessage(messageText = Importing Hymns For Worship (Revised)... Hymn 410)~~RJStevensMusicPresentationCreator.frmSelector~0000000401
2024-12-14 22:29:22.3298~DEBUG~-- SetMessage(messageText = Importing Hymns For Worship (Revised)... Hymn 411)~~RJStevensMusicPresentationCreator.frmSelector~0000000402
2024-12-14 22:29:22.3518~DEBUG~-- SetMessage(messageText = Importing Hymns For Worship (Revised)... Hymn 412)~~RJStevensMusicPresentationCreator.frmSelector~0000000403
2024-12-14 22:29:22.3518~DEBUG~-- SetMessage(messageText = Importing Hymns For Worship (Revised)... Hymn 414)~~RJStevensMusicPresentationCreator.frmSelector~0000000404
2024-12-14 22:29:22.3628~DEBUG~-- SetMessage(messageText = Importing Hymns For Worship (Revised)... Hymn 415)~~RJStevensMusicPresentationCreator.frmSelector~0000000405
2024-12-14 22:29:22.3628~DEBUG~-- SetMessage(messageText = Importing Hymns For Worship (Revised)... Hymn 416)~~RJStevensMusicPresentationCreator.frmSelector~0000000406
2024-12-14 22:29:22.3628~DEBUG~-- SetMessage(messageText = Importing Hymns For Worship (Revised)... Hymn 417)~~RJStevensMusicPresentationCreator.frmSelector~0000000407
2024-12-14 22:29:22.3768~DEBUG~-- SetMessage(messageText = Importing Hymns For Worship (Revised)... Hymn 418)~~RJStevensMusicPresentationCreator.frmSelector~0000000408
2024-12-14 22:29:22.3768~DEBUG~-- SetMessage(messageText = Importing Hymns For Worship (Revised)... Hymn 419)~~RJStevensMusicPresentationCreator.frmSelector~0000000409
2024-12-14 22:29:22.3768~DEBUG~-- SetMessage(messageText = Importing Hymns For Worship (Revised)... Hymn 420)~~RJStevensMusicPresentationCreator.frmSelector~0000000410
2024-12-14 22:29:22.3768~DEBUG~-- SetMessage(messageText = Importing Hymns For Worship (Revised)... Hymn 421)~~RJStevensMusicPresentationCreator.frmSelector~0000000411
2024-12-14 22:29:22.3928~DEBUG~-- SetMessage(messageText = Importing Hymns For Worship (Revised)... Hymn 422)~~RJStevensMusicPresentationCreator.frmSelector~0000000412
2024-12-14 22:29:22.3928~DEBUG~-- SetMessage(messageText = Importing Hymns For Worship (Revised)... Hymn 423)~~RJStevensMusicPresentationCreator.frmSelector~0000000413
2024-12-14 22:29:22.3928~DEBUG~-- SetMessage(messageText = Importing Hymns For Worship (Revised)... Hymn 424)~~RJStevensMusicPresentationCreator.frmSelector~0000000414
2024-12-14 22:29:22.3928~DEBUG~-- SetMessage(messageText = Importing Hymns For Worship (Revised)... Hymn 425)~~RJStevensMusicPresentationCreator.frmSelector~0000000415
2024-12-14 22:29:22.4078~DEBUG~-- SetMessage(messageText = Importing Hymns For Worship (Revised)... Hymn 426)~~RJStevensMusicPresentationCreator.frmSelector~0000000416
2024-12-14 22:29:22.4078~DEBUG~-- SetMessage(messageText = Importing Hymns For Worship (Revised)... Hymn 427)~~RJStevensMusicPresentationCreator.frmSelector~0000000417
2024-12-14 22:29:22.4078~DEBUG~-- SetMessage(messageText = Importing Hymns For Worship (Revised)... Hymn 428)~~RJStevensMusicPresentationCreator.frmSelector~0000000418
2024-12-14 22:29:22.4078~DEBUG~-- SetMessage(messageText = Importing Hymns For Worship (Revised)... Hymn 429)~~RJStevensMusicPresentationCreator.frmSelector~0000000419
2024-12-14 22:29:22.4248~DEBUG~-- SetMessage(messageText = Importing Hymns For Worship (Revised)... Hymn 430)~~RJStevensMusicPresentationCreator.frmSelector~0000000420
2024-12-14 22:29:22.4248~DEBUG~-- SetMessage(messageText = Importing Hymns For Worship (Revised)... Hymn 431)~~RJStevensMusicPresentationCreator.frmSelector~0000000421
2024-12-14 22:29:22.4248~DEBUG~-- SetMessage(messageText = Importing Hymns For Worship (Revised)... Hymn 432)~~RJStevensMusicPresentationCreator.frmSelector~0000000422
2024-12-14 22:29:22.4248~DEBUG~-- SetMessage(messageText = Importing Hymns For Worship (Revised)... Hymn 433)~~RJStevensMusicPresentationCreator.frmSelector~0000000423
2024-12-14 22:29:22.4388~DEBUG~-- SetMessage(messageText = Importing Hymns For Worship (Revised)... Hymn 434)~~RJStevensMusicPresentationCreator.frmSelector~0000000424
2024-12-14 22:29:22.4388~DEBUG~-- SetMessage(messageText = Importing Hymns For Worship (Revised)... Hymn 435)~~RJStevensMusicPresentationCreator.frmSelector~0000000425
2024-12-14 22:29:22.4388~DEBUG~-- SetMessage(messageText = Importing Hymns For Worship (Revised)... Hymn 439)~~RJStevensMusicPresentationCreator.frmSelector~0000000426
2024-12-14 22:29:22.4388~DEBUG~-- SetMessage(messageText = Importing Hymns For Worship (Revised)... Hymn 440)~~RJStevensMusicPresentationCreator.frmSelector~0000000427
2024-12-14 22:29:22.4388~DEBUG~-- SetMessage(messageText = Importing Hymns For Worship (Revised)... Hymn 441)~~RJStevensMusicPresentationCreator.frmSelector~0000000428
2024-12-14 22:29:22.4568~DEBUG~-- SetMessage(messageText = Importing Hymns For Worship (Revised)... Hymn 442)~~RJStevensMusicPresentationCreator.frmSelector~0000000429
2024-12-14 22:29:22.4568~DEBUG~-- SetMessage(messageText = Importing Hymns For Worship (Revised)... Hymn 443)~~RJStevensMusicPresentationCreator.frmSelector~0000000430
2024-12-14 22:29:22.4568~DEBUG~-- SetMessage(messageText = Importing Hymns For Worship (Revised)... Hymn 445)~~RJStevensMusicPresentationCreator.frmSelector~0000000431
2024-12-14 22:29:22.4568~DEBUG~-- SetMessage(messageText = Importing Hymns For Worship (Revised)... Hymn 447)~~RJStevensMusicPresentationCreator.frmSelector~0000000432
2024-12-14 22:29:22.4748~DEBUG~-- SetMessage(messageText = Importing Hymns For Worship (Revised)... Hymn 451)~~RJStevensMusicPresentationCreator.frmSelector~0000000433
2024-12-14 22:29:22.4748~DEBUG~-- SetMessage(messageText = Importing Hymns For Worship (Revised)... Hymn 452)~~RJStevensMusicPresentationCreator.frmSelector~0000000434
2024-12-14 22:29:22.4748~DEBUG~-- SetMessage(messageText = Importing Hymns For Worship (Revised)... Hymn 453)~~RJStevensMusicPresentationCreator.frmSelector~0000000435
2024-12-14 22:29:22.4848~DEBUG~-- SetMessage(messageText = Importing Hymns For Worship (Revised)... Hymn 455)~~RJStevensMusicPresentationCreator.frmSelector~0000000436
2024-12-14 22:29:22.4848~DEBUG~-- SetMessage(messageText = Importing Hymns For Worship (Revised)... Hymn 457)~~RJStevensMusicPresentationCreator.frmSelector~0000000437
2024-12-14 22:29:22.4848~DEBUG~-- SetMessage(messageText = Importing Hymns For Worship (Revised)... Hymn 458)~~RJStevensMusicPresentationCreator.frmSelector~0000000438
2024-12-14 22:29:22.4848~DEBUG~-- SetMessage(messageText = Importing Hymns For Worship (Revised)... Hymn 460)~~RJStevensMusicPresentationCreator.frmSelector~0000000439
2024-12-14 22:29:22.4848~DEBUG~-- SetMessage(messageText = Importing Hymns For Worship (Revised)... Hymn 462)~~RJStevensMusicPresentationCreator.frmSelector~0000000440
2024-12-14 22:29:22.5028~DEBUG~-- SetMessage(messageText = Importing Hymns For Worship (Revised)... Hymn 463)~~RJStevensMusicPresentationCreator.frmSelector~0000000441
2024-12-14 22:29:22.5028~DEBUG~-- SetMessage(messageText = Importing Hymns For Worship (Revised)... Hymn 464)~~RJStevensMusicPresentationCreator.frmSelector~0000000442
2024-12-14 22:29:22.5028~DEBUG~-- SetMessage(messageText = Importing Hymns For Worship (Revised)... Hymn 466)~~RJStevensMusicPresentationCreator.frmSelector~0000000443
2024-12-14 22:29:22.5028~DEBUG~-- SetMessage(messageText = Importing Hymns For Worship (Revised)... Hymn 472)~~RJStevensMusicPresentationCreator.frmSelector~0000000444
2024-12-14 22:29:22.5198~DEBUG~-- SetMessage(messageText = Importing Hymns For Worship (Revised)... Hymn 473)~~RJStevensMusicPresentationCreator.frmSelector~0000000445
2024-12-14 22:29:22.5198~DEBUG~-- SetMessage(messageText = Importing Hymns For Worship (Revised)... Hymn 474)~~RJStevensMusicPresentationCreator.frmSelector~0000000446
2024-12-14 22:29:22.5198~DEBUG~-- SetMessage(messageText = Importing Hymns For Worship (Revised)... Hymn 477)~~RJStevensMusicPresentationCreator.frmSelector~0000000447
2024-12-14 22:29:22.5198~DEBUG~-- SetMessage(messageText = Importing Hymns For Worship (Revised)... Hymn 479)~~RJStevensMusicPresentationCreator.frmSelector~0000000448
2024-12-14 22:29:22.5348~DEBUG~-- SetMessage(messageText = Importing Hymns For Worship (Revised)... Hymn 482)~~RJStevensMusicPresentationCreator.frmSelector~0000000449
2024-12-14 22:29:22.5348~DEBUG~-- SetMessage(messageText = Importing Hymns For Worship (Revised)... Hymn 488)~~RJStevensMusicPresentationCreator.frmSelector~0000000450
2024-12-14 22:29:22.5348~DEBUG~-- SetMessage(messageText = Importing Hymns For Worship (Revised)... Hymn 489)~~RJStevensMusicPresentationCreator.frmSelector~0000000451
2024-12-14 22:29:22.5348~DEBUG~-- SetMessage(messageText = Importing Hymns For Worship (Revised)... Hymn 491)~~RJStevensMusicPresentationCreator.frmSelector~0000000452
2024-12-14 22:29:22.5508~DEBUG~-- SetMessage(messageText = Importing Hymns For Worship (Revised)... Hymn 494)~~RJStevensMusicPresentationCreator.frmSelector~0000000453
2024-12-14 22:29:22.5508~DEBUG~-- SetMessage(messageText = Importing Hymns For Worship (Revised)... Hymn 495)~~RJStevensMusicPresentationCreator.frmSelector~0000000454
2024-12-14 22:29:22.5508~DEBUG~-- SetMessage(messageText = Importing Hymns For Worship (Revised)... Hymn 496)~~RJStevensMusicPresentationCreator.frmSelector~0000000455
2024-12-14 22:29:22.5658~DEBUG~-- SetMessage(messageText = Importing Hymns For Worship (Revised)... Hymn 497)~~RJStevensMusicPresentationCreator.frmSelector~0000000456
2024-12-14 22:29:22.5658~DEBUG~-- SetMessage(messageText = Importing Hymns For Worship (Revised)... Hymn 498)~~RJStevensMusicPresentationCreator.frmSelector~0000000457
2024-12-14 22:29:22.5658~DEBUG~-- SetMessage(messageText = Importing Hymns For Worship (Revised)... Hymn 500)~~RJStevensMusicPresentationCreator.frmSelector~0000000458
2024-12-14 22:29:22.5658~DEBUG~-- SetMessage(messageText = Importing Hymns For Worship (Revised)... Hymn 501)~~RJStevensMusicPresentationCreator.frmSelector~0000000459
2024-12-14 22:29:22.5818~DEBUG~-- SetMessage(messageText = Importing Hymns For Worship (Revised)... Hymn 502)~~RJStevensMusicPresentationCreator.frmSelector~0000000460
2024-12-14 22:29:22.5818~DEBUG~-- SetMessage(messageText = Importing Hymns For Worship (Revised)... Hymn 503)~~RJStevensMusicPresentationCreator.frmSelector~0000000461
2024-12-14 22:29:22.5818~DEBUG~-- SetMessage(messageText = Importing Hymns For Worship (Revised)... Hymn 504)~~RJStevensMusicPresentationCreator.frmSelector~0000000462
2024-12-14 22:29:22.5948~DEBUG~-- SetMessage(messageText = Importing Hymns For Worship (Revised)... Hymn 506)~~RJStevensMusicPresentationCreator.frmSelector~0000000463
2024-12-14 22:29:22.5948~DEBUG~-- SetMessage(messageText = Importing Hymns For Worship (Revised)... Hymn 507)~~RJStevensMusicPresentationCreator.frmSelector~0000000464
2024-12-14 22:29:22.5948~DEBUG~-- SetMessage(messageText = Importing Hymns For Worship (Revised)... Hymn 508)~~RJStevensMusicPresentationCreator.frmSelector~0000000465
2024-12-14 22:29:22.5948~DEBUG~-- SetMessage(messageText = Importing Hymns For Worship (Revised)... Hymn 510)~~RJStevensMusicPresentationCreator.frmSelector~0000000466
2024-12-14 22:29:22.6118~DEBUG~-- SetMessage(messageText = Importing Hymns For Worship (Revised)... Hymn 512)~~RJStevensMusicPresentationCreator.frmSelector~0000000467
2024-12-14 22:29:22.6118~DEBUG~-- SetMessage(messageText = Importing Hymns For Worship (Revised)... Hymn 513)~~RJStevensMusicPresentationCreator.frmSelector~0000000468
2024-12-14 22:29:22.6118~DEBUG~-- SetMessage(messageText = Importing Hymns For Worship (Revised)... Hymn 514)~~RJStevensMusicPresentationCreator.frmSelector~0000000469
2024-12-14 22:29:22.6118~DEBUG~-- SetMessage(messageText = Importing Hymns For Worship (Revised)... Hymn 516)~~RJStevensMusicPresentationCreator.frmSelector~0000000470
2024-12-14 22:29:22.6278~DEBUG~-- SetMessage(messageText = Importing Hymns For Worship (Revised)... Hymn 518)~~RJStevensMusicPresentationCreator.frmSelector~0000000471
2024-12-14 22:29:22.6278~DEBUG~-- SetMessage(messageText = Importing Hymns For Worship (Revised)... Hymn 520)~~RJStevensMusicPresentationCreator.frmSelector~0000000472
2024-12-14 22:29:22.6278~DEBUG~-- SetMessage(messageText = Importing Hymns For Worship (Revised)... Hymn 521)~~RJStevensMusicPresentationCreator.frmSelector~0000000473
2024-12-14 22:29:22.6278~DEBUG~-- SetMessage(messageText = Importing Hymns For Worship (Revised)... Hymn 522)~~RJStevensMusicPresentationCreator.frmSelector~0000000474
2024-12-14 22:29:22.6438~DEBUG~-- SetMessage(messageText = Importing Hymns For Worship (Revised)... Hymn 523)~~RJStevensMusicPresentationCreator.frmSelector~0000000475
2024-12-14 22:29:22.6438~DEBUG~-- SetMessage(messageText = Importing Hymns For Worship (Revised)... Hymn 524)~~RJStevensMusicPresentationCreator.frmSelector~0000000476
2024-12-14 22:29:22.6438~DEBUG~-- SetMessage(messageText = Importing Hymns For Worship (Revised)... Hymn 525)~~RJStevensMusicPresentationCreator.frmSelector~0000000477
2024-12-14 22:29:22.6438~DEBUG~-- SetMessage(messageText = Importing Hymns For Worship (Revised)... Hymn 526)~~RJStevensMusicPresentationCreator.frmSelector~0000000478
2024-12-14 22:29:22.6578~DEBUG~-- SetMessage(messageText = Importing Hymns For Worship (Revised)... Hymn 528)~~RJStevensMusicPresentationCreator.frmSelector~0000000479
2024-12-14 22:29:22.6578~DEBUG~-- SetMessage(messageText = Importing Hymns For Worship (Revised)... Hymn 529)~~RJStevensMusicPresentationCreator.frmSelector~0000000480
2024-12-14 22:29:22.6578~DEBUG~-- SetMessage(messageText = Importing Hymns For Worship (Revised)... Hymn 530)~~RJStevensMusicPresentationCreator.frmSelector~0000000481
2024-12-14 22:29:22.6578~DEBUG~-- SetMessage(messageText = Importing Hymns For Worship (Revised)... Hymn 531)~~RJStevensMusicPresentationCreator.frmSelector~0000000482
2024-12-14 22:29:22.6578~DEBUG~-- SetMessage(messageText = Importing Hymns For Worship (Revised)... Hymn 531A)~~RJStevensMusicPresentationCreator.frmSelector~0000000483
2024-12-14 22:29:22.6778~DEBUG~-- SetMessage(messageText = Importing Hymns For Worship (Revised)... Hymn 532)~~RJStevensMusicPresentationCreator.frmSelector~0000000484
2024-12-14 22:29:22.6778~DEBUG~-- SetMessage(messageText = Importing Hymns For Worship (Revised)... Hymn 533)~~RJStevensMusicPresentationCreator.frmSelector~0000000485
2024-12-14 22:29:22.6778~DEBUG~-- SetMessage(messageText = Importing Hymns For Worship (Revised)... Hymn 534)~~RJStevensMusicPresentationCreator.frmSelector~0000000486
2024-12-14 22:29:22.6898~DEBUG~-- SetMessage(messageText = Importing Hymns For Worship (Revised)... Hymn 536)~~RJStevensMusicPresentationCreator.frmSelector~0000000487
2024-12-14 22:29:22.6898~DEBUG~-- SetMessage(messageText = Importing Hymns For Worship (Revised)... Hymn 540)~~RJStevensMusicPresentationCreator.frmSelector~0000000488
2024-12-14 22:29:22.6898~DEBUG~-- SetMessage(messageText = Importing Hymns For Worship (Revised)... Hymn 541)~~RJStevensMusicPresentationCreator.frmSelector~0000000489
2024-12-14 22:29:22.6898~DEBUG~-- SetMessage(messageText = Importing Hymns For Worship (Revised)... Hymn 542)~~RJStevensMusicPresentationCreator.frmSelector~0000000490
2024-12-14 22:29:22.7038~DEBUG~-- SetMessage(messageText = Importing Hymns For Worship (Revised)... Hymn 543)~~RJStevensMusicPresentationCreator.frmSelector~0000000491
2024-12-14 22:29:22.7038~DEBUG~-- SetMessage(messageText = Importing Hymns For Worship (Revised)... Hymn 544)~~RJStevensMusicPresentationCreator.frmSelector~0000000492
2024-12-14 22:29:22.7038~DEBUG~-- SetMessage(messageText = Importing Hymns For Worship (Revised)... Hymn 545)~~RJStevensMusicPresentationCreator.frmSelector~0000000493
2024-12-14 22:29:22.7038~DEBUG~-- SetMessage(messageText = Importing Hymns For Worship (Revised)... Hymn 546)~~RJStevensMusicPresentationCreator.frmSelector~0000000494
2024-12-14 22:29:22.7038~DEBUG~-- SetMessage(messageText = Importing Hymns For Worship (Revised)... Hymn 547)~~RJStevensMusicPresentationCreator.frmSelector~0000000495
2024-12-14 22:29:22.7248~DEBUG~-- SetMessage(messageText = Importing Hymns For Worship (Revised)... Hymn 548)~~RJStevensMusicPresentationCreator.frmSelector~0000000496
2024-12-14 22:29:22.7248~DEBUG~-- SetMessage(messageText = Importing Hymns For Worship (Revised)... Hymn 549)~~RJStevensMusicPresentationCreator.frmSelector~0000000497
2024-12-14 22:29:22.7248~DEBUG~-- SetMessage(messageText = Importing Hymns For Worship (Revised)... Hymn 550)~~RJStevensMusicPresentationCreator.frmSelector~0000000498
2024-12-14 22:29:22.7368~DEBUG~-- SetMessage(messageText = Importing Hymns For Worship (Revised)... Hymn 551)~~RJStevensMusicPresentationCreator.frmSelector~0000000499
2024-12-14 22:29:22.7368~DEBUG~-- SetMessage(messageText = Importing Hymns For Worship (Revised)... Hymn 552)~~RJStevensMusicPresentationCreator.frmSelector~0000000500
2024-12-14 22:29:22.7368~DEBUG~-- SetMessage(messageText = Importing Hymns For Worship (Revised)... Hymn 553)~~RJStevensMusicPresentationCreator.frmSelector~0000000501
2024-12-14 22:29:22.7368~DEBUG~-- SetMessage(messageText = Importing Hymns For Worship (Revised)... Hymn 554)~~RJStevensMusicPresentationCreator.frmSelector~0000000502
2024-12-14 22:29:22.7529~DEBUG~-- SetMessage(messageText = Importing Hymns For Worship (Revised)... Hymn 556)~~RJStevensMusicPresentationCreator.frmSelector~0000000503
2024-12-14 22:29:22.7529~DEBUG~-- SetMessage(messageText = Importing Hymns For Worship (Revised)... Hymn 558)~~RJStevensMusicPresentationCreator.frmSelector~0000000504
2024-12-14 22:29:22.7529~DEBUG~-- SetMessage(messageText = Importing Hymns For Worship (Revised)... Hymn 559)~~RJStevensMusicPresentationCreator.frmSelector~0000000505
2024-12-14 22:29:22.7529~DEBUG~-- SetMessage(messageText = Importing Hymns For Worship (Revised)... Hymn 560)~~RJStevensMusicPresentationCreator.frmSelector~0000000506
2024-12-14 22:29:22.7729~DEBUG~-- SetMessage(messageText = Importing Hymns For Worship (Revised)... Hymn 561)~~RJStevensMusicPresentationCreator.frmSelector~0000000507
2024-12-14 22:29:22.7729~DEBUG~-- SetMessage(messageText = Importing Hymns For Worship (Revised)... Hymn 565)~~RJStevensMusicPresentationCreator.frmSelector~0000000508
2024-12-14 22:29:22.7819~DEBUG~-- SetMessage(messageText = Importing Hymns For Worship (Revised)... Hymn 566)~~RJStevensMusicPresentationCreator.frmSelector~0000000509
2024-12-14 22:29:22.7819~DEBUG~-- SetMessage(messageText = Importing Hymns For Worship (Revised)... Hymn 568)~~RJStevensMusicPresentationCreator.frmSelector~0000000510
2024-12-14 22:29:22.7819~DEBUG~-- SetMessage(messageText = Importing Hymns For Worship (Revised)... Hymn 569)~~RJStevensMusicPresentationCreator.frmSelector~0000000511
2024-12-14 22:29:22.7819~DEBUG~-- SetMessage(messageText = Importing Hymns For Worship (Revised)... Hymn 570)~~RJStevensMusicPresentationCreator.frmSelector~0000000512
2024-12-14 22:29:22.7819~DEBUG~-- SetMessage(messageText = Importing Hymns For Worship (Revised)... Hymn 571)~~RJStevensMusicPresentationCreator.frmSelector~0000000513
2024-12-14 22:29:22.7999~DEBUG~-- SetMessage(messageText = Importing Hymns For Worship (Revised)... Hymn 573)~~RJStevensMusicPresentationCreator.frmSelector~0000000514
2024-12-14 22:29:22.7999~DEBUG~-- SetMessage(messageText = Importing Hymns For Worship (Revised)... Hymn 574)~~RJStevensMusicPresentationCreator.frmSelector~0000000515
2024-12-14 22:29:22.7999~DEBUG~-- SetMessage(messageText = Importing Hymns For Worship (Revised)... Hymn 576)~~RJStevensMusicPresentationCreator.frmSelector~0000000516
2024-12-14 22:29:22.7999~DEBUG~-- SetMessage(messageText = Importing Hymns For Worship (Revised)... Hymn 577)~~RJStevensMusicPresentationCreator.frmSelector~0000000517
2024-12-14 22:29:22.8170~DEBUG~-- SetMessage(messageText = Importing Hymns For Worship (Revised)... Hymn 578)~~RJStevensMusicPresentationCreator.frmSelector~0000000518
2024-12-14 22:29:22.8170~DEBUG~-- SetMessage(messageText = Importing Hymns For Worship (Revised)... Hymn 578.16)~~RJStevensMusicPresentationCreator.frmSelector~0000000519
2024-12-14 22:29:22.8170~DEBUG~-- SetMessage(messageText = Importing Hymns For Worship (Revised)... Hymn 579)~~RJStevensMusicPresentationCreator.frmSelector~0000000520
2024-12-14 22:29:22.8289~DEBUG~-- SetMessage(messageText = Importing Hymns For Worship (Revised)... Hymn 581)~~RJStevensMusicPresentationCreator.frmSelector~0000000521
2024-12-14 22:29:22.8289~DEBUG~-- SetMessage(messageText = Importing Hymns For Worship (Revised)... Hymn 582)~~RJStevensMusicPresentationCreator.frmSelector~0000000522
2024-12-14 22:29:22.8289~DEBUG~-- SetMessage(messageText = Importing Hymns For Worship (Revised)... Hymn 583)~~RJStevensMusicPresentationCreator.frmSelector~0000000523
2024-12-14 22:29:22.8289~DEBUG~-- SetMessage(messageText = Importing Hymns For Worship (Revised)... Hymn 585)~~RJStevensMusicPresentationCreator.frmSelector~0000000524
2024-12-14 22:29:22.8289~DEBUG~-- SetMessage(messageText = Importing Hymns For Worship (Revised)... Hymn 587)~~RJStevensMusicPresentationCreator.frmSelector~0000000525
2024-12-14 22:29:22.8449~DEBUG~-- SetMessage(messageText = Importing Hymns For Worship (Revised)... Hymn 588)~~RJStevensMusicPresentationCreator.frmSelector~0000000526
2024-12-14 22:29:22.8449~DEBUG~-- SetMessage(messageText = Importing Hymns For Worship (Revised)... Hymn 593)~~RJStevensMusicPresentationCreator.frmSelector~0000000527
2024-12-14 22:29:22.8449~DEBUG~-- SetMessage(messageText = Importing Hymns For Worship (Revised)... Hymn 594)~~RJStevensMusicPresentationCreator.frmSelector~0000000528
2024-12-14 22:29:22.8449~DEBUG~-- SetMessage(messageText = Importing Hymns For Worship (Revised)... Hymn 595)~~RJStevensMusicPresentationCreator.frmSelector~0000000529
2024-12-14 22:29:22.8610~DEBUG~-- SetMessage(messageText = Importing Hymns For Worship (Revised)... Hymn 597)~~RJStevensMusicPresentationCreator.frmSelector~0000000530
2024-12-14 22:29:22.8610~DEBUG~-- SetMessage(messageText = Importing Hymns For Worship (Revised)... Hymn 598)~~RJStevensMusicPresentationCreator.frmSelector~0000000531
2024-12-14 22:29:22.8610~DEBUG~-- SetMessage(messageText = Importing Hymns For Worship (Revised)... Hymn 601)~~RJStevensMusicPresentationCreator.frmSelector~0000000532
2024-12-14 22:29:22.8610~DEBUG~-- SetMessage(messageText = Importing Hymns For Worship (Revised)... Hymn 607)~~RJStevensMusicPresentationCreator.frmSelector~0000000533
2024-12-14 22:29:22.8759~DEBUG~-- SetMessage(messageText = Importing Hymns For Worship (Revised)... Hymn 609)~~RJStevensMusicPresentationCreator.frmSelector~0000000534
2024-12-14 22:29:22.8759~DEBUG~-- SetMessage(messageText = Importing Hymns For Worship (Revised)... Hymn 611)~~RJStevensMusicPresentationCreator.frmSelector~0000000535
2024-12-14 22:29:22.8759~DEBUG~-- SetMessage(messageText = Importing Hymns For Worship (Revised)... Hymn 612)~~RJStevensMusicPresentationCreator.frmSelector~0000000536
2024-12-14 22:29:22.8759~DEBUG~-- SetMessage(messageText = Importing Hymns For Worship (Revised)... Hymn 616)~~RJStevensMusicPresentationCreator.frmSelector~0000000537
2024-12-14 22:29:22.8759~DEBUG~-- SetMessage(messageText = Importing Hymns For Worship (Revised)... Hymn 617)~~RJStevensMusicPresentationCreator.frmSelector~0000000538
2024-12-14 22:29:22.8930~DEBUG~-- SetMessage(messageText = Importing Hymns For Worship (Revised)... Hymn 619)~~RJStevensMusicPresentationCreator.frmSelector~0000000539
2024-12-14 22:29:22.8930~DEBUG~-- SetMessage(messageText = Importing Hymns For Worship (Revised)... Hymn 622)~~RJStevensMusicPresentationCreator.frmSelector~0000000540
2024-12-14 22:29:22.8930~DEBUG~-- SetMessage(messageText = Importing Hymns For Worship (Revised)... Hymn 623)~~RJStevensMusicPresentationCreator.frmSelector~0000000541
2024-12-14 22:29:22.8930~DEBUG~-- SetMessage(messageText = Importing Hymns For Worship (Revised)... Hymn 624)~~RJStevensMusicPresentationCreator.frmSelector~0000000542
2024-12-14 22:29:22.9100~DEBUG~-- SetMessage(messageText = Importing Hymns For Worship (Revised)... Hymn 625)~~RJStevensMusicPresentationCreator.frmSelector~0000000543
2024-12-14 22:29:22.9100~DEBUG~-- SetMessage(messageText = Importing Hymns For Worship (Revised)... Hymn 626)~~RJStevensMusicPresentationCreator.frmSelector~0000000544
2024-12-14 22:29:22.9100~DEBUG~-- SetMessage(messageText = Importing Hymns For Worship (Revised)... Hymn 630)~~RJStevensMusicPresentationCreator.frmSelector~0000000545
2024-12-14 22:29:22.9100~DEBUG~-- SetMessage(messageText = Importing Hymns For Worship (Revised)... Hymn 631)~~RJStevensMusicPresentationCreator.frmSelector~0000000546
2024-12-14 22:29:22.9240~DEBUG~-- SetMessage(messageText = Importing Hymns For Worship (Revised)... Hymn 632)~~RJStevensMusicPresentationCreator.frmSelector~0000000547
2024-12-14 22:29:22.9240~DEBUG~-- SetMessage(messageText = Importing Hymns For Worship (Revised)... Hymn 636)~~RJStevensMusicPresentationCreator.frmSelector~0000000548
2024-12-14 22:29:22.9240~DEBUG~-- SetMessage(messageText = Importing Hymns For Worship (Revised)... Hymn 637)~~RJStevensMusicPresentationCreator.frmSelector~0000000549
2024-12-14 22:29:22.9240~DEBUG~-- SetMessage(messageText = Importing Hymns For Worship (Revised)... Hymn 638)~~RJStevensMusicPresentationCreator.frmSelector~0000000550
2024-12-14 22:29:22.9410~DEBUG~-- SetMessage(messageText = Importing Hymns For Worship (Revised)... Hymn 639)~~RJStevensMusicPresentationCreator.frmSelector~0000000551
2024-12-14 22:29:22.9410~DEBUG~-- SetMessage(messageText = Importing Hymns For Worship (Revised)... Hymn 641)~~RJStevensMusicPresentationCreator.frmSelector~0000000552
2024-12-14 22:29:22.9410~DEBUG~-- SetMessage(messageText = Importing Hymns For Worship (Revised)... Hymn 642)~~RJStevensMusicPresentationCreator.frmSelector~0000000553
2024-12-14 22:29:22.9410~DEBUG~-- SetMessage(messageText = Importing Hymns For Worship (Revised)... Hymn 644)~~RJStevensMusicPresentationCreator.frmSelector~0000000554
2024-12-14 22:29:22.9560~DEBUG~-- SetMessage(messageText = Importing Hymns For Worship (Revised)... Hymn 645)~~RJStevensMusicPresentationCreator.frmSelector~0000000555
2024-12-14 22:29:22.9560~DEBUG~-- SetMessage(messageText = Importing Hymns For Worship (Revised)... Hymn 646)~~RJStevensMusicPresentationCreator.frmSelector~0000000556
2024-12-14 22:29:22.9560~DEBUG~-- SetMessage(messageText = Importing Hymns For Worship (Revised)... Hymn 648)~~RJStevensMusicPresentationCreator.frmSelector~0000000557
2024-12-14 22:29:22.9560~DEBUG~-- SetMessage(messageText = Importing Hymns For Worship (Revised)... Hymn 649)~~RJStevensMusicPresentationCreator.frmSelector~0000000558
2024-12-14 22:29:22.9700~DEBUG~-- SetMessage(messageText = Importing Hymns For Worship (Revised)... Hymn 653)~~RJStevensMusicPresentationCreator.frmSelector~0000000559
2024-12-14 22:29:22.9700~DEBUG~-- SetMessage(messageText = Importing Hymns For Worship (Revised)... Hymn 659)~~RJStevensMusicPresentationCreator.frmSelector~0000000560
2024-12-14 22:29:22.9700~DEBUG~-- SetMessage(messageText = Importing Hymns For Worship (Revised)... Hymn 660)~~RJStevensMusicPresentationCreator.frmSelector~0000000561
2024-12-14 22:29:22.9860~DEBUG~-- SetMessage(messageText = Importing Hymns For Worship (Revised)... Hymn 661)~~RJStevensMusicPresentationCreator.frmSelector~0000000562
2024-12-14 22:29:22.9860~DEBUG~-- SetMessage(messageText = Importing Hymns For Worship (Revised)... Hymn 663)~~RJStevensMusicPresentationCreator.frmSelector~0000000563
2024-12-14 22:29:22.9860~DEBUG~-- SetMessage(messageText = Importing Hymns For Worship (Revised)... Hymn 669)~~RJStevensMusicPresentationCreator.frmSelector~0000000564
2024-12-14 22:29:22.9860~DEBUG~-- SetMessage(messageText = Importing Hymns For Worship (Revised)... Hymn 670)~~RJStevensMusicPresentationCreator.frmSelector~0000000565
2024-12-14 22:29:22.9860~DEBUG~-- SetMessage(messageText = Importing Hymns For Worship (Revised)... Hymn 670.7)~~RJStevensMusicPresentationCreator.frmSelector~0000000566
2024-12-14 22:29:23.0020~DEBUG~-- SetMessage(messageText = Importing Hymns For Worship (Revised)... Hymn 676)~~RJStevensMusicPresentationCreator.frmSelector~0000000567
2024-12-14 22:29:23.0020~DEBUG~-- SetMessage(messageText = Importing Hymns For Worship (Revised)... Hymn 677)~~RJStevensMusicPresentationCreator.frmSelector~0000000568
2024-12-14 22:29:23.0020~DEBUG~-- SetMessage(messageText = Importing Hymns For Worship (Revised)... Hymn 684)~~RJStevensMusicPresentationCreator.frmSelector~0000000569
2024-12-14 22:29:23.0170~DEBUG~-- SetMessage(messageText = Importing Hymns For Worship (Revised)... Hymn 685)~~RJStevensMusicPresentationCreator.frmSelector~0000000570
2024-12-14 22:29:23.0170~DEBUG~-- SetMessage(messageText = Importing Hymns For Worship (Revised)... Hymn 689)~~RJStevensMusicPresentationCreator.frmSelector~0000000571
2024-12-14 22:29:23.0170~DEBUG~-- SetMessage(messageText = Importing Hymns For Worship (Revised)... Hymn 690)~~RJStevensMusicPresentationCreator.frmSelector~0000000572
2024-12-14 22:29:23.0170~DEBUG~-- SetMessage(messageText = Importing Hymns For Worship (Revised)... Hymn 691)~~RJStevensMusicPresentationCreator.frmSelector~0000000573
2024-12-14 22:29:23.0320~DEBUG~-- SetMessage(messageText = Importing Hymns For Worship (Revised)... Hymn 693)~~RJStevensMusicPresentationCreator.frmSelector~0000000574
2024-12-14 22:29:23.0320~DEBUG~-- SetMessage(messageText = Importing Hymns For Worship (Revised)... Hymn 694)~~RJStevensMusicPresentationCreator.frmSelector~0000000575
2024-12-14 22:29:23.0320~DEBUG~-- SetMessage(messageText = Importing Hymns For Worship (Revised)... Hymn 695)~~RJStevensMusicPresentationCreator.frmSelector~0000000576
2024-12-14 22:29:23.0320~DEBUG~-- SetMessage(messageText = Importing Hymns For Worship (Revised)... Hymn 696)~~RJStevensMusicPresentationCreator.frmSelector~0000000577
2024-12-14 22:29:23.0530~DEBUG~-- SetMessage(messageText = Importing Hymns For Worship (Supplement)...)~~RJStevensMusicPresentationCreator.frmSelector~0000000578
2024-12-14 22:29:23.0530~DEBUG~-- SetMessage(messageText = Importing Hymns For Worship (Supplement)... Hymn 1031)~~RJStevensMusicPresentationCreator.frmSelector~0000000579
2024-12-14 22:29:23.0530~DEBUG~-- SetMessage(messageText = Importing Hymns For Worship (Supplement)... Hymn 1061)~~RJStevensMusicPresentationCreator.frmSelector~0000000580
2024-12-14 22:29:23.0650~DEBUG~-- SetMessage(messageText = Importing Hymns For Worship (Supplement)... Hymn 1064)~~RJStevensMusicPresentationCreator.frmSelector~0000000581
2024-12-14 22:29:23.0650~DEBUG~-- SetMessage(messageText = Importing Hymns For Worship (Supplement)... Hymn 1066)~~RJStevensMusicPresentationCreator.frmSelector~0000000582
2024-12-14 22:29:23.0650~DEBUG~-- SetMessage(messageText = Importing Hymns For Worship (Supplement)... Hymn 1109)~~RJStevensMusicPresentationCreator.frmSelector~0000000583
2024-12-14 22:29:23.0910~DEBUG~-- SetMessage(messageText = Operation successful.  4 hymnals have been added.)~~RJStevensMusicPresentationCreator.frmSelector~0000000584
2024-12-14 22:29:23.0950~DEBUG~-- Enable(overrideCount = False, DisableCount = 1, NoEnable = False)~~RJStevensMusicPresentationCreator.frmSelector~0000000585
2024-12-14 22:29:23.2200~DEBUG~-- Enable(overrideCount = False, DisableCount = 0, NoEnable = False)~~RJStevensMusicPresentationCreator.frmSelector~0000000586
2024-12-14 22:29:23.2200~DEBUG~_disableCount = 0~~RJStevensMusicPresentationCreator.frmSelector~0000000587
2024-12-14 22:29:23.2950~ INFO~AllHymnals Length: 4~~RJStevensMusicPresentationCreator.Program~0000000588
2024-12-14 22:29:36.4197~DEBUG~-- Disable(DisableCount = 0)~~RJStevensMusicPresentationCreator.frmSelector~0000000589
2024-12-14 22:29:36.5222~DEBUG~-- SetMessage(messageText = )~~RJStevensMusicPresentationCreator.frmSelector~0000000590
