EventDateTime~EventLevel~EventMsg~EventException~EventLogger~EventID
2025-01-18 20:29:19.5402~TRACE~-> Main()~~RJStevensMusicPresentationCreator.Program~0000000001
2025-01-18 20:29:19.5692~TRACE~   .Net Framework Version: 4.8~~RJStevensMusicPresentationCreator.Program~0000000002
2025-01-18 20:29:19.5692~TRACE~   OS Version: Windows 10 Enterprise Release 2009 (Build 19045.5371)  64-bit~~RJStevensMusicPresentationCreator.Program~0000000003
2025-01-18 20:29:19.5692~TRACE~   Total RAM Memory: 8.00 GB physical RAM memory~~RJStevensMusicPresentationCreator.Program~0000000004
2025-01-18 20:29:19.5884~ WARN~System.UnauthorizedAccessException: Access to the registry key 'HKEY_LOCAL_MACHINE\Software\R.J. Stevens Music\Hymns for Worship Electronic Edition\2.3.8843.25471' is denied.%CRLF%   at Microsoft.Win32.RegistryKey.Win32Error(Int32 errorCode, String str)%CRLF%   at Microsoft.Win32.RegistryKey.CreateSubKeyInternal(String subkey, RegistryKeyPermissionCheck permissionCheck, Object registrySecurityObj, RegistryOptions registryOptions)%CRLF%   at Microsoft.Win32.RegistryKey.CreateSubKey(String subkey)%CRLF%   at RJStevensMusicPresentationCreator.Program.Main() in D:\Repos\RJSM\Presentation Creator Application\Applications\PresentationCreator15\Program.cs:line 151~System.UnauthorizedAccessException: Access to the registry key 'HKEY_LOCAL_MACHINE\Software\R.J. Stevens Music\Hymns for Worship Electronic Edition\2.3.8843.25471' is denied.%CRLF%   at Microsoft.Win32.RegistryKey.Win32Error(Int32 errorCode, String str)%CRLF%   at Microsoft.Win32.RegistryKey.CreateSubKeyInternal(String subkey, RegistryKeyPermissionCheck permissionCheck, Object registrySecurityObj, RegistryOptions registryOptions)%CRLF%   at Microsoft.Win32.RegistryKey.CreateSubKey(String subkey)%CRLF%   at RJStevensMusicPresentationCreator.Program.Main() in D:\Repos\RJSM\Presentation Creator Application\Applications\PresentationCreator15\Program.cs:line 151~RJStevensMusicPresentationCreator.Program~0000000005
2025-01-18 20:29:19.6194~ INFO~UserRegKey: HKEY_CURRENT_USER\Software\R.J. Stevens Music\Hymns for Worship Electronic Edition~~RJStevensMusicPresentationCreator.Program~0000000006
2025-01-18 20:29:19.6284~ INFO~HymnalInformationFile: C:\ProgramData\Application Data\R.J. Stevens Music\Hymns for Worship Electronic Edition\Information.hixml~~RJStevensMusicPresentationCreator.Program~0000000007
2025-01-18 20:29:19.6284~ INFO~RegKey: HKEY_CURRENT_USER\Software\R.J. Stevens Music\Hymns for Worship Electronic Edition~~RJStevensMusicPresentationCreator.RJSMRegistry~0000000008
2025-01-18 20:29:19.6284~ INFO~ProductApplicationDataFolder: C:\ProgramData\Application Data\R.J. Stevens Music\Hymns for Worship Electronic Edition~~RJStevensMusicPresentationCreator.RJSMRegistry~0000000009
2025-01-18 20:29:19.6284~ INFO~HymnalInformationFolder: C:\ProgramData\Application Data\R.J. Stevens Music\Hymns for Worship Electronic Edition~~RJStevensMusicPresentationCreator.RJSMRegistry~0000000010
2025-01-18 20:29:19.6284~ INFO~SlideTemplateFolder: C:\ProgramData\Application Data\R.J. Stevens Music\Hymns for Worship Electronic Edition\Templates~~RJStevensMusicPresentationCreator.RJSMRegistry~0000000011
2025-01-18 20:29:19.6284~ INFO~LastExecutedDeploymentVersion: 0.0.0.0~~RJStevensMusicPresentationCreator.RJSMRegistry~0000000012
2025-01-18 20:29:19.6284~ INFO~SelectedHymnal: <All>~~RJStevensMusicPresentationCreator.RJSMRegistry~0000000013
2025-01-18 20:29:19.6284~ INFO~SelectedTemplate: Single Slide Template (Fast Transition)~~RJStevensMusicPresentationCreator.RJSMRegistry~0000000014
2025-01-18 20:29:19.6494~ INFO~LastImportFolder: C:\ProgramData\Application Data\R.J. Stevens Music\Hymns for Worship Electronic Edition~~RJStevensMusicPresentationCreator.RJSMRegistry~0000000015
2025-01-18 20:29:19.6494~ INFO~DisplayTools: True~~RJStevensMusicPresentationCreator.RJSMRegistry~0000000016
2025-01-18 20:29:19.6494~ INFO~HymnList: True~~RJStevensMusicPresentationCreator.RJSMRegistry~0000000017
2025-01-18 20:29:19.6494~ INFO~HymnText: True~~RJStevensMusicPresentationCreator.RJSMRegistry~0000000018
2025-01-18 20:29:19.6494~ INFO~HymnalSelection: True~~RJStevensMusicPresentationCreator.RJSMRegistry~0000000019
2025-01-18 20:29:19.6494~ INFO~TemplateSelection: True~~RJStevensMusicPresentationCreator.RJSMRegistry~0000000020
2025-01-18 20:29:19.6494~ INFO~FillWindow: True~~RJStevensMusicPresentationCreator.RJSMRegistry~0000000021
2025-01-18 20:29:19.6494~ INFO~PresenterImage: True~~RJStevensMusicPresentationCreator.RJSMRegistry~0000000022
2025-01-18 20:29:19.6604~ INFO~SelectorWindowPosition: Normal,-7,0,974,1047~~RJStevensMusicPresentationCreator.RJSMRegistry~0000000023
2025-01-18 20:29:19.6604~ INFO~SlideWindowPosition: Normal,0,0,0,0~~RJStevensMusicPresentationCreator.RJSMRegistry~0000000024
2025-01-18 20:29:19.6604~ INFO~ViewSplitPosition: 0.6565762004175365344467640919~~RJStevensMusicPresentationCreator.RJSMRegistry~0000000025
2025-01-18 20:29:19.6604~ INFO~HymnsSplitPosition: 0.6610925306577480490523968785~~RJStevensMusicPresentationCreator.RJSMRegistry~0000000026
2025-01-18 20:29:19.6604~ INFO~HymnsListSplitPosition: 0.7504215851602023608768971332~~RJStevensMusicPresentationCreator.RJSMRegistry~0000000027
2025-01-18 20:29:19.6604~ INFO~InternalViewerSplitPosition: 0.15~~RJStevensMusicPresentationCreator.RJSMRegistry~0000000028
2025-01-18 20:29:19.6604~ INFO~DateOfFirstLicenseCheck: 3/15/2020 12:00:00 AM~~RJStevensMusicPresentationCreator.RJSMRegistry~0000000029
2025-01-18 20:29:19.6604~ INFO~ProductImprovementConsent: True~~RJStevensMusicPresentationCreator.RJSMRegistry~0000000030
2025-01-18 20:29:19.6604~ INFO~RevisedPrinting: (Latest)~~RJStevensMusicPresentationCreator.RJSMRegistry~0000000031
2025-01-18 20:29:19.6604~TRACE~   Is fast disk? True~~RJStevensMusicPresentationCreator.Program~0000000032
2025-01-18 20:29:21.2705~ INFO~AllHymnals Length: 3~~RJStevensMusicPresentationCreator.Program~0000000033
2025-01-18 20:29:21.2705~TRACE~-> AddTemplates()~~RJStevensMusicPresentationCreator.frmSelector~0000000034
2025-01-18 20:29:21.2705~TRACE~<- AddTemplates()~~RJStevensMusicPresentationCreator.frmSelector~0000000035
2025-01-18 20:29:21.2705~FATAL~License Mode: Licensed~~RJStevensMusicPresentationCreator.Program~0000000036
2025-01-18 20:29:21.2845~FATAL~Override to License Mode: Licensed~~RJStevensMusicPresentationCreator.Program~0000000037
2025-01-18 20:29:21.6322~TRACE~-> RunOneTimeUpdates()~~RJStevensMusicPresentationCreator.Program~0000000038
2025-01-18 20:29:21.6322~ INFO~Product Version: 2.3.8843.25471~~RJStevensMusicPresentationCreator.Program~0000000039
2025-01-18 20:29:21.6322~ INFO~Deployment Version: 2.2.0.7~~RJStevensMusicPresentationCreator.Program~0000000040
2025-01-18 20:29:21.6322~TRACE~LastExecutedDeploymentVersion: 0.0.0.0~~RJStevensMusicPresentationCreator.Program~0000000041
2025-01-18 20:29:21.6322~TRACE~<- RunOneTimeUpdates()~~RJStevensMusicPresentationCreator.Program~0000000042
2025-01-18 21:04:11.3357~DEBUG~-- Disable(DisableCount = 0)~~RJStevensMusicPresentationCreator.frmSelector~0000000043
2025-01-18 21:04:11.4804~DEBUG~-- SetMessage(messageText = Preparing slides for the selected hymns...)~~RJStevensMusicPresentationCreator.frmSelector~0000000044
2025-01-18 21:04:11.4914~TRACE~Text changing from '' to 'End of Verse 1'~~RJStevensMusicPresentationCreator.SlideToAdd~0000000045
2025-01-18 21:04:11.4914~TRACE~Text changing from '' to 'End of Verse 2'~~RJStevensMusicPresentationCreator.SlideToAdd~0000000046
2025-01-18 21:04:11.4914~TRACE~Text changing from '' to 'End of Song'~~RJStevensMusicPresentationCreator.SlideToAdd~0000000047
2025-01-18 21:04:11.4914~DEBUG~-- SetMessage(messageText = )~~RJStevensMusicPresentationCreator.frmSelector~0000000048
2025-01-18 21:04:11.4914~DEBUG~-- Enable(overrideCount = False, DisableCount = 1, NoEnable = False)~~RJStevensMusicPresentationCreator.frmSelector~0000000049
2025-01-18 21:04:52.0100~DEBUG~-- Disable(DisableCount = 0)~~RJStevensMusicPresentationCreator.frmSelector~0000000050
2025-01-18 21:04:52.7909~DEBUG~-- SetMessage(messageText = Saving PowerPoint Presentation file...)~~RJStevensMusicPresentationCreator.frmSelector~0000000051
2025-01-18 21:04:57.8286~DEBUG~-- SetMessage(messageText = )~~RJStevensMusicPresentationCreator.frmSelector~0000000052
2025-01-18 21:04:57.8286~DEBUG~-- Enable(overrideCount = False, DisableCount = 1, NoEnable = False)~~RJStevensMusicPresentationCreator.frmSelector~0000000053
2025-01-18 21:14:00.2474~TRACE~<- Main()~~RJStevensMusicPresentationCreator.Program~0000000054
