EventDateTime~EventLevel~EventMsg~EventException~EventLogger~EventID
2025-02-01 10:39:14.7605~TRACE~-> Main()~~RJStevensMusicPresentationCreator.Program~0000000001
2025-02-01 10:39:14.8045~TRACE~   .Net Framework Version: 4.8~~RJStevensMusicPresentationCreator.Program~0000000002
2025-02-01 10:39:14.8045~TRACE~   OS Version: Windows 10 Enterprise Release 2009 (Build 19045.5371)  64-bit~~RJStevensMusicPresentationCreator.Program~0000000003
2025-02-01 10:39:14.8045~TRACE~   Total RAM Memory: 8.00 GB physical RAM memory~~RJStevensMusicPresentationCreator.Program~0000000004
2025-02-01 10:39:14.8045~ WARN~System.UnauthorizedAccessException: Access to the registry key 'HKEY_LOCAL_MACHINE\Software\R.J. Stevens Music\Hymns for Worship Electronic Edition\2.3.8843.25471' is denied.%CRLF%   at Microsoft.Win32.RegistryKey.Win32Error(Int32 errorCode, String str)%CRLF%   at Microsoft.Win32.RegistryKey.CreateSubKeyInternal(String subkey, RegistryKeyPermissionCheck permissionCheck, Object registrySecurityObj, RegistryOptions registryOptions)%CRLF%   at Microsoft.Win32.RegistryKey.CreateSubKey(String subkey)%CRLF%   at RJStevensMusicPresentationCreator.Program.Main() in D:\Repos\RJSM\Presentation Creator Application\Applications\PresentationCreator15\Program.cs:line 151~System.UnauthorizedAccessException: Access to the registry key 'HKEY_LOCAL_MACHINE\Software\R.J. Stevens Music\Hymns for Worship Electronic Edition\2.3.8843.25471' is denied.%CRLF%   at Microsoft.Win32.RegistryKey.Win32Error(Int32 errorCode, String str)%CRLF%   at Microsoft.Win32.RegistryKey.CreateSubKeyInternal(String subkey, RegistryKeyPermissionCheck permissionCheck, Object registrySecurityObj, RegistryOptions registryOptions)%CRLF%   at Microsoft.Win32.RegistryKey.CreateSubKey(String subkey)%CRLF%   at RJStevensMusicPresentationCreator.Program.Main() in D:\Repos\RJSM\Presentation Creator Application\Applications\PresentationCreator15\Program.cs:line 151~RJStevensMusicPresentationCreator.Program~0000000005
2025-02-01 10:39:14.8375~ INFO~UserRegKey: HKEY_CURRENT_USER\Software\R.J. Stevens Music\Hymns for Worship Electronic Edition~~RJStevensMusicPresentationCreator.Program~0000000006
2025-02-01 10:39:14.8375~ INFO~HymnalInformationFile: C:\ProgramData\Application Data\R.J. Stevens Music\Hymns for Worship Electronic Edition\Information.hixml~~RJStevensMusicPresentationCreator.Program~0000000007
2025-02-01 10:39:14.8465~ INFO~RegKey: HKEY_CURRENT_USER\Software\R.J. Stevens Music\Hymns for Worship Electronic Edition~~RJStevensMusicPresentationCreator.RJSMRegistry~0000000008
2025-02-01 10:39:14.8465~ INFO~ProductApplicationDataFolder: C:\ProgramData\Application Data\R.J. Stevens Music\Hymns for Worship Electronic Edition~~RJStevensMusicPresentationCreator.RJSMRegistry~0000000009
2025-02-01 10:39:14.8465~ INFO~HymnalInformationFolder: C:\ProgramData\Application Data\R.J. Stevens Music\Hymns for Worship Electronic Edition~~RJStevensMusicPresentationCreator.RJSMRegistry~0000000010
2025-02-01 10:39:14.8465~ INFO~SlideTemplateFolder: C:\ProgramData\Application Data\R.J. Stevens Music\Hymns for Worship Electronic Edition\Templates~~RJStevensMusicPresentationCreator.RJSMRegistry~0000000011
2025-02-01 10:39:14.8465~ INFO~LastExecutedDeploymentVersion: 0.0.0.0~~RJStevensMusicPresentationCreator.RJSMRegistry~0000000012
2025-02-01 10:39:14.8465~ INFO~SelectedHymnal: <All>~~RJStevensMusicPresentationCreator.RJSMRegistry~0000000013
2025-02-01 10:39:14.8465~ INFO~SelectedTemplate: Single Slide Template (Fast Transition)~~RJStevensMusicPresentationCreator.RJSMRegistry~0000000014
2025-02-01 10:39:14.8465~ INFO~LastImportFolder: C:\ProgramData\Application Data\R.J. Stevens Music\Hymns for Worship Electronic Edition\eChoice\rjsec21060\PresentationCreator~~RJStevensMusicPresentationCreator.RJSMRegistry~0000000015
2025-02-01 10:39:14.8465~ INFO~DisplayTools: True~~RJStevensMusicPresentationCreator.RJSMRegistry~0000000016
2025-02-01 10:39:14.8465~ INFO~HymnList: True~~RJStevensMusicPresentationCreator.RJSMRegistry~0000000017
2025-02-01 10:39:14.8465~ INFO~HymnText: True~~RJStevensMusicPresentationCreator.RJSMRegistry~0000000018
2025-02-01 10:39:14.8465~ INFO~HymnalSelection: True~~RJStevensMusicPresentationCreator.RJSMRegistry~0000000019
2025-02-01 10:39:14.8465~ INFO~TemplateSelection: True~~RJStevensMusicPresentationCreator.RJSMRegistry~0000000020
2025-02-01 10:39:14.8465~ INFO~FillWindow: True~~RJStevensMusicPresentationCreator.RJSMRegistry~0000000021
2025-02-01 10:39:14.8625~ INFO~PresenterImage: True~~RJStevensMusicPresentationCreator.RJSMRegistry~0000000022
2025-02-01 10:39:14.8625~ INFO~SelectorWindowPosition: Normal,449,127,974,1047~~RJStevensMusicPresentationCreator.RJSMRegistry~0000000023
2025-02-01 10:39:14.8625~ INFO~SlideWindowPosition: Normal,0,0,0,0~~RJStevensMusicPresentationCreator.RJSMRegistry~0000000024
2025-02-01 10:39:14.8625~ INFO~ViewSplitPosition: 0.0260960334029227557411273486~~RJStevensMusicPresentationCreator.RJSMRegistry~0000000025
2025-02-01 10:39:14.8625~ INFO~HymnsSplitPosition: 0.5930880713489409141583054627~~RJStevensMusicPresentationCreator.RJSMRegistry~0000000026
2025-02-01 10:39:14.8625~ INFO~HymnsListSplitPosition: 0.795112781954887218045112782~~RJStevensMusicPresentationCreator.RJSMRegistry~0000000027
2025-02-01 10:39:14.8625~ INFO~InternalViewerSplitPosition: 0.15~~RJStevensMusicPresentationCreator.RJSMRegistry~0000000028
2025-02-01 10:39:14.8625~ INFO~DateOfFirstLicenseCheck: 3/15/2020 12:00:00 AM~~RJStevensMusicPresentationCreator.RJSMRegistry~0000000029
2025-02-01 10:39:14.8625~ INFO~ProductImprovementConsent: True~~RJStevensMusicPresentationCreator.RJSMRegistry~0000000030
2025-02-01 10:39:14.8625~ INFO~RevisedPrinting: (Latest)~~RJStevensMusicPresentationCreator.RJSMRegistry~0000000031
2025-02-01 10:39:14.8625~TRACE~   Is fast disk? True~~RJStevensMusicPresentationCreator.Program~0000000032
2025-02-01 10:39:17.3827~ INFO~AllHymnals Length: 4~~RJStevensMusicPresentationCreator.Program~0000000033
2025-02-01 10:39:17.3947~TRACE~-> AddTemplates()~~RJStevensMusicPresentationCreator.frmSelector~0000000034
2025-02-01 10:39:17.3947~TRACE~<- AddTemplates()~~RJStevensMusicPresentationCreator.frmSelector~0000000035
2025-02-01 10:39:17.3947~FATAL~License Mode: Licensed~~RJStevensMusicPresentationCreator.Program~0000000036
2025-02-01 10:39:17.3947~FATAL~Override to License Mode: Licensed~~RJStevensMusicPresentationCreator.Program~0000000037
2025-02-01 10:39:17.8197~TRACE~-> RunOneTimeUpdates()~~RJStevensMusicPresentationCreator.Program~0000000038
2025-02-01 10:39:17.8197~ INFO~Product Version: 2.3.8843.25471~~RJStevensMusicPresentationCreator.Program~0000000039
2025-02-01 10:39:17.8197~ INFO~Deployment Version: 2.2.0.7~~RJStevensMusicPresentationCreator.Program~0000000040
2025-02-01 10:39:17.8197~TRACE~LastExecutedDeploymentVersion: 0.0.0.0~~RJStevensMusicPresentationCreator.Program~0000000041
2025-02-01 10:39:17.8197~TRACE~<- RunOneTimeUpdates()~~RJStevensMusicPresentationCreator.Program~0000000042
2025-02-01 11:00:32.8654~DEBUG~-- Disable(DisableCount = 0)~~RJStevensMusicPresentationCreator.frmSelector~0000000043
2025-02-01 11:00:33.0084~DEBUG~-- SetMessage(messageText = Preparing slides for the selected hymns...)~~RJStevensMusicPresentationCreator.frmSelector~0000000044
2025-02-01 11:00:33.0294~TRACE~Text changing from '' to 'End of Verse 1'~~RJStevensMusicPresentationCreator.SlideToAdd~0000000045
2025-02-01 11:00:33.0344~TRACE~Text changing from '' to 'End of Verse 2'~~RJStevensMusicPresentationCreator.SlideToAdd~0000000046
2025-02-01 11:00:33.0344~TRACE~Text changing from '' to 'End of Song'~~RJStevensMusicPresentationCreator.SlideToAdd~0000000047
2025-02-01 11:00:33.0344~DEBUG~-- SetMessage(messageText = )~~RJStevensMusicPresentationCreator.frmSelector~0000000048
2025-02-01 11:00:33.0344~DEBUG~-- Enable(overrideCount = False, DisableCount = 1, NoEnable = False)~~RJStevensMusicPresentationCreator.frmSelector~0000000049
2025-02-01 11:01:05.8449~DEBUG~-- Disable(DisableCount = 0)~~RJStevensMusicPresentationCreator.frmSelector~0000000050
2025-02-01 11:01:06.0409~DEBUG~-- SetMessage(messageText = Preparing slides for the selected hymns...)~~RJStevensMusicPresentationCreator.frmSelector~0000000051
2025-02-01 11:01:06.0499~TRACE~Text changing from '' to 'End of Verse 1'~~RJStevensMusicPresentationCreator.SlideToAdd~0000000052
2025-02-01 11:01:06.0499~TRACE~Text changing from '' to 'End of Verse 2'~~RJStevensMusicPresentationCreator.SlideToAdd~0000000053
2025-02-01 11:01:06.0499~TRACE~Text changing from '' to 'End of Song'~~RJStevensMusicPresentationCreator.SlideToAdd~0000000054
2025-02-01 11:01:06.0499~DEBUG~-- SetMessage(messageText = )~~RJStevensMusicPresentationCreator.frmSelector~0000000055
2025-02-01 11:01:06.0669~DEBUG~-- Enable(overrideCount = False, DisableCount = 1, NoEnable = False)~~RJStevensMusicPresentationCreator.frmSelector~0000000056
2025-02-01 11:01:11.9028~DEBUG~-- Disable(DisableCount = 0)~~RJStevensMusicPresentationCreator.frmSelector~0000000057
2025-02-01 11:01:12.7506~DEBUG~-- SetMessage(messageText = Saving PowerPoint Presentation file...)~~RJStevensMusicPresentationCreator.frmSelector~0000000058
2025-02-01 11:01:15.0365~DEBUG~-- SetMessage(messageText = )~~RJStevensMusicPresentationCreator.frmSelector~0000000059
2025-02-01 11:01:15.0365~DEBUG~-- Enable(overrideCount = False, DisableCount = 1, NoEnable = False)~~RJStevensMusicPresentationCreator.frmSelector~0000000060
2025-02-01 12:24:00.8896~DEBUG~-- Disable(DisableCount = 0)~~RJStevensMusicPresentationCreator.frmSelector~0000000061
2025-02-01 12:24:01.0073~DEBUG~-- SetMessage(messageText = Preparing slides for the selected hymns...)~~RJStevensMusicPresentationCreator.frmSelector~0000000062
2025-02-01 12:24:01.0073~TRACE~Text changing from '' to 'End of Verse 1'~~RJStevensMusicPresentationCreator.SlideToAdd~0000000063
2025-02-01 12:24:01.0073~TRACE~Text changing from '' to 'End of Song'~~RJStevensMusicPresentationCreator.SlideToAdd~0000000064
2025-02-01 12:24:01.0073~DEBUG~-- SetMessage(messageText = )~~RJStevensMusicPresentationCreator.frmSelector~0000000065
2025-02-01 12:24:01.0073~DEBUG~-- Enable(overrideCount = False, DisableCount = 1, NoEnable = False)~~RJStevensMusicPresentationCreator.frmSelector~0000000066
2025-02-01 12:24:48.8673~DEBUG~-- Disable(DisableCount = 0)~~RJStevensMusicPresentationCreator.frmSelector~0000000067
2025-02-01 12:24:49.3173~DEBUG~-- SetMessage(messageText = Saving PowerPoint Presentation file...)~~RJStevensMusicPresentationCreator.frmSelector~0000000068
2025-02-01 12:24:53.7067~DEBUG~-- SetMessage(messageText = )~~RJStevensMusicPresentationCreator.frmSelector~0000000069
2025-02-01 12:24:53.7067~DEBUG~-- Enable(overrideCount = False, DisableCount = 1, NoEnable = False)~~RJStevensMusicPresentationCreator.frmSelector~0000000070
2025-02-01 12:31:58.6514~DEBUG~-- Disable(DisableCount = 0)~~RJStevensMusicPresentationCreator.frmSelector~0000000071
2025-02-01 12:31:58.7884~DEBUG~-- SetMessage(messageText = Preparing slides for the selected hymns...)~~RJStevensMusicPresentationCreator.frmSelector~0000000072
2025-02-01 12:31:58.7999~TRACE~Text changing from '' to 'End of Verse 1'~~RJStevensMusicPresentationCreator.SlideToAdd~0000000073
2025-02-01 12:31:58.7999~TRACE~Text changing from '' to 'End of Verse 2'~~RJStevensMusicPresentationCreator.SlideToAdd~0000000074
2025-02-01 12:31:58.7999~TRACE~Text changing from '' to 'End of Song'~~RJStevensMusicPresentationCreator.SlideToAdd~0000000075
2025-02-01 12:31:58.7999~DEBUG~-- SetMessage(messageText = )~~RJStevensMusicPresentationCreator.frmSelector~0000000076
2025-02-01 12:31:58.7999~DEBUG~-- Enable(overrideCount = False, DisableCount = 1, NoEnable = False)~~RJStevensMusicPresentationCreator.frmSelector~0000000077
2025-02-01 12:32:19.0829~DEBUG~-- Disable(DisableCount = 0)~~RJStevensMusicPresentationCreator.frmSelector~0000000078
2025-02-01 12:32:19.7882~DEBUG~-- SetMessage(messageText = Saving PowerPoint Presentation file...)~~RJStevensMusicPresentationCreator.frmSelector~0000000079
2025-02-01 12:32:27.9671~DEBUG~-- SetMessage(messageText = )~~RJStevensMusicPresentationCreator.frmSelector~0000000080
2025-02-01 12:32:27.9671~DEBUG~-- Enable(overrideCount = False, DisableCount = 1, NoEnable = False)~~RJStevensMusicPresentationCreator.frmSelector~0000000081
2025-02-01 13:24:23.3973~DEBUG~-- Disable(DisableCount = 0)~~RJStevensMusicPresentationCreator.frmSelector~0000000082
2025-02-01 13:24:23.5236~DEBUG~-- SetMessage(messageText = Preparing slides for the selected hymns...)~~RJStevensMusicPresentationCreator.frmSelector~0000000083
2025-02-01 13:24:23.5236~TRACE~Text changing from '' to 'End of Verse 1'~~RJStevensMusicPresentationCreator.SlideToAdd~0000000084
2025-02-01 13:24:23.5236~TRACE~Text changing from '' to 'End of Verse 2'~~RJStevensMusicPresentationCreator.SlideToAdd~0000000085
2025-02-01 13:24:23.5356~TRACE~Text changing from '' to 'End of Song'~~RJStevensMusicPresentationCreator.SlideToAdd~0000000086
2025-02-01 13:24:23.5356~TRACE~Text changing from '' to 'End of Verse 1'~~RJStevensMusicPresentationCreator.SlideToAdd~0000000087
2025-02-01 13:24:23.5356~TRACE~Text changing from '' to 'End of Verse 2'~~RJStevensMusicPresentationCreator.SlideToAdd~0000000088
2025-02-01 13:24:23.5356~TRACE~Text changing from '' to 'End of Song'~~RJStevensMusicPresentationCreator.SlideToAdd~0000000089
2025-02-01 13:24:23.5496~TRACE~Text changing from '' to 'End of Verse 1'~~RJStevensMusicPresentationCreator.SlideToAdd~0000000090
2025-02-01 13:24:23.5496~TRACE~Text changing from '' to 'End of Verse 2'~~RJStevensMusicPresentationCreator.SlideToAdd~0000000091
2025-02-01 13:24:23.5496~TRACE~Text changing from '' to 'End of Song'~~RJStevensMusicPresentationCreator.SlideToAdd~0000000092
2025-02-01 13:24:23.5496~DEBUG~-- SetMessage(messageText = )~~RJStevensMusicPresentationCreator.frmSelector~0000000093
2025-02-01 13:24:23.5496~DEBUG~-- Enable(overrideCount = False, DisableCount = 1, NoEnable = False)~~RJStevensMusicPresentationCreator.frmSelector~0000000094
2025-02-01 13:24:31.2198~DEBUG~-- Disable(DisableCount = 0)~~RJStevensMusicPresentationCreator.frmSelector~0000000095
2025-02-01 13:24:32.4184~DEBUG~-- SetMessage(messageText = Saving PowerPoint Presentation file...)~~RJStevensMusicPresentationCreator.frmSelector~0000000096
2025-02-01 13:24:34.2792~DEBUG~-- SetMessage(messageText = )~~RJStevensMusicPresentationCreator.frmSelector~0000000097
2025-02-01 13:24:34.2852~DEBUG~-- Enable(overrideCount = False, DisableCount = 1, NoEnable = False)~~RJStevensMusicPresentationCreator.frmSelector~0000000098
2025-02-01 14:21:39.7213~TRACE~<- Main()~~RJStevensMusicPresentationCreator.Program~0000000099
