EventDateTime~EventLevel~EventMsg~EventException~EventLogger~EventID
2025-10-29 08:30:52.2140~TRACE~-> Main()~~RJStevensMusicPresentationCreator.Program~0000000001
2025-10-29 08:30:52.2460~TRACE~   .Net Framework Version: 4.8~~RJStevensMusicPresentationCreator.Program~0000000002
2025-10-29 08:30:52.2460~TRACE~   OS Version: Windows 10 Enterprise Release 2009 (Build 19045.6456)  64-bit~~RJStevensMusicPresentationCreator.Program~0000000003
2025-10-29 08:30:52.2460~TRACE~   Total RAM Memory: 8.00 GB physical RAM memory~~RJStevensMusicPresentationCreator.Program~0000000004
2025-10-29 08:30:52.2620~ WARN~System.UnauthorizedAccessException: Access to the registry key 'HKEY_LOCAL_MACHINE\Software\R.J. Stevens Music\Hymns for Worship Electronic Edition\2.3.8843.25471' is denied.%CRLF%   at Microsoft.Win32.RegistryKey.Win32Error(Int32 errorCode, String str)%CRLF%   at Microsoft.Win32.RegistryKey.CreateSubKeyInternal(String subkey, RegistryKeyPermissionCheck permissionCheck, Object registrySecurityObj, RegistryOptions registryOptions)%CRLF%   at Microsoft.Win32.RegistryKey.CreateSubKey(String subkey)%CRLF%   at RJStevensMusicPresentationCreator.Program.Main() in D:\Repos\RJSM\Presentation Creator Application\Applications\PresentationCreator15\Program.cs:line 151~System.UnauthorizedAccessException: Access to the registry key 'HKEY_LOCAL_MACHINE\Software\R.J. Stevens Music\Hymns for Worship Electronic Edition\2.3.8843.25471' is denied.%CRLF%   at Microsoft.Win32.RegistryKey.Win32Error(Int32 errorCode, String str)%CRLF%   at Microsoft.Win32.RegistryKey.CreateSubKeyInternal(String subkey, RegistryKeyPermissionCheck permissionCheck, Object registrySecurityObj, RegistryOptions registryOptions)%CRLF%   at Microsoft.Win32.RegistryKey.CreateSubKey(String subkey)%CRLF%   at RJStevensMusicPresentationCreator.Program.Main() in D:\Repos\RJSM\Presentation Creator Application\Applications\PresentationCreator15\Program.cs:line 151~RJStevensMusicPresentationCreator.Program~0000000005
2025-10-29 08:30:52.2920~ INFO~UserRegKey: HKEY_CURRENT_USER\Software\R.J. Stevens Music\Hymns for Worship Electronic Edition~~RJStevensMusicPresentationCreator.Program~0000000006
2025-10-29 08:30:52.3000~ INFO~HymnalInformationFile: C:\ProgramData\Application Data\R.J. Stevens Music\Hymns for Worship Electronic Edition\Information.hixml~~RJStevensMusicPresentationCreator.Program~0000000007
2025-10-29 08:30:52.3000~ INFO~RegKey: HKEY_CURRENT_USER\Software\R.J. Stevens Music\Hymns for Worship Electronic Edition~~RJStevensMusicPresentationCreator.RJSMRegistry~0000000008
2025-10-29 08:30:52.3000~ INFO~ProductApplicationDataFolder: C:\ProgramData\Application Data\R.J. Stevens Music\Hymns for Worship Electronic Edition~~RJStevensMusicPresentationCreator.RJSMRegistry~0000000009
2025-10-29 08:30:52.3000~ INFO~HymnalInformationFolder: C:\ProgramData\Application Data\R.J. Stevens Music\Hymns for Worship Electronic Edition~~RJStevensMusicPresentationCreator.RJSMRegistry~0000000010
2025-10-29 08:30:52.3000~ INFO~SlideTemplateFolder: C:\ProgramData\Application Data\R.J. Stevens Music\Hymns for Worship Electronic Edition\Templates~~RJStevensMusicPresentationCreator.RJSMRegistry~0000000011
2025-10-29 08:30:52.3000~ INFO~LastExecutedDeploymentVersion: 0.0.0.0~~RJStevensMusicPresentationCreator.RJSMRegistry~0000000012
2025-10-29 08:30:52.3000~ INFO~SelectedHymnal: <All>~~RJStevensMusicPresentationCreator.RJSMRegistry~0000000013
2025-10-29 08:30:52.3000~ INFO~SelectedTemplate: Single Slide Template (Fast Transition)--Widescreen~~RJStevensMusicPresentationCreator.RJSMRegistry~0000000014
2025-10-29 08:30:52.3150~ INFO~LastImportFolder: C:\Users\cofc_\Downloads~~RJStevensMusicPresentationCreator.RJSMRegistry~0000000015
2025-10-29 08:30:52.3150~ INFO~DisplayTools: True~~RJStevensMusicPresentationCreator.RJSMRegistry~0000000016
2025-10-29 08:30:52.3150~ INFO~HymnList: True~~RJStevensMusicPresentationCreator.RJSMRegistry~0000000017
2025-10-29 08:30:52.3150~ INFO~HymnText: True~~RJStevensMusicPresentationCreator.RJSMRegistry~0000000018
2025-10-29 08:30:52.3150~ INFO~HymnalSelection: True~~RJStevensMusicPresentationCreator.RJSMRegistry~0000000019
2025-10-29 08:30:52.3150~ INFO~TemplateSelection: True~~RJStevensMusicPresentationCreator.RJSMRegistry~0000000020
2025-10-29 08:30:52.3150~ INFO~FillWindow: True~~RJStevensMusicPresentationCreator.RJSMRegistry~0000000021
2025-10-29 08:30:52.3150~ INFO~PresenterImage: True~~RJStevensMusicPresentationCreator.RJSMRegistry~0000000022
2025-10-29 08:30:52.3150~ INFO~SelectorWindowPosition: Minimized,1205,4,716,1039~~RJStevensMusicPresentationCreator.RJSMRegistry~0000000023
2025-10-29 08:30:52.3150~ INFO~SlideWindowPosition: Normal,0,0,0,0~~RJStevensMusicPresentationCreator.RJSMRegistry~0000000024
2025-10-29 08:30:52.3150~ INFO~ViewSplitPosition: 0.75~~RJStevensMusicPresentationCreator.RJSMRegistry~0000000025
2025-10-29 08:30:52.3150~ INFO~HymnsSplitPosition: 0.6366704161979752530933633296~~RJStevensMusicPresentationCreator.RJSMRegistry~0000000026
2025-10-29 08:30:52.3240~ INFO~HymnsListSplitPosition: 0.7685512367491166077738515901~~RJStevensMusicPresentationCreator.RJSMRegistry~0000000027
2025-10-29 08:30:52.3240~ INFO~InternalViewerSplitPosition: 0.15~~RJStevensMusicPresentationCreator.RJSMRegistry~0000000028
2025-10-29 08:30:52.3240~ INFO~DateOfFirstLicenseCheck: 3/15/2020 12:00:00 AM~~RJStevensMusicPresentationCreator.RJSMRegistry~0000000029
2025-10-29 08:30:52.3240~ INFO~ProductImprovementConsent: True~~RJStevensMusicPresentationCreator.RJSMRegistry~0000000030
2025-10-29 08:30:52.3240~ INFO~RevisedPrinting: (Latest)~~RJStevensMusicPresentationCreator.RJSMRegistry~0000000031
2025-10-29 08:30:52.3240~TRACE~   Is fast disk? True~~RJStevensMusicPresentationCreator.Program~0000000032
2025-10-29 08:30:54.9112~ INFO~AllHymnals Length: 4~~RJStevensMusicPresentationCreator.Program~0000000033
2025-10-29 08:30:54.9262~TRACE~-> AddTemplates()~~RJStevensMusicPresentationCreator.frmSelector~0000000034
2025-10-29 08:30:54.9262~TRACE~<- AddTemplates()~~RJStevensMusicPresentationCreator.frmSelector~0000000035
2025-10-29 08:30:54.9262~FATAL~License Mode: Licensed~~RJStevensMusicPresentationCreator.Program~0000000036
2025-10-29 08:30:54.9262~FATAL~Override to License Mode: Licensed~~RJStevensMusicPresentationCreator.Program~0000000037
2025-10-29 08:30:55.3556~TRACE~-> RunOneTimeUpdates()~~RJStevensMusicPresentationCreator.Program~0000000038
2025-10-29 08:30:55.3556~ INFO~Product Version: 2.3.8843.25471~~RJStevensMusicPresentationCreator.Program~0000000039
2025-10-29 08:30:55.3556~ INFO~Deployment Version: 2.2.0.7~~RJStevensMusicPresentationCreator.Program~0000000040
2025-10-29 08:30:55.3556~TRACE~LastExecutedDeploymentVersion: 0.0.0.0~~RJStevensMusicPresentationCreator.Program~0000000041
2025-10-29 08:30:55.3556~TRACE~<- RunOneTimeUpdates()~~RJStevensMusicPresentationCreator.Program~0000000042
2025-10-29 08:33:03.4386~DEBUG~-- Disable(DisableCount = 0)~~RJStevensMusicPresentationCreator.frmSelector~0000000043
2025-10-29 08:33:03.5380~DEBUG~-- SetMessage(messageText = Preparing slides for the selected hymns...)~~RJStevensMusicPresentationCreator.frmSelector~0000000044
2025-10-29 08:33:03.5510~TRACE~Text changing from '' to 'End of Verse 1'~~RJStevensMusicPresentationCreator.SlideToAdd~0000000045
2025-10-29 08:33:03.5510~TRACE~Text changing from '' to 'End of Song'~~RJStevensMusicPresentationCreator.SlideToAdd~0000000046
2025-10-29 08:33:03.5510~TRACE~Text changing from '' to 'End of Verse 1'~~RJStevensMusicPresentationCreator.SlideToAdd~0000000047
2025-10-29 08:33:03.5510~TRACE~Text changing from '' to 'End of Song'~~RJStevensMusicPresentationCreator.SlideToAdd~0000000048
2025-10-29 08:33:03.5510~DEBUG~-- SetMessage(messageText = )~~RJStevensMusicPresentationCreator.frmSelector~0000000049
2025-10-29 08:33:03.5590~DEBUG~-- Enable(overrideCount = False, DisableCount = 1, NoEnable = False)~~RJStevensMusicPresentationCreator.frmSelector~0000000050
2025-10-29 08:33:48.6014~DEBUG~-- Disable(DisableCount = 0)~~RJStevensMusicPresentationCreator.frmSelector~0000000051
2025-10-29 08:33:49.1925~DEBUG~-- SetMessage(messageText = Saving PowerPoint Presentation file...)~~RJStevensMusicPresentationCreator.frmSelector~0000000052
2025-10-29 08:33:52.2929~DEBUG~-- SetMessage(messageText = )~~RJStevensMusicPresentationCreator.frmSelector~0000000053
2025-10-29 08:33:52.2929~DEBUG~-- Enable(overrideCount = False, DisableCount = 1, NoEnable = False)~~RJStevensMusicPresentationCreator.frmSelector~0000000054
2025-10-29 18:51:42.1505~FATAL~System.ArgumentException: Invalid hymn number WORTHY%CRLF%   at RJStevensMusicPresentationCreator.HymnNumber..ctor(String number) in D:\Repos\RJSM\Presentation Creator Application\Applications\PresentationCreator15\HymnNumber.cs:line 20%CRLF%   at RJStevensMusicPresentationCreator.frmSelector.ExpertAddToTree(String instructions) in D:\Repos\RJSM\Presentation Creator Application\Applications\PresentationCreator15\frmSelector.cs:line 1368%CRLF%   at RJStevensMusicPresentationCreator.frmSelector.tsbExpertAdd_Click(Object sender, EventArgs e) in D:\Repos\RJSM\Presentation Creator Application\Applications\PresentationCreator15\frmSelector.cs:line 1269%CRLF%   at RJStevensMusicPresentationCreator.frmSelector.tstxtExpert_KeyPress(Object sender, KeyPressEventArgs e) in D:\Repos\RJSM\Presentation Creator Application\Applications\PresentationCreator15\frmSelector.cs:line 2475%CRLF%   at System.Windows.Forms.ToolStripItem.RaiseKeyPressEvent(Object key, KeyPressEventArgs e)%CRLF%   at System.Windows.Forms.Control.OnKeyPress(KeyPressEventArgs e)%CRLF%   at System.Windows.Forms.Control.ProcessKeyEventArgs(Message& m)%CRLF%   at System.Windows.Forms.Control.WmKeyChar(Message& m)%CRLF%   at System.Windows.Forms.Control.WndProc(Message& m)%CRLF%   at System.Windows.Forms.TextBoxBase.WndProc(Message& m)%CRLF%   at System.Windows.Forms.TextBox.WndProc(Message& m)%CRLF%   at System.Windows.Forms.NativeWindow.Callback(IntPtr hWnd, Int32 msg, IntPtr wparam, IntPtr lparam)~System.ArgumentException: Invalid hymn number WORTHY%CRLF%   at RJStevensMusicPresentationCreator.HymnNumber..ctor(String number) in D:\Repos\RJSM\Presentation Creator Application\Applications\PresentationCreator15\HymnNumber.cs:line 20%CRLF%   at RJStevensMusicPresentationCreator.frmSelector.ExpertAddToTree(String instructions) in D:\Repos\RJSM\Presentation Creator Application\Applications\PresentationCreator15\frmSelector.cs:line 1368%CRLF%   at RJStevensMusicPresentationCreator.frmSelector.tsbExpertAdd_Click(Object sender, EventArgs e) in D:\Repos\RJSM\Presentation Creator Application\Applications\PresentationCreator15\frmSelector.cs:line 1269%CRLF%   at RJStevensMusicPresentationCreator.frmSelector.tstxtExpert_KeyPress(Object sender, KeyPressEventArgs e) in D:\Repos\RJSM\Presentation Creator Application\Applications\PresentationCreator15\frmSelector.cs:line 2475%CRLF%   at System.Windows.Forms.ToolStripItem.RaiseKeyPressEvent(Object key, KeyPressEventArgs e)%CRLF%   at System.Windows.Forms.Control.OnKeyPress(KeyPressEventArgs e)%CRLF%   at System.Windows.Forms.Control.ProcessKeyEventArgs(Message& m)%CRLF%   at System.Windows.Forms.Control.WmKeyChar(Message& m)%CRLF%   at System.Windows.Forms.Control.WndProc(Message& m)%CRLF%   at System.Windows.Forms.TextBoxBase.WndProc(Message& m)%CRLF%   at System.Windows.Forms.TextBox.WndProc(Message& m)%CRLF%   at System.Windows.Forms.NativeWindow.Callback(IntPtr hWnd, Int32 msg, IntPtr wparam, IntPtr lparam)~RJStevensMusicPresentationCreator.Program~0000000055
2025-10-29 18:51:47.6556~FATAL~System.ArgumentException: Invalid hymn number WORTHY%CRLF%   at RJStevensMusicPresentationCreator.Program.Application_ThreadException(Object sender, ThreadExceptionEventArgs e) in D:\Repos\RJSM\Presentation Creator Application\Applications\PresentationCreator15\Program.cs:line 88%CRLF%   at System.Windows.Forms.Application.ThreadContext.OnThreadException(Exception t)%CRLF%   at System.Windows.Forms.Control.WndProcException(Exception e)%CRLF%   at System.Windows.Forms.NativeWindow.Callback(IntPtr hWnd, Int32 msg, IntPtr wparam, IntPtr lparam)%CRLF%   at System.Windows.Forms.UnsafeNativeMethods.DispatchMessageW(MSG& msg)%CRLF%   at System.Windows.Forms.Application.ComponentManager.System.Windows.Forms.UnsafeNativeMethods.IMsoComponentManager.FPushMessageLoop(IntPtr dwComponentID, Int32 reason, Int32 pvLoopData)%CRLF%   at System.Windows.Forms.Application.ThreadContext.RunMessageLoopInner(Int32 reason, ApplicationContext context)%CRLF%   at System.Windows.Forms.Application.ThreadContext.RunMessageLoop(Int32 reason, ApplicationContext context)%CRLF%   at RJStevensMusicPresentationCreator.Program.Main() in D:\Repos\RJSM\Presentation Creator Application\Applications\PresentationCreator15\Program.cs:line 393~System.ArgumentException: Invalid hymn number WORTHY%CRLF%   at RJStevensMusicPresentationCreator.Program.Application_ThreadException(Object sender, ThreadExceptionEventArgs e) in D:\Repos\RJSM\Presentation Creator Application\Applications\PresentationCreator15\Program.cs:line 88%CRLF%   at System.Windows.Forms.Application.ThreadContext.OnThreadException(Exception t)%CRLF%   at System.Windows.Forms.Control.WndProcException(Exception e)%CRLF%   at System.Windows.Forms.NativeWindow.Callback(IntPtr hWnd, Int32 msg, IntPtr wparam, IntPtr lparam)%CRLF%   at System.Windows.Forms.UnsafeNativeMethods.DispatchMessageW(MSG& msg)%CRLF%   at System.Windows.Forms.Application.ComponentManager.System.Windows.Forms.UnsafeNativeMethods.IMsoComponentManager.FPushMessageLoop(IntPtr dwComponentID, Int32 reason, Int32 pvLoopData)%CRLF%   at System.Windows.Forms.Application.ThreadContext.RunMessageLoopInner(Int32 reason, ApplicationContext context)%CRLF%   at System.Windows.Forms.Application.ThreadContext.RunMessageLoop(Int32 reason, ApplicationContext context)%CRLF%   at RJStevensMusicPresentationCreator.Program.Main() in D:\Repos\RJSM\Presentation Creator Application\Applications\PresentationCreator15\Program.cs:line 393~RJStevensMusicPresentationCreator.Program~0000000056
2025-10-29 18:51:53.1318~TRACE~<- Main()~~RJStevensMusicPresentationCreator.Program~0000000057
