EventDateTime~EventLevel~EventMsg~EventException~EventLogger~EventID
2026-02-28 17:16:08.1958~TRACE~-> Main()~~RJStevensMusicPresentationCreator.Program~0000000001
2026-02-28 17:16:08.2235~TRACE~   .Net Framework Version: 4.8~~RJStevensMusicPresentationCreator.Program~0000000002
2026-02-28 17:16:08.2235~TRACE~   OS Version: Windows 10 Enterprise Release 2009 (Build 26200.7840)  64-bit~~RJStevensMusicPresentationCreator.Program~0000000003
2026-02-28 17:16:08.2235~TRACE~   Total RAM Memory: 32.00 GB physical RAM memory~~RJStevensMusicPresentationCreator.Program~0000000004
2026-02-28 17:16:08.2235~ WARN~System.UnauthorizedAccessException: Access to the registry key 'HKEY_LOCAL_MACHINE\Software\R.J. Stevens Music\Hymns for Worship Electronic Edition\2.3.8843.25471' is denied.%CRLF%   at Microsoft.Win32.RegistryKey.Win32Error(Int32 errorCode, String str)%CRLF%   at Microsoft.Win32.RegistryKey.CreateSubKeyInternal(String subkey, RegistryKeyPermissionCheck permissionCheck, Object registrySecurityObj, RegistryOptions registryOptions)%CRLF%   at Microsoft.Win32.RegistryKey.CreateSubKey(String subkey)%CRLF%   at RJStevensMusicPresentationCreator.Program.Main() in D:\Repos\RJSM\Presentation Creator Application\Applications\PresentationCreator15\Program.cs:line 151~System.UnauthorizedAccessException: Access to the registry key 'HKEY_LOCAL_MACHINE\Software\R.J. Stevens Music\Hymns for Worship Electronic Edition\2.3.8843.25471' is denied.%CRLF%   at Microsoft.Win32.RegistryKey.Win32Error(Int32 errorCode, String str)%CRLF%   at Microsoft.Win32.RegistryKey.CreateSubKeyInternal(String subkey, RegistryKeyPermissionCheck permissionCheck, Object registrySecurityObj, RegistryOptions registryOptions)%CRLF%   at Microsoft.Win32.RegistryKey.CreateSubKey(String subkey)%CRLF%   at RJStevensMusicPresentationCreator.Program.Main() in D:\Repos\RJSM\Presentation Creator Application\Applications\PresentationCreator15\Program.cs:line 151~RJStevensMusicPresentationCreator.Program~0000000005
2026-02-28 17:16:08.2361~ INFO~UserRegKey: HKEY_CURRENT_USER\Software\R.J. Stevens Music\Hymns for Worship Electronic Edition~~RJStevensMusicPresentationCreator.Program~0000000006
2026-02-28 17:16:08.2361~ INFO~HymnalInformationFile: C:\ProgramData\Application Data\R.J. Stevens Music\Hymns for Worship Electronic Edition\Information.hixml~~RJStevensMusicPresentationCreator.Program~0000000007
2026-02-28 17:16:08.2361~ INFO~RegKey: HKEY_CURRENT_USER\Software\R.J. Stevens Music\Hymns for Worship Electronic Edition~~RJStevensMusicPresentationCreator.RJSMRegistry~0000000008
2026-02-28 17:16:08.2361~ INFO~ProductApplicationDataFolder: C:\ProgramData\Application Data\R.J. Stevens Music\Hymns for Worship Electronic Edition~~RJStevensMusicPresentationCreator.RJSMRegistry~0000000009
2026-02-28 17:16:08.2361~ INFO~HymnalInformationFolder: C:\ProgramData\Application Data\R.J. Stevens Music\Hymns for Worship Electronic Edition~~RJStevensMusicPresentationCreator.RJSMRegistry~0000000010
2026-02-28 17:16:08.2361~ INFO~SlideTemplateFolder: C:\ProgramData\Application Data\R.J. Stevens Music\Hymns for Worship Electronic Edition\Templates~~RJStevensMusicPresentationCreator.RJSMRegistry~0000000011
2026-02-28 17:16:08.2361~ INFO~LastExecutedDeploymentVersion: 0.0.0.0~~RJStevensMusicPresentationCreator.RJSMRegistry~0000000012
2026-02-28 17:16:08.2361~ INFO~SelectedHymnal: <All>~~RJStevensMusicPresentationCreator.RJSMRegistry~0000000013
2026-02-28 17:16:08.2361~ INFO~SelectedTemplate: Single Slide Template (Fast Transition)--Widescreen~~RJStevensMusicPresentationCreator.RJSMRegistry~0000000014
2026-02-28 17:16:08.2361~ INFO~LastImportFolder: C:\ProgramData\Application Data\R.J. Stevens Music\Hymns for Worship Electronic Edition\eChoice~~RJStevensMusicPresentationCreator.RJSMRegistry~0000000015
2026-02-28 17:16:08.2361~ INFO~DisplayTools: True~~RJStevensMusicPresentationCreator.RJSMRegistry~0000000016
2026-02-28 17:16:08.2361~ INFO~HymnList: True~~RJStevensMusicPresentationCreator.RJSMRegistry~0000000017
2026-02-28 17:16:08.2361~ INFO~HymnText: True~~RJStevensMusicPresentationCreator.RJSMRegistry~0000000018
2026-02-28 17:16:08.2361~ INFO~HymnalSelection: True~~RJStevensMusicPresentationCreator.RJSMRegistry~0000000019
2026-02-28 17:16:08.2361~ INFO~TemplateSelection: True~~RJStevensMusicPresentationCreator.RJSMRegistry~0000000020
2026-02-28 17:16:08.2361~ INFO~FillWindow: False~~RJStevensMusicPresentationCreator.RJSMRegistry~0000000021
2026-02-28 17:16:08.2361~ INFO~PresenterImage: True~~RJStevensMusicPresentationCreator.RJSMRegistry~0000000022
2026-02-28 17:16:08.2361~ INFO~SelectorWindowPosition: Normal,1290,108,637,931~~RJStevensMusicPresentationCreator.RJSMRegistry~0000000023
2026-02-28 17:16:08.2361~ INFO~SlideWindowPosition: Normal,0,0,0,0~~RJStevensMusicPresentationCreator.RJSMRegistry~0000000024
2026-02-28 17:16:08.2361~ INFO~ViewSplitPosition: 0.7504025764895330112721417069~~RJStevensMusicPresentationCreator.RJSMRegistry~0000000025
2026-02-28 17:16:08.2516~ INFO~HymnsSplitPosition: 0.5697823303457106274007682458~~RJStevensMusicPresentationCreator.RJSMRegistry~0000000026
2026-02-28 17:16:08.2516~ INFO~HymnsListSplitPosition: 0.6853932584269662921348314607~~RJStevensMusicPresentationCreator.RJSMRegistry~0000000027
2026-02-28 17:16:08.2516~ INFO~InternalViewerSplitPosition: 0.15~~RJStevensMusicPresentationCreator.RJSMRegistry~0000000028
2026-02-28 17:16:08.2516~ INFO~DateOfFirstLicenseCheck: 3/15/2020 12:00:00 AM~~RJStevensMusicPresentationCreator.RJSMRegistry~0000000029
2026-02-28 17:16:08.2516~ INFO~ProductImprovementConsent: True~~RJStevensMusicPresentationCreator.RJSMRegistry~0000000030
2026-02-28 17:16:08.2516~ INFO~RevisedPrinting: (Latest)~~RJStevensMusicPresentationCreator.RJSMRegistry~0000000031
2026-02-28 17:16:08.2516~TRACE~   Is fast disk? True~~RJStevensMusicPresentationCreator.Program~0000000032
2026-02-28 17:16:08.9777~ INFO~AllHymnals Length: 4~~RJStevensMusicPresentationCreator.Program~0000000033
2026-02-28 17:16:08.9777~TRACE~-> AddTemplates()~~RJStevensMusicPresentationCreator.frmSelector~0000000034
2026-02-28 17:16:08.9777~TRACE~<- AddTemplates()~~RJStevensMusicPresentationCreator.frmSelector~0000000035
2026-02-28 17:16:08.9777~FATAL~License Mode: Licensed~~RJStevensMusicPresentationCreator.Program~0000000036
2026-02-28 17:16:08.9777~FATAL~Override to License Mode: Licensed~~RJStevensMusicPresentationCreator.Program~0000000037
2026-02-28 17:16:09.1155~TRACE~-> RunOneTimeUpdates()~~RJStevensMusicPresentationCreator.Program~0000000038
2026-02-28 17:16:09.1155~ INFO~Product Version: 2.3.8843.25471~~RJStevensMusicPresentationCreator.Program~0000000039
2026-02-28 17:16:09.1155~TRACE~LastExecutedDeploymentVersion: 0.0.0.0~~RJStevensMusicPresentationCreator.Program~0000000040
2026-02-28 17:16:09.1155~TRACE~<- RunOneTimeUpdates()~~RJStevensMusicPresentationCreator.Program~0000000041
2026-02-28 17:16:27.4029~ WARN~System.Deployment.Application.InvalidDeploymentException: Application identity is not set.%CRLF%   at System.Deployment.Application.ApplicationDeployment.get_CurrentDeployment()%CRLF%   at RJStevensMusicPresentationCreator.Program.get_AssemblyDeploymentHtml() in D:\Repos\RJSM\Presentation Creator Application\Applications\PresentationCreator15\Program.cs:line 1442~System.Deployment.Application.InvalidDeploymentException: Application identity is not set.%CRLF%   at System.Deployment.Application.ApplicationDeployment.get_CurrentDeployment()%CRLF%   at RJStevensMusicPresentationCreator.Program.get_AssemblyDeploymentHtml() in D:\Repos\RJSM\Presentation Creator Application\Applications\PresentationCreator15\Program.cs:line 1442~RJStevensMusicPresentationCreator.Program~0000000042
2026-02-28 18:01:56.4556~DEBUG~-- Disable(DisableCount = 0)~~RJStevensMusicPresentationCreator.frmSelector~0000000043
2026-02-28 18:01:56.5101~DEBUG~-- SetMessage(messageText = Preparing slides for the selected hymns...)~~RJStevensMusicPresentationCreator.frmSelector~0000000044
2026-02-28 18:01:56.5101~TRACE~Text changing from '' to 'End of Song'~~RJStevensMusicPresentationCreator.SlideToAdd~0000000045
2026-02-28 18:01:56.5181~TRACE~Text changing from '' to 'End of Verse 1'~~RJStevensMusicPresentationCreator.SlideToAdd~0000000046
2026-02-28 18:01:56.5181~TRACE~Text changing from '' to 'End of Song'~~RJStevensMusicPresentationCreator.SlideToAdd~0000000047
2026-02-28 18:01:56.5181~TRACE~Text changing from '' to 'End of Verse 1'~~RJStevensMusicPresentationCreator.SlideToAdd~0000000048
2026-02-28 18:01:56.5181~TRACE~Text changing from '' to 'End of Verse 2'~~RJStevensMusicPresentationCreator.SlideToAdd~0000000049
2026-02-28 18:01:56.5181~TRACE~Text changing from '' to 'End of Verse 3'~~RJStevensMusicPresentationCreator.SlideToAdd~0000000050
2026-02-28 18:01:56.5181~TRACE~Text changing from '' to 'End of Song'~~RJStevensMusicPresentationCreator.SlideToAdd~0000000051
2026-02-28 18:01:56.5181~DEBUG~-- SetMessage(messageText = )~~RJStevensMusicPresentationCreator.frmSelector~0000000052
2026-02-28 18:01:56.5181~DEBUG~-- Enable(overrideCount = False, DisableCount = 1, NoEnable = False)~~RJStevensMusicPresentationCreator.frmSelector~0000000053
2026-02-28 18:02:19.0656~DEBUG~-- Disable(DisableCount = 0)~~RJStevensMusicPresentationCreator.frmSelector~0000000054
2026-02-28 18:02:19.8237~DEBUG~-- SetMessage(messageText = Saving PowerPoint Presentation file...)~~RJStevensMusicPresentationCreator.frmSelector~0000000055
2026-02-28 18:02:26.4239~DEBUG~-- SetMessage(messageText = )~~RJStevensMusicPresentationCreator.frmSelector~0000000056
2026-02-28 18:02:26.4239~DEBUG~-- Enable(overrideCount = False, DisableCount = 1, NoEnable = False)~~RJStevensMusicPresentationCreator.frmSelector~0000000057
2026-03-04 13:42:37.5924~DEBUG~-- Disable(DisableCount = 0)~~RJStevensMusicPresentationCreator.frmSelector~0000000058
2026-03-04 13:42:37.6412~DEBUG~-- SetMessage(messageText = Preparing slides for the selected hymns...)~~RJStevensMusicPresentationCreator.frmSelector~0000000059
2026-03-04 13:42:37.6432~TRACE~Text changing from '' to 'End of Verse 1'~~RJStevensMusicPresentationCreator.SlideToAdd~0000000060
2026-03-04 13:42:37.6432~TRACE~Text changing from '' to 'End of Verse 2'~~RJStevensMusicPresentationCreator.SlideToAdd~0000000061
2026-03-04 13:42:37.6432~TRACE~Text changing from '' to 'End of Song'~~RJStevensMusicPresentationCreator.SlideToAdd~0000000062
2026-03-04 13:42:37.6432~TRACE~Text changing from '' to 'End of Verse 1'~~RJStevensMusicPresentationCreator.SlideToAdd~0000000063
2026-03-04 13:42:37.6432~TRACE~Text changing from '' to 'End of Verse 2'~~RJStevensMusicPresentationCreator.SlideToAdd~0000000064
2026-03-04 13:42:37.6432~TRACE~Text changing from '' to 'End of Song'~~RJStevensMusicPresentationCreator.SlideToAdd~0000000065
2026-03-04 13:42:37.6432~DEBUG~-- SetMessage(messageText = )~~RJStevensMusicPresentationCreator.frmSelector~0000000066
2026-03-04 13:42:37.6432~DEBUG~-- Enable(overrideCount = False, DisableCount = 1, NoEnable = False)~~RJStevensMusicPresentationCreator.frmSelector~0000000067
2026-03-04 13:43:03.0254~DEBUG~-- Disable(DisableCount = 0)~~RJStevensMusicPresentationCreator.frmSelector~0000000068
2026-03-04 13:43:03.4821~DEBUG~-- SetMessage(messageText = Saving PowerPoint Presentation file...)~~RJStevensMusicPresentationCreator.frmSelector~0000000069
2026-03-04 13:43:12.0372~DEBUG~-- SetMessage(messageText = )~~RJStevensMusicPresentationCreator.frmSelector~0000000070
2026-03-04 13:43:12.0372~DEBUG~-- Enable(overrideCount = False, DisableCount = 1, NoEnable = False)~~RJStevensMusicPresentationCreator.frmSelector~0000000071
2026-03-07 09:17:57.6961~DEBUG~-- Disable(DisableCount = 0)~~RJStevensMusicPresentationCreator.frmSelector~0000000072
2026-03-07 09:17:57.7502~DEBUG~-- SetMessage(messageText = Preparing slides for the selected hymns...)~~RJStevensMusicPresentationCreator.frmSelector~0000000073
2026-03-07 09:17:57.7502~TRACE~Text changing from '' to 'End of Verse 1'~~RJStevensMusicPresentationCreator.SlideToAdd~0000000074
2026-03-07 09:17:57.7502~TRACE~Text changing from '' to 'End of Verse 2'~~RJStevensMusicPresentationCreator.SlideToAdd~0000000075
2026-03-07 09:17:57.7502~TRACE~Text changing from '' to 'End of Song'~~RJStevensMusicPresentationCreator.SlideToAdd~0000000076
2026-03-07 09:17:57.7502~TRACE~Text changing from '' to 'End of Verse 1'~~RJStevensMusicPresentationCreator.SlideToAdd~0000000077
2026-03-07 09:17:57.7502~TRACE~Text changing from '' to 'End of Verse 2'~~RJStevensMusicPresentationCreator.SlideToAdd~0000000078
2026-03-07 09:17:57.7632~TRACE~Text changing from '' to 'End of Song'~~RJStevensMusicPresentationCreator.SlideToAdd~0000000079
2026-03-07 09:17:57.7632~DEBUG~-- SetMessage(messageText = )~~RJStevensMusicPresentationCreator.frmSelector~0000000080
2026-03-07 09:17:57.7632~DEBUG~-- Enable(overrideCount = False, DisableCount = 1, NoEnable = False)~~RJStevensMusicPresentationCreator.frmSelector~0000000081
2026-03-07 09:18:50.0310~DEBUG~-- Disable(DisableCount = 0)~~RJStevensMusicPresentationCreator.frmSelector~0000000082
2026-03-07 09:18:50.8060~DEBUG~-- SetMessage(messageText = Saving PowerPoint Presentation file...)~~RJStevensMusicPresentationCreator.frmSelector~0000000083
2026-03-07 09:18:58.0671~DEBUG~-- SetMessage(messageText = )~~RJStevensMusicPresentationCreator.frmSelector~0000000084
2026-03-07 09:18:58.0671~DEBUG~-- Enable(overrideCount = False, DisableCount = 1, NoEnable = False)~~RJStevensMusicPresentationCreator.frmSelector~0000000085
2026-03-07 09:21:31.9536~DEBUG~-- Disable(DisableCount = 0)~~RJStevensMusicPresentationCreator.frmSelector~0000000086
2026-03-07 09:21:32.0015~DEBUG~-- SetMessage(messageText = Preparing slides for the selected hymns...)~~RJStevensMusicPresentationCreator.frmSelector~0000000087
2026-03-07 09:21:32.0015~TRACE~Text changing from '' to 'End of Verse 1'~~RJStevensMusicPresentationCreator.SlideToAdd~0000000088
2026-03-07 09:21:32.0015~TRACE~Text changing from '' to 'End of Song'~~RJStevensMusicPresentationCreator.SlideToAdd~0000000089
2026-03-07 09:21:32.0015~TRACE~Text changing from '' to 'End of Verse 1'~~RJStevensMusicPresentationCreator.SlideToAdd~0000000090
2026-03-07 09:21:32.0015~TRACE~Text changing from '' to 'End of Song'~~RJStevensMusicPresentationCreator.SlideToAdd~0000000091
2026-03-07 09:21:32.0015~DEBUG~-- SetMessage(messageText = )~~RJStevensMusicPresentationCreator.frmSelector~0000000092
2026-03-07 09:21:32.0015~DEBUG~-- Enable(overrideCount = False, DisableCount = 1, NoEnable = False)~~RJStevensMusicPresentationCreator.frmSelector~0000000093
2026-03-07 09:21:43.9178~DEBUG~-- Disable(DisableCount = 0)~~RJStevensMusicPresentationCreator.frmSelector~0000000094
2026-03-07 09:21:44.2966~DEBUG~-- SetMessage(messageText = Saving PowerPoint Presentation file...)~~RJStevensMusicPresentationCreator.frmSelector~0000000095
2026-03-07 09:21:48.7580~DEBUG~-- SetMessage(messageText = )~~RJStevensMusicPresentationCreator.frmSelector~0000000096
2026-03-07 09:21:48.7640~DEBUG~-- Enable(overrideCount = False, DisableCount = 1, NoEnable = False)~~RJStevensMusicPresentationCreator.frmSelector~0000000097
2026-03-07 13:41:31.0339~DEBUG~-- Disable(DisableCount = 0)~~RJStevensMusicPresentationCreator.frmSelector~0000000098
2026-03-07 13:41:31.0755~DEBUG~-- SetMessage(messageText = Preparing slides for the selected hymns...)~~RJStevensMusicPresentationCreator.frmSelector~0000000099
2026-03-07 13:41:31.0800~TRACE~Text changing from '' to 'End of Verse 1'~~RJStevensMusicPresentationCreator.SlideToAdd~0000000100
2026-03-07 13:41:31.0800~TRACE~Text changing from '' to 'End of Verse 2'~~RJStevensMusicPresentationCreator.SlideToAdd~0000000101
2026-03-07 13:41:31.0800~TRACE~Text changing from '' to 'End of Song'~~RJStevensMusicPresentationCreator.SlideToAdd~0000000102
2026-03-07 13:41:31.0800~TRACE~Text changing from '' to 'End of Verse 1'~~RJStevensMusicPresentationCreator.SlideToAdd~0000000103
2026-03-07 13:41:31.0800~TRACE~Text changing from '' to 'End of Verse 2'~~RJStevensMusicPresentationCreator.SlideToAdd~0000000104
2026-03-07 13:41:31.0800~TRACE~Text changing from '' to 'End of Song'~~RJStevensMusicPresentationCreator.SlideToAdd~0000000105
2026-03-07 13:41:31.0800~DEBUG~-- SetMessage(messageText = )~~RJStevensMusicPresentationCreator.frmSelector~0000000106
2026-03-07 13:41:31.0800~DEBUG~-- Enable(overrideCount = False, DisableCount = 1, NoEnable = False)~~RJStevensMusicPresentationCreator.frmSelector~0000000107
2026-03-07 13:42:29.7854~DEBUG~-- Disable(DisableCount = 0)~~RJStevensMusicPresentationCreator.frmSelector~0000000108
2026-03-07 13:42:30.2903~DEBUG~-- SetMessage(messageText = Saving PowerPoint Presentation file...)~~RJStevensMusicPresentationCreator.frmSelector~0000000109
2026-03-07 13:42:32.2441~DEBUG~-- SetMessage(messageText = )~~RJStevensMusicPresentationCreator.frmSelector~0000000110
2026-03-07 13:42:32.2441~DEBUG~-- Enable(overrideCount = False, DisableCount = 1, NoEnable = False)~~RJStevensMusicPresentationCreator.frmSelector~0000000111
2026-03-07 14:25:23.6804~DEBUG~-- Disable(DisableCount = 0)~~RJStevensMusicPresentationCreator.frmSelector~0000000112
2026-03-07 14:25:23.7282~DEBUG~-- SetMessage(messageText = Preparing slides for the selected hymns...)~~RJStevensMusicPresentationCreator.frmSelector~0000000113
2026-03-07 14:25:23.7282~TRACE~Text changing from '' to 'End of Verse 1'~~RJStevensMusicPresentationCreator.SlideToAdd~0000000114
2026-03-07 14:25:23.7282~TRACE~Text changing from '' to 'End of Song'~~RJStevensMusicPresentationCreator.SlideToAdd~0000000115
2026-03-07 14:25:23.7332~TRACE~Text changing from '' to 'End of Verse 1'~~RJStevensMusicPresentationCreator.SlideToAdd~0000000116
2026-03-07 14:25:23.7332~TRACE~Text changing from '' to 'End of Verse 2'~~RJStevensMusicPresentationCreator.SlideToAdd~0000000117
2026-03-07 14:25:23.7332~TRACE~Text changing from '' to 'End of Song'~~RJStevensMusicPresentationCreator.SlideToAdd~0000000118
2026-03-07 14:25:23.7332~DEBUG~-- SetMessage(messageText = )~~RJStevensMusicPresentationCreator.frmSelector~0000000119
2026-03-07 14:25:23.7332~DEBUG~-- Enable(overrideCount = False, DisableCount = 1, NoEnable = False)~~RJStevensMusicPresentationCreator.frmSelector~0000000120
2026-03-07 14:25:37.2962~DEBUG~-- Disable(DisableCount = 0)~~RJStevensMusicPresentationCreator.frmSelector~0000000121
2026-03-07 14:25:37.9417~DEBUG~-- SetMessage(messageText = Saving PowerPoint Presentation file...)~~RJStevensMusicPresentationCreator.frmSelector~0000000122
2026-03-07 14:25:41.1358~DEBUG~-- SetMessage(messageText = )~~RJStevensMusicPresentationCreator.frmSelector~0000000123
2026-03-07 14:25:41.1408~DEBUG~-- Enable(overrideCount = False, DisableCount = 1, NoEnable = False)~~RJStevensMusicPresentationCreator.frmSelector~0000000124
2026-03-07 14:29:52.5314~DEBUG~-- Disable(DisableCount = 0)~~RJStevensMusicPresentationCreator.frmSelector~0000000125
2026-03-07 14:29:52.5723~DEBUG~-- SetMessage(messageText = Preparing slides for the selected hymns...)~~RJStevensMusicPresentationCreator.frmSelector~0000000126
2026-03-07 14:29:52.5723~TRACE~Text changing from '' to 'End of Verse 1'~~RJStevensMusicPresentationCreator.SlideToAdd~0000000127
2026-03-07 14:29:52.5723~TRACE~Text changing from '' to 'End of Song'~~RJStevensMusicPresentationCreator.SlideToAdd~0000000128
2026-03-07 14:29:52.5723~DEBUG~-- SetMessage(messageText = )~~RJStevensMusicPresentationCreator.frmSelector~0000000129
2026-03-07 14:29:52.5763~DEBUG~-- Enable(overrideCount = False, DisableCount = 1, NoEnable = False)~~RJStevensMusicPresentationCreator.frmSelector~0000000130
2026-03-07 14:30:07.5285~DEBUG~-- Disable(DisableCount = 0)~~RJStevensMusicPresentationCreator.frmSelector~0000000131
2026-03-07 14:30:07.7549~DEBUG~-- SetMessage(messageText = Saving PowerPoint Presentation file...)~~RJStevensMusicPresentationCreator.frmSelector~0000000132
2026-03-07 14:30:09.6658~DEBUG~-- SetMessage(messageText = )~~RJStevensMusicPresentationCreator.frmSelector~0000000133
2026-03-07 14:30:09.6658~DEBUG~-- Enable(overrideCount = False, DisableCount = 1, NoEnable = False)~~RJStevensMusicPresentationCreator.frmSelector~0000000134
2026-03-07 15:12:36.1176~DEBUG~-- Disable(DisableCount = 0)~~RJStevensMusicPresentationCreator.frmSelector~0000000135
2026-03-07 15:12:36.1642~DEBUG~-- SetMessage(messageText = Preparing slides for the selected hymns...)~~RJStevensMusicPresentationCreator.frmSelector~0000000136
2026-03-07 15:12:36.1642~TRACE~Text changing from '' to 'End of Verse 1'~~RJStevensMusicPresentationCreator.SlideToAdd~0000000137
2026-03-07 15:12:36.1642~TRACE~Text changing from '' to 'End of Song'~~RJStevensMusicPresentationCreator.SlideToAdd~0000000138
2026-03-07 15:12:36.1642~DEBUG~-- SetMessage(messageText = )~~RJStevensMusicPresentationCreator.frmSelector~0000000139
2026-03-07 15:12:36.1642~DEBUG~-- Enable(overrideCount = False, DisableCount = 1, NoEnable = False)~~RJStevensMusicPresentationCreator.frmSelector~0000000140
2026-03-07 15:13:02.8444~DEBUG~-- Disable(DisableCount = 0)~~RJStevensMusicPresentationCreator.frmSelector~0000000141
2026-03-07 15:13:03.0914~DEBUG~-- SetMessage(messageText = Saving PowerPoint Presentation file...)~~RJStevensMusicPresentationCreator.frmSelector~0000000142
2026-03-07 15:13:04.6683~DEBUG~-- SetMessage(messageText = )~~RJStevensMusicPresentationCreator.frmSelector~0000000143
2026-03-07 15:13:04.6735~DEBUG~-- Enable(overrideCount = False, DisableCount = 1, NoEnable = False)~~RJStevensMusicPresentationCreator.frmSelector~0000000144
2026-03-07 15:19:26.9774~DEBUG~-- Disable(DisableCount = 0)~~RJStevensMusicPresentationCreator.frmSelector~0000000145
2026-03-07 15:19:27.0233~DEBUG~-- SetMessage(messageText = Preparing slides for the selected hymns...)~~RJStevensMusicPresentationCreator.frmSelector~0000000146
2026-03-07 15:19:27.0233~TRACE~Text changing from '' to 'End of Verse 1'~~RJStevensMusicPresentationCreator.SlideToAdd~0000000147
2026-03-07 15:19:27.0233~TRACE~Text changing from '' to 'End of Verse 2'~~RJStevensMusicPresentationCreator.SlideToAdd~0000000148
2026-03-07 15:19:27.0233~TRACE~Text changing from '' to 'End of Song'~~RJStevensMusicPresentationCreator.SlideToAdd~0000000149
2026-03-07 15:19:27.0233~DEBUG~-- SetMessage(messageText = )~~RJStevensMusicPresentationCreator.frmSelector~0000000150
2026-03-07 15:19:27.0294~DEBUG~-- Enable(overrideCount = False, DisableCount = 1, NoEnable = False)~~RJStevensMusicPresentationCreator.frmSelector~0000000151
2026-03-07 15:19:52.8087~DEBUG~-- Disable(DisableCount = 0)~~RJStevensMusicPresentationCreator.frmSelector~0000000152
2026-03-07 15:19:53.2440~DEBUG~-- SetMessage(messageText = Saving PowerPoint Presentation file...)~~RJStevensMusicPresentationCreator.frmSelector~0000000153
2026-03-07 15:19:57.2872~DEBUG~-- SetMessage(messageText = )~~RJStevensMusicPresentationCreator.frmSelector~0000000154
2026-03-07 15:19:57.2872~DEBUG~-- Enable(overrideCount = False, DisableCount = 1, NoEnable = False)~~RJStevensMusicPresentationCreator.frmSelector~0000000155
2026-03-11 13:04:57.6700~DEBUG~-- Disable(DisableCount = 0)~~RJStevensMusicPresentationCreator.frmSelector~0000000156
2026-03-11 13:04:57.7405~DEBUG~-- SetMessage(messageText = Preparing slides for the selected hymns...)~~RJStevensMusicPresentationCreator.frmSelector~0000000157
2026-03-11 13:04:57.7405~TRACE~Text changing from '' to 'End of Verse 1'~~RJStevensMusicPresentationCreator.SlideToAdd~0000000158
2026-03-11 13:04:57.7405~TRACE~Text changing from '' to 'End of Verse 2'~~RJStevensMusicPresentationCreator.SlideToAdd~0000000159
2026-03-11 13:04:57.7405~TRACE~Text changing from '' to 'End of Verse 3'~~RJStevensMusicPresentationCreator.SlideToAdd~0000000160
2026-03-11 13:04:57.7405~TRACE~Text changing from '' to 'End of Verse 4'~~RJStevensMusicPresentationCreator.SlideToAdd~0000000161
2026-03-11 13:04:57.7405~TRACE~Text changing from '' to 'End of Song'~~RJStevensMusicPresentationCreator.SlideToAdd~0000000162
2026-03-11 13:04:57.7405~TRACE~Text changing from '' to 'End of Verse 1'~~RJStevensMusicPresentationCreator.SlideToAdd~0000000163
2026-03-11 13:04:57.7405~TRACE~Text changing from '' to 'End of Verse 2'~~RJStevensMusicPresentationCreator.SlideToAdd~0000000164
2026-03-11 13:04:57.7405~TRACE~Text changing from '' to 'End of Song'~~RJStevensMusicPresentationCreator.SlideToAdd~0000000165
2026-03-11 13:04:57.7405~DEBUG~-- SetMessage(messageText = )~~RJStevensMusicPresentationCreator.frmSelector~0000000166
2026-03-11 13:04:57.7405~DEBUG~-- Enable(overrideCount = False, DisableCount = 1, NoEnable = False)~~RJStevensMusicPresentationCreator.frmSelector~0000000167
2026-03-11 13:06:24.9521~DEBUG~-- Disable(DisableCount = 0)~~RJStevensMusicPresentationCreator.frmSelector~0000000168
2026-03-11 13:06:24.9960~DEBUG~-- SetMessage(messageText = Preparing slides for the selected hymns...)~~RJStevensMusicPresentationCreator.frmSelector~0000000169
2026-03-11 13:06:24.9960~TRACE~Text changing from '' to 'End of Verse 1'~~RJStevensMusicPresentationCreator.SlideToAdd~0000000170
2026-03-11 13:06:24.9960~TRACE~Text changing from '' to 'End of Verse 2'~~RJStevensMusicPresentationCreator.SlideToAdd~0000000171
2026-03-11 13:06:24.9960~TRACE~Text changing from '' to 'End of Verse 3'~~RJStevensMusicPresentationCreator.SlideToAdd~0000000172
2026-03-11 13:06:24.9960~TRACE~Text changing from '' to 'End of Verse 4'~~RJStevensMusicPresentationCreator.SlideToAdd~0000000173
2026-03-11 13:06:24.9960~TRACE~Text changing from '' to 'End of Song'~~RJStevensMusicPresentationCreator.SlideToAdd~0000000174
2026-03-11 13:06:25.0030~TRACE~Text changing from '' to 'End of Verse 1'~~RJStevensMusicPresentationCreator.SlideToAdd~0000000175
2026-03-11 13:06:25.0030~TRACE~Text changing from '' to 'End of Verse 2'~~RJStevensMusicPresentationCreator.SlideToAdd~0000000176
2026-03-11 13:06:25.0030~TRACE~Text changing from '' to 'End of Song'~~RJStevensMusicPresentationCreator.SlideToAdd~0000000177
2026-03-11 13:06:25.0030~DEBUG~-- SetMessage(messageText = )~~RJStevensMusicPresentationCreator.frmSelector~0000000178
2026-03-11 13:06:25.0030~DEBUG~-- Enable(overrideCount = False, DisableCount = 1, NoEnable = False)~~RJStevensMusicPresentationCreator.frmSelector~0000000179
2026-03-11 13:06:44.2118~DEBUG~-- Disable(DisableCount = 0)~~RJStevensMusicPresentationCreator.frmSelector~0000000180
2026-03-11 13:06:44.8485~DEBUG~-- SetMessage(messageText = Saving PowerPoint Presentation file...)~~RJStevensMusicPresentationCreator.frmSelector~0000000181
2026-03-11 13:08:44.0645~DEBUG~-- SetMessage(messageText = )~~RJStevensMusicPresentationCreator.frmSelector~0000000182
2026-03-11 13:08:44.0660~DEBUG~-- Enable(overrideCount = False, DisableCount = 1, NoEnable = False)~~RJStevensMusicPresentationCreator.frmSelector~0000000183
2026-03-11 13:37:03.7950~DEBUG~-- Disable(DisableCount = 0)~~RJStevensMusicPresentationCreator.frmSelector~0000000184
2026-03-11 13:37:03.8455~DEBUG~-- SetMessage(messageText = Preparing slides for the selected hymns...)~~RJStevensMusicPresentationCreator.frmSelector~0000000185
2026-03-11 13:37:03.8481~TRACE~Text changing from '' to 'End of Verse 1'~~RJStevensMusicPresentationCreator.SlideToAdd~0000000186
2026-03-11 13:37:03.8481~TRACE~Text changing from '' to 'End of Song'~~RJStevensMusicPresentationCreator.SlideToAdd~0000000187
2026-03-11 13:37:03.8481~DEBUG~-- SetMessage(messageText = )~~RJStevensMusicPresentationCreator.frmSelector~0000000188
2026-03-11 13:37:03.8481~DEBUG~-- Enable(overrideCount = False, DisableCount = 1, NoEnable = False)~~RJStevensMusicPresentationCreator.frmSelector~0000000189
2026-03-11 13:37:27.6943~DEBUG~-- Disable(DisableCount = 0)~~RJStevensMusicPresentationCreator.frmSelector~0000000190
2026-03-11 13:37:27.9229~DEBUG~-- SetMessage(messageText = Saving PowerPoint Presentation file...)~~RJStevensMusicPresentationCreator.frmSelector~0000000191
2026-03-11 13:37:30.3236~DEBUG~-- SetMessage(messageText = )~~RJStevensMusicPresentationCreator.frmSelector~0000000192
2026-03-11 13:37:30.3236~DEBUG~-- Enable(overrideCount = False, DisableCount = 1, NoEnable = False)~~RJStevensMusicPresentationCreator.frmSelector~0000000193
