EventDateTime~EventLevel~EventMsg~EventException~EventLogger~EventID
2026-03-20 11:16:25.7765~TRACE~-> Main()~~RJStevensMusicPresentationCreator.Program~0000000001
2026-03-20 11:16:25.7980~TRACE~   .Net Framework Version: 4.8~~RJStevensMusicPresentationCreator.Program~0000000002
2026-03-20 11:16:25.7980~TRACE~   OS Version: Windows 10 Enterprise Release 2009 (Build 26200.8037)  64-bit~~RJStevensMusicPresentationCreator.Program~0000000003
2026-03-20 11:16:25.7980~TRACE~   Total RAM Memory: 32.00 GB physical RAM memory~~RJStevensMusicPresentationCreator.Program~0000000004
2026-03-20 11:16:25.7980~ WARN~System.UnauthorizedAccessException: Access to the registry key 'HKEY_LOCAL_MACHINE\Software\R.J. Stevens Music\Hymns for Worship Electronic Edition\2.3.8843.25471' is denied.%CRLF%   at Microsoft.Win32.RegistryKey.Win32Error(Int32 errorCode, String str)%CRLF%   at Microsoft.Win32.RegistryKey.CreateSubKeyInternal(String subkey, RegistryKeyPermissionCheck permissionCheck, Object registrySecurityObj, RegistryOptions registryOptions)%CRLF%   at Microsoft.Win32.RegistryKey.CreateSubKey(String subkey)%CRLF%   at RJStevensMusicPresentationCreator.Program.Main() in D:\Repos\RJSM\Presentation Creator Application\Applications\PresentationCreator15\Program.cs:line 151~System.UnauthorizedAccessException: Access to the registry key 'HKEY_LOCAL_MACHINE\Software\R.J. Stevens Music\Hymns for Worship Electronic Edition\2.3.8843.25471' is denied.%CRLF%   at Microsoft.Win32.RegistryKey.Win32Error(Int32 errorCode, String str)%CRLF%   at Microsoft.Win32.RegistryKey.CreateSubKeyInternal(String subkey, RegistryKeyPermissionCheck permissionCheck, Object registrySecurityObj, RegistryOptions registryOptions)%CRLF%   at Microsoft.Win32.RegistryKey.CreateSubKey(String subkey)%CRLF%   at RJStevensMusicPresentationCreator.Program.Main() in D:\Repos\RJSM\Presentation Creator Application\Applications\PresentationCreator15\Program.cs:line 151~RJStevensMusicPresentationCreator.Program~0000000005
2026-03-20 11:16:25.8266~ INFO~UserRegKey: HKEY_CURRENT_USER\Software\R.J. Stevens Music\Hymns for Worship Electronic Edition~~RJStevensMusicPresentationCreator.Program~0000000006
2026-03-20 11:16:25.8301~ INFO~HymnalInformationFile: C:\ProgramData\Application Data\R.J. Stevens Music\Hymns for Worship Electronic Edition\Information.hixml~~RJStevensMusicPresentationCreator.Program~0000000007
2026-03-20 11:16:25.8301~ INFO~RegKey: HKEY_CURRENT_USER\Software\R.J. Stevens Music\Hymns for Worship Electronic Edition~~RJStevensMusicPresentationCreator.RJSMRegistry~0000000008
2026-03-20 11:16:25.8301~ INFO~ProductApplicationDataFolder: C:\ProgramData\Application Data\R.J. Stevens Music\Hymns for Worship Electronic Edition~~RJStevensMusicPresentationCreator.RJSMRegistry~0000000009
2026-03-20 11:16:25.8301~ INFO~HymnalInformationFolder: C:\ProgramData\Application Data\R.J. Stevens Music\Hymns for Worship Electronic Edition~~RJStevensMusicPresentationCreator.RJSMRegistry~0000000010
2026-03-20 11:16:25.8301~ INFO~SlideTemplateFolder: C:\ProgramData\Application Data\R.J. Stevens Music\Hymns for Worship Electronic Edition\Templates~~RJStevensMusicPresentationCreator.RJSMRegistry~0000000011
2026-03-20 11:16:25.8301~ INFO~LastExecutedDeploymentVersion: 0.0.0.0~~RJStevensMusicPresentationCreator.RJSMRegistry~0000000012
2026-03-20 11:16:25.8301~ INFO~SelectedHymnal: <All>~~RJStevensMusicPresentationCreator.RJSMRegistry~0000000013
2026-03-20 11:16:25.8301~ INFO~SelectedTemplate: Single Slide Template (Fast Transition)--Widescreen~~RJStevensMusicPresentationCreator.RJSMRegistry~0000000014
2026-03-20 11:16:25.8301~ INFO~LastImportFolder: C:\ProgramData\Application Data\R.J. Stevens Music\Hymns for Worship Electronic Edition\eChoice~~RJStevensMusicPresentationCreator.RJSMRegistry~0000000015
2026-03-20 11:16:25.8301~ INFO~DisplayTools: True~~RJStevensMusicPresentationCreator.RJSMRegistry~0000000016
2026-03-20 11:16:25.8301~ INFO~HymnList: True~~RJStevensMusicPresentationCreator.RJSMRegistry~0000000017
2026-03-20 11:16:25.8301~ INFO~HymnText: True~~RJStevensMusicPresentationCreator.RJSMRegistry~0000000018
2026-03-20 11:16:25.8301~ INFO~HymnalSelection: True~~RJStevensMusicPresentationCreator.RJSMRegistry~0000000019
2026-03-20 11:16:25.8301~ INFO~TemplateSelection: True~~RJStevensMusicPresentationCreator.RJSMRegistry~0000000020
2026-03-20 11:16:25.8301~ INFO~FillWindow: False~~RJStevensMusicPresentationCreator.RJSMRegistry~0000000021
2026-03-20 11:16:25.8301~ INFO~PresenterImage: True~~RJStevensMusicPresentationCreator.RJSMRegistry~0000000022
2026-03-20 11:16:25.8301~ INFO~SelectorWindowPosition: Minimized,1290,108,637,931~~RJStevensMusicPresentationCreator.RJSMRegistry~0000000023
2026-03-20 11:16:25.8301~ INFO~SlideWindowPosition: Normal,0,0,0,0~~RJStevensMusicPresentationCreator.RJSMRegistry~0000000024
2026-03-20 11:16:25.8301~ INFO~ViewSplitPosition: 0.75~~RJStevensMusicPresentationCreator.RJSMRegistry~0000000025
2026-03-20 11:16:25.8301~ INFO~HymnsSplitPosition: 0.5697823303457106274007682458~~RJStevensMusicPresentationCreator.RJSMRegistry~0000000026
2026-03-20 11:16:25.8301~ INFO~HymnsListSplitPosition: 0.6853932584269662921348314607~~RJStevensMusicPresentationCreator.RJSMRegistry~0000000027
2026-03-20 11:16:25.8301~ INFO~InternalViewerSplitPosition: 0.15~~RJStevensMusicPresentationCreator.RJSMRegistry~0000000028
2026-03-20 11:16:25.8301~ INFO~DateOfFirstLicenseCheck: 3/15/2020 12:00:00 AM~~RJStevensMusicPresentationCreator.RJSMRegistry~0000000029
2026-03-20 11:16:25.8301~ INFO~ProductImprovementConsent: True~~RJStevensMusicPresentationCreator.RJSMRegistry~0000000030
2026-03-20 11:16:25.8301~ INFO~RevisedPrinting: (Latest)~~RJStevensMusicPresentationCreator.RJSMRegistry~0000000031
2026-03-20 11:16:25.8457~TRACE~   Is fast disk? True~~RJStevensMusicPresentationCreator.Program~0000000032
2026-03-20 11:16:29.9739~ INFO~AllHymnals Length: 4~~RJStevensMusicPresentationCreator.Program~0000000033
2026-03-20 11:16:29.9739~TRACE~-> AddTemplates()~~RJStevensMusicPresentationCreator.frmSelector~0000000034
2026-03-20 11:16:29.9739~TRACE~<- AddTemplates()~~RJStevensMusicPresentationCreator.frmSelector~0000000035
2026-03-20 11:16:29.9739~FATAL~License Mode: Licensed~~RJStevensMusicPresentationCreator.Program~0000000036
2026-03-20 11:16:29.9739~FATAL~Override to License Mode: Licensed~~RJStevensMusicPresentationCreator.Program~0000000037
2026-03-20 11:16:30.1398~TRACE~-> RunOneTimeUpdates()~~RJStevensMusicPresentationCreator.Program~0000000038
2026-03-20 11:16:30.1398~ INFO~Product Version: 2.3.8843.25471~~RJStevensMusicPresentationCreator.Program~0000000039
2026-03-20 11:16:30.1398~TRACE~LastExecutedDeploymentVersion: 0.0.0.0~~RJStevensMusicPresentationCreator.Program~0000000040
2026-03-20 11:16:30.1398~TRACE~<- RunOneTimeUpdates()~~RJStevensMusicPresentationCreator.Program~0000000041
2026-03-21 12:01:22.6807~ WARN~System.Deployment.Application.InvalidDeploymentException: Application identity is not set.%CRLF%   at System.Deployment.Application.ApplicationDeployment.get_CurrentDeployment()%CRLF%   at RJStevensMusicPresentationCreator.Program.get_AssemblyDeploymentHtml() in D:\Repos\RJSM\Presentation Creator Application\Applications\PresentationCreator15\Program.cs:line 1442~System.Deployment.Application.InvalidDeploymentException: Application identity is not set.%CRLF%   at System.Deployment.Application.ApplicationDeployment.get_CurrentDeployment()%CRLF%   at RJStevensMusicPresentationCreator.Program.get_AssemblyDeploymentHtml() in D:\Repos\RJSM\Presentation Creator Application\Applications\PresentationCreator15\Program.cs:line 1442~RJStevensMusicPresentationCreator.Program~0000000042
2026-03-21 12:02:20.3016~DEBUG~-- Disable(DisableCount = 0)~~RJStevensMusicPresentationCreator.frmSelector~0000000043
2026-03-21 12:02:20.3490~DEBUG~-- SetMessage(messageText = )~~RJStevensMusicPresentationCreator.frmSelector~0000000044
2026-03-21 12:02:25.1755~DEBUG~-> ExtractAllFromFile(zipFileName = "C:\ProgramData\Application Data\R.J. Stevens Music\Hymns for Worship Electronic Edition\eChoice\hymn-000000000001513.zip", decompressedFolder = "C:\Users\CB Presentation Comp\AppData\Local\Temp\tmp78AE.tmp", message = "hymn-000000000001513")~~RJStevensMusicPresentationCreator.Program~0000000045
2026-03-21 12:02:25.1755~DEBUG~-- SetMessage(messageText = Extracting hymn-000000000001513...)~~RJStevensMusicPresentationCreator.frmSelector~0000000046
2026-03-21 12:02:25.3221~DEBUG~-- SetMessage(messageText = Download complete for hymn-000000000001513.)~~RJStevensMusicPresentationCreator.frmSelector~0000000047
2026-03-21 12:02:25.3221~DEBUG~extract completed~~RJStevensMusicPresentationCreator.Program~0000000048
2026-03-21 12:02:25.3241~DEBUG~<- ExtractAllFromFile(zipFileName = "C:\ProgramData\Application Data\R.J. Stevens Music\Hymns for Worship Electronic Edition\eChoice\hymn-000000000001513.zip", decompressedFolder = "C:\Users\CB Presentation Comp\AppData\Local\Temp\tmp78AE.tmp", message = "hymn-000000000001513")~~RJStevensMusicPresentationCreator.Program~0000000049
2026-03-21 12:02:25.3241~DEBUG~-- SetMessage(messageText = Importing Hymns For Worship (eChoice)...)~~RJStevensMusicPresentationCreator.frmSelector~0000000050
2026-03-21 12:02:25.3241~DEBUG~-- SetMessage(messageText = Importing Hymns For Worship (eChoice)... Hymn 20498)~~RJStevensMusicPresentationCreator.frmSelector~0000000051
2026-03-21 12:02:25.3558~DEBUG~-- SetMessage(messageText = Operation successful.  1 hymnals have been added.)~~RJStevensMusicPresentationCreator.frmSelector~0000000052
2026-03-21 12:02:25.3558~DEBUG~-- Enable(overrideCount = False, DisableCount = 1, NoEnable = False)~~RJStevensMusicPresentationCreator.frmSelector~0000000053
2026-03-21 12:02:25.3957~DEBUG~-- Enable(overrideCount = False, DisableCount = 0, NoEnable = False)~~RJStevensMusicPresentationCreator.frmSelector~0000000054
2026-03-21 12:02:25.3957~DEBUG~_disableCount = 0~~RJStevensMusicPresentationCreator.frmSelector~0000000055
2026-03-21 12:02:25.4406~ INFO~AllHymnals Length: 4~~RJStevensMusicPresentationCreator.Program~0000000056
2026-03-21 12:02:53.2100~DEBUG~-- Disable(DisableCount = 0)~~RJStevensMusicPresentationCreator.frmSelector~0000000057
2026-03-21 12:02:53.2490~DEBUG~-- SetMessage(messageText = )~~RJStevensMusicPresentationCreator.frmSelector~0000000058
2026-03-21 12:02:57.2754~DEBUG~-> ExtractAllFromFile(zipFileName = "C:\ProgramData\Application Data\R.J. Stevens Music\Hymns for Worship Electronic Edition\eChoice\hymn-000000000001513.zip", decompressedFolder = "C:\Users\CB Presentation Comp\AppData\Local\Temp\tmpF67A.tmp", message = "hymn-000000000001513")~~RJStevensMusicPresentationCreator.Program~0000000059
2026-03-21 12:02:57.2754~DEBUG~-- SetMessage(messageText = Extracting hymn-000000000001513...)~~RJStevensMusicPresentationCreator.frmSelector~0000000060
2026-03-21 12:02:57.3708~DEBUG~-- SetMessage(messageText = Download complete for hymn-000000000001513.)~~RJStevensMusicPresentationCreator.frmSelector~0000000061
2026-03-21 12:02:57.3708~DEBUG~extract completed~~RJStevensMusicPresentationCreator.Program~0000000062
2026-03-21 12:02:57.3708~DEBUG~<- ExtractAllFromFile(zipFileName = "C:\ProgramData\Application Data\R.J. Stevens Music\Hymns for Worship Electronic Edition\eChoice\hymn-000000000001513.zip", decompressedFolder = "C:\Users\CB Presentation Comp\AppData\Local\Temp\tmpF67A.tmp", message = "hymn-000000000001513")~~RJStevensMusicPresentationCreator.Program~0000000063
2026-03-21 12:02:57.3708~DEBUG~-- SetMessage(messageText = Importing Hymns For Worship (eChoice)...)~~RJStevensMusicPresentationCreator.frmSelector~0000000064
2026-03-21 12:02:57.3708~DEBUG~-- SetMessage(messageText = Importing Hymns For Worship (eChoice)... Hymn 20498)~~RJStevensMusicPresentationCreator.frmSelector~0000000065
2026-03-21 12:02:57.4056~DEBUG~-- SetMessage(messageText = Operation successful.  1 hymnals have been added.)~~RJStevensMusicPresentationCreator.frmSelector~0000000066
2026-03-21 12:02:57.4056~DEBUG~-- Enable(overrideCount = False, DisableCount = 1, NoEnable = False)~~RJStevensMusicPresentationCreator.frmSelector~0000000067
2026-03-21 12:02:57.4841~DEBUG~-- Enable(overrideCount = False, DisableCount = 0, NoEnable = False)~~RJStevensMusicPresentationCreator.frmSelector~0000000068
2026-03-21 12:02:57.4841~DEBUG~_disableCount = 0~~RJStevensMusicPresentationCreator.frmSelector~0000000069
2026-03-21 12:02:57.5356~ INFO~AllHymnals Length: 4~~RJStevensMusicPresentationCreator.Program~0000000070
2026-03-21 12:03:03.1950~DEBUG~-- Disable(DisableCount = 0)~~RJStevensMusicPresentationCreator.frmSelector~0000000071
2026-03-21 12:03:03.2370~DEBUG~-- SetMessage(messageText = )~~RJStevensMusicPresentationCreator.frmSelector~0000000072
2026-03-21 12:03:53.7548~ERROR~-- SetErrorMessage(messageText = Operation cancelled.  No hymnal information file selected.)~~RJStevensMusicPresentationCreator.frmSelector~0000000073
2026-03-21 12:03:53.7548~DEBUG~-- Enable(overrideCount = False, DisableCount = 1, NoEnable = False)~~RJStevensMusicPresentationCreator.frmSelector~0000000074
2026-03-21 12:03:53.8226~DEBUG~-- Enable(overrideCount = False, DisableCount = 0, NoEnable = False)~~RJStevensMusicPresentationCreator.frmSelector~0000000075
2026-03-21 12:03:53.8226~DEBUG~_disableCount = 0~~RJStevensMusicPresentationCreator.frmSelector~0000000076
2026-03-21 12:03:58.0942~DEBUG~-- Disable(DisableCount = 0)~~RJStevensMusicPresentationCreator.frmSelector~0000000077
2026-03-21 12:03:58.1401~DEBUG~-- SetMessage(messageText = Preparing slides for the selected hymns...)~~RJStevensMusicPresentationCreator.frmSelector~0000000078
2026-03-21 12:03:58.1401~TRACE~Text changing from '' to 'End of Verse 1'~~RJStevensMusicPresentationCreator.SlideToAdd~0000000079
2026-03-21 12:03:58.1521~TRACE~Text changing from '' to 'End of Verse 2'~~RJStevensMusicPresentationCreator.SlideToAdd~0000000080
2026-03-21 12:03:58.1521~TRACE~Text changing from '' to 'End of Song'~~RJStevensMusicPresentationCreator.SlideToAdd~0000000081
2026-03-21 12:03:58.1521~DEBUG~-- SetMessage(messageText = )~~RJStevensMusicPresentationCreator.frmSelector~0000000082
2026-03-21 12:03:58.1521~DEBUG~-- Enable(overrideCount = False, DisableCount = 1, NoEnable = False)~~RJStevensMusicPresentationCreator.frmSelector~0000000083
2026-03-21 12:04:42.6337~DEBUG~-- Disable(DisableCount = 0)~~RJStevensMusicPresentationCreator.frmSelector~0000000084
2026-03-21 12:04:42.9802~DEBUG~-- SetMessage(messageText = Saving PowerPoint Presentation file...)~~RJStevensMusicPresentationCreator.frmSelector~0000000085
2026-03-21 12:04:44.8645~DEBUG~-- SetMessage(messageText = )~~RJStevensMusicPresentationCreator.frmSelector~0000000086
2026-03-21 12:04:44.8645~DEBUG~-- Enable(overrideCount = False, DisableCount = 1, NoEnable = False)~~RJStevensMusicPresentationCreator.frmSelector~0000000087
2026-03-21 12:43:04.4817~ WARN~System.Deployment.Application.InvalidDeploymentException: Application identity is not set.%CRLF%   at System.Deployment.Application.ApplicationDeployment.get_CurrentDeployment()%CRLF%   at RJStevensMusicPresentationCreator.Program.get_AssemblyDeploymentHtml() in D:\Repos\RJSM\Presentation Creator Application\Applications\PresentationCreator15\Program.cs:line 1442~System.Deployment.Application.InvalidDeploymentException: Application identity is not set.%CRLF%   at System.Deployment.Application.ApplicationDeployment.get_CurrentDeployment()%CRLF%   at RJStevensMusicPresentationCreator.Program.get_AssemblyDeploymentHtml() in D:\Repos\RJSM\Presentation Creator Application\Applications\PresentationCreator15\Program.cs:line 1442~RJStevensMusicPresentationCreator.Program~0000000088
2026-03-21 17:17:57.1081~DEBUG~-- Disable(DisableCount = 0)~~RJStevensMusicPresentationCreator.frmSelector~0000000089
2026-03-21 17:17:57.1498~DEBUG~-- SetMessage(messageText = Preparing slides for the selected hymns...)~~RJStevensMusicPresentationCreator.frmSelector~0000000090
2026-03-21 17:17:57.1528~TRACE~Text changing from '' to 'End of Verse 1'~~RJStevensMusicPresentationCreator.SlideToAdd~0000000091
2026-03-21 17:17:57.1528~TRACE~Text changing from '' to 'End of Verse 2'~~RJStevensMusicPresentationCreator.SlideToAdd~0000000092
2026-03-21 17:17:57.1528~TRACE~Text changing from '' to 'End of Song'~~RJStevensMusicPresentationCreator.SlideToAdd~0000000093
2026-03-21 17:17:57.1528~TRACE~Text changing from '' to 'End of Verse 1'~~RJStevensMusicPresentationCreator.SlideToAdd~0000000094
2026-03-21 17:17:57.1528~TRACE~Text changing from '' to 'End of Verse 2'~~RJStevensMusicPresentationCreator.SlideToAdd~0000000095
2026-03-21 17:17:57.1528~TRACE~Text changing from '' to 'End of Song'~~RJStevensMusicPresentationCreator.SlideToAdd~0000000096
2026-03-21 17:17:57.1528~TRACE~Text changing from '' to 'End of Verse 1'~~RJStevensMusicPresentationCreator.SlideToAdd~0000000097
2026-03-21 17:17:57.1528~TRACE~Text changing from '' to 'End of Song'~~RJStevensMusicPresentationCreator.SlideToAdd~0000000098
2026-03-21 17:17:57.1528~DEBUG~-- SetMessage(messageText = )~~RJStevensMusicPresentationCreator.frmSelector~0000000099
2026-03-21 17:17:57.1528~DEBUG~-- Enable(overrideCount = False, DisableCount = 1, NoEnable = False)~~RJStevensMusicPresentationCreator.frmSelector~0000000100
2026-03-21 17:18:24.2967~DEBUG~-- Disable(DisableCount = 0)~~RJStevensMusicPresentationCreator.frmSelector~0000000101
2026-03-21 17:18:25.0950~DEBUG~-- SetMessage(messageText = Saving PowerPoint Presentation file...)~~RJStevensMusicPresentationCreator.frmSelector~0000000102
2026-03-21 17:18:27.2856~DEBUG~-- SetMessage(messageText = )~~RJStevensMusicPresentationCreator.frmSelector~0000000103
2026-03-21 17:18:27.2856~DEBUG~-- Enable(overrideCount = False, DisableCount = 1, NoEnable = False)~~RJStevensMusicPresentationCreator.frmSelector~0000000104
2026-03-21 18:19:13.7811~DEBUG~-- Disable(DisableCount = 0)~~RJStevensMusicPresentationCreator.frmSelector~0000000105
2026-03-21 18:19:13.8317~DEBUG~-- SetMessage(messageText = Preparing slides for the selected hymns...)~~RJStevensMusicPresentationCreator.frmSelector~0000000106
2026-03-21 18:19:13.8317~TRACE~Text changing from '' to 'End of Verse 1'~~RJStevensMusicPresentationCreator.SlideToAdd~0000000107
2026-03-21 18:19:13.8317~TRACE~Text changing from '' to 'End of Verse 2'~~RJStevensMusicPresentationCreator.SlideToAdd~0000000108
2026-03-21 18:19:13.8392~TRACE~Text changing from '' to 'End of Song'~~RJStevensMusicPresentationCreator.SlideToAdd~0000000109
2026-03-21 18:19:13.8392~TRACE~Text changing from '' to 'End of Verse 1'~~RJStevensMusicPresentationCreator.SlideToAdd~0000000110
2026-03-21 18:19:13.8392~TRACE~Text changing from '' to 'End of Verse 2'~~RJStevensMusicPresentationCreator.SlideToAdd~0000000111
2026-03-21 18:19:13.8392~TRACE~Text changing from '' to 'End of Verse 3'~~RJStevensMusicPresentationCreator.SlideToAdd~0000000112
2026-03-21 18:19:13.8392~TRACE~Text changing from '' to 'End of Song'~~RJStevensMusicPresentationCreator.SlideToAdd~0000000113
2026-03-21 18:19:13.8392~DEBUG~-- SetMessage(messageText = )~~RJStevensMusicPresentationCreator.frmSelector~0000000114
2026-03-21 18:19:13.8392~DEBUG~-- Enable(overrideCount = False, DisableCount = 1, NoEnable = False)~~RJStevensMusicPresentationCreator.frmSelector~0000000115
2026-03-21 18:19:31.1022~DEBUG~-- Disable(DisableCount = 0)~~RJStevensMusicPresentationCreator.frmSelector~0000000116
2026-03-21 18:19:31.7943~DEBUG~-- SetMessage(messageText = Saving PowerPoint Presentation file...)~~RJStevensMusicPresentationCreator.frmSelector~0000000117
2026-03-21 18:19:33.5911~DEBUG~-- SetMessage(messageText = )~~RJStevensMusicPresentationCreator.frmSelector~0000000118
2026-03-21 18:19:33.5911~DEBUG~-- Enable(overrideCount = False, DisableCount = 1, NoEnable = False)~~RJStevensMusicPresentationCreator.frmSelector~0000000119
2026-03-25 09:02:14.3093~DEBUG~-- Disable(DisableCount = 0)~~RJStevensMusicPresentationCreator.frmSelector~0000000120
2026-03-25 09:02:14.3649~DEBUG~-- SetMessage(messageText = Preparing slides for the selected hymns...)~~RJStevensMusicPresentationCreator.frmSelector~0000000121
2026-03-25 09:02:14.3649~TRACE~Text changing from '' to 'End of Verse 1'~~RJStevensMusicPresentationCreator.SlideToAdd~0000000122
2026-03-25 09:02:14.3649~TRACE~Text changing from '' to 'End of Verse 2'~~RJStevensMusicPresentationCreator.SlideToAdd~0000000123
2026-03-25 09:02:14.3689~TRACE~Text changing from '' to 'End of Song'~~RJStevensMusicPresentationCreator.SlideToAdd~0000000124
2026-03-25 09:02:14.3689~TRACE~Text changing from '' to 'End of Verse 1'~~RJStevensMusicPresentationCreator.SlideToAdd~0000000125
2026-03-25 09:02:14.3689~TRACE~Text changing from '' to 'End of Verse 2'~~RJStevensMusicPresentationCreator.SlideToAdd~0000000126
2026-03-25 09:02:14.3689~TRACE~Text changing from '' to 'End of Song'~~RJStevensMusicPresentationCreator.SlideToAdd~0000000127
2026-03-25 09:02:14.3689~DEBUG~-- SetMessage(messageText = )~~RJStevensMusicPresentationCreator.frmSelector~0000000128
2026-03-25 09:02:14.3689~DEBUG~-- Enable(overrideCount = False, DisableCount = 1, NoEnable = False)~~RJStevensMusicPresentationCreator.frmSelector~0000000129
2026-03-25 09:02:45.7589~DEBUG~-- Disable(DisableCount = 0)~~RJStevensMusicPresentationCreator.frmSelector~0000000130
2026-03-25 09:02:46.3037~DEBUG~-- SetMessage(messageText = Saving PowerPoint Presentation file...)~~RJStevensMusicPresentationCreator.frmSelector~0000000131
2026-03-25 09:02:48.2645~DEBUG~-- SetMessage(messageText = )~~RJStevensMusicPresentationCreator.frmSelector~0000000132
2026-03-25 09:02:48.2645~DEBUG~-- Enable(overrideCount = False, DisableCount = 1, NoEnable = False)~~RJStevensMusicPresentationCreator.frmSelector~0000000133
2026-03-28 14:35:05.9604~DEBUG~-- Disable(DisableCount = 0)~~RJStevensMusicPresentationCreator.frmSelector~0000000134
2026-03-28 14:35:06.0152~DEBUG~-- SetMessage(messageText = Preparing slides for the selected hymns...)~~RJStevensMusicPresentationCreator.frmSelector~0000000135
2026-03-28 14:35:06.0152~TRACE~Text changing from '' to 'End of Verse 1'~~RJStevensMusicPresentationCreator.SlideToAdd~0000000136
2026-03-28 14:35:06.0152~TRACE~Text changing from '' to 'End of Verse 2'~~RJStevensMusicPresentationCreator.SlideToAdd~0000000137
2026-03-28 14:35:06.0152~TRACE~Text changing from '' to 'End of Song'~~RJStevensMusicPresentationCreator.SlideToAdd~0000000138
2026-03-28 14:35:06.0152~TRACE~Text changing from '' to 'End of Verse 1'~~RJStevensMusicPresentationCreator.SlideToAdd~0000000139
2026-03-28 14:35:06.0152~TRACE~Text changing from '' to 'End of Verse 2'~~RJStevensMusicPresentationCreator.SlideToAdd~0000000140
2026-03-28 14:35:06.0152~TRACE~Text changing from '' to 'End of Song'~~RJStevensMusicPresentationCreator.SlideToAdd~0000000141
2026-03-28 14:35:06.0152~DEBUG~-- SetMessage(messageText = )~~RJStevensMusicPresentationCreator.frmSelector~0000000142
2026-03-28 14:35:06.0242~DEBUG~-- Enable(overrideCount = False, DisableCount = 1, NoEnable = False)~~RJStevensMusicPresentationCreator.frmSelector~0000000143
2026-03-28 14:35:27.3390~DEBUG~-- Disable(DisableCount = 0)~~RJStevensMusicPresentationCreator.frmSelector~0000000144
2026-03-28 14:35:27.8576~DEBUG~-- SetMessage(messageText = Saving PowerPoint Presentation file...)~~RJStevensMusicPresentationCreator.frmSelector~0000000145
2026-03-28 14:35:29.6796~DEBUG~-- SetMessage(messageText = )~~RJStevensMusicPresentationCreator.frmSelector~0000000146
2026-03-28 14:35:29.6796~DEBUG~-- Enable(overrideCount = False, DisableCount = 1, NoEnable = False)~~RJStevensMusicPresentationCreator.frmSelector~0000000147
2026-03-28 14:45:55.7323~DEBUG~-- Disable(DisableCount = 0)~~RJStevensMusicPresentationCreator.frmSelector~0000000148
2026-03-28 14:45:55.7896~DEBUG~-- SetMessage(messageText = Preparing slides for the selected hymns...)~~RJStevensMusicPresentationCreator.frmSelector~0000000149
2026-03-28 14:45:55.7896~TRACE~Text changing from '' to 'End of Verse 1'~~RJStevensMusicPresentationCreator.SlideToAdd~0000000150
2026-03-28 14:45:55.7896~TRACE~Text changing from '' to 'End of Verse 2'~~RJStevensMusicPresentationCreator.SlideToAdd~0000000151
2026-03-28 14:45:55.7896~TRACE~Text changing from '' to 'End of Song'~~RJStevensMusicPresentationCreator.SlideToAdd~0000000152
2026-03-28 14:45:55.7896~TRACE~Text changing from '' to 'End of Verse 1'~~RJStevensMusicPresentationCreator.SlideToAdd~0000000153
2026-03-28 14:45:55.7896~TRACE~Text changing from '' to 'End of Verse 2'~~RJStevensMusicPresentationCreator.SlideToAdd~0000000154
2026-03-28 14:45:55.7896~TRACE~Text changing from '' to 'End of Song'~~RJStevensMusicPresentationCreator.SlideToAdd~0000000155
2026-03-28 14:45:55.7896~TRACE~Text changing from '' to 'End of Verse 1'~~RJStevensMusicPresentationCreator.SlideToAdd~0000000156
2026-03-28 14:45:55.7896~TRACE~Text changing from '' to 'End of Song'~~RJStevensMusicPresentationCreator.SlideToAdd~0000000157
2026-03-28 14:45:55.7896~DEBUG~-- SetMessage(messageText = )~~RJStevensMusicPresentationCreator.frmSelector~0000000158
2026-03-28 14:45:55.7896~DEBUG~-- Enable(overrideCount = False, DisableCount = 1, NoEnable = False)~~RJStevensMusicPresentationCreator.frmSelector~0000000159
2026-03-28 14:46:07.9743~DEBUG~-- Disable(DisableCount = 0)~~RJStevensMusicPresentationCreator.frmSelector~0000000160
2026-03-28 14:46:08.6624~DEBUG~-- SetMessage(messageText = Saving PowerPoint Presentation file...)~~RJStevensMusicPresentationCreator.frmSelector~0000000161
2026-03-28 14:46:17.3421~DEBUG~-- SetMessage(messageText = )~~RJStevensMusicPresentationCreator.frmSelector~0000000162
2026-03-28 14:46:17.3421~DEBUG~-- Enable(overrideCount = False, DisableCount = 1, NoEnable = False)~~RJStevensMusicPresentationCreator.frmSelector~0000000163
2026-03-29 07:57:45.6653~DEBUG~-- Disable(DisableCount = 0)~~RJStevensMusicPresentationCreator.frmSelector~0000000164
2026-03-29 07:57:45.7448~DEBUG~-- SetMessage(messageText = Preparing slides for the selected hymns...)~~RJStevensMusicPresentationCreator.frmSelector~0000000165
2026-03-29 07:57:45.7448~TRACE~Text changing from '' to 'End of Verse 1'~~RJStevensMusicPresentationCreator.SlideToAdd~0000000166
2026-03-29 07:57:45.7448~TRACE~Text changing from '' to 'End of Verse 2'~~RJStevensMusicPresentationCreator.SlideToAdd~0000000167
2026-03-29 07:57:45.7448~TRACE~Text changing from '' to 'End of Song'~~RJStevensMusicPresentationCreator.SlideToAdd~0000000168
2026-03-29 07:57:45.7448~TRACE~Text changing from '' to 'End of Verse 1'~~RJStevensMusicPresentationCreator.SlideToAdd~0000000169
2026-03-29 07:57:45.7448~TRACE~Text changing from '' to 'End of Verse 2'~~RJStevensMusicPresentationCreator.SlideToAdd~0000000170
2026-03-29 07:57:45.7535~TRACE~Text changing from '' to 'End of Song'~~RJStevensMusicPresentationCreator.SlideToAdd~0000000171
2026-03-29 07:57:45.7535~TRACE~Text changing from '' to 'End of Verse 1'~~RJStevensMusicPresentationCreator.SlideToAdd~0000000172
2026-03-29 07:57:45.7535~TRACE~Text changing from '' to 'End of Song'~~RJStevensMusicPresentationCreator.SlideToAdd~0000000173
2026-03-29 07:57:45.7535~TRACE~Text changing from '' to 'End of Song'~~RJStevensMusicPresentationCreator.SlideToAdd~0000000174
2026-03-29 07:57:45.7535~DEBUG~-- SetMessage(messageText = )~~RJStevensMusicPresentationCreator.frmSelector~0000000175
2026-03-29 07:57:45.7535~DEBUG~-- Enable(overrideCount = False, DisableCount = 1, NoEnable = False)~~RJStevensMusicPresentationCreator.frmSelector~0000000176
2026-03-29 07:58:26.4839~DEBUG~-- Disable(DisableCount = 0)~~RJStevensMusicPresentationCreator.frmSelector~0000000177
2026-03-29 07:58:27.3519~DEBUG~-- SetMessage(messageText = Saving PowerPoint Presentation file...)~~RJStevensMusicPresentationCreator.frmSelector~0000000178
2026-03-29 07:58:30.1948~DEBUG~-- SetMessage(messageText = )~~RJStevensMusicPresentationCreator.frmSelector~0000000179
2026-03-29 07:58:30.1948~DEBUG~-- Enable(overrideCount = False, DisableCount = 1, NoEnable = False)~~RJStevensMusicPresentationCreator.frmSelector~0000000180
2026-04-01 09:22:48.1585~DEBUG~-- Disable(DisableCount = 0)~~RJStevensMusicPresentationCreator.frmSelector~0000000181
2026-04-01 09:22:48.2124~DEBUG~-- SetMessage(messageText = Preparing slides for the selected hymns...)~~RJStevensMusicPresentationCreator.frmSelector~0000000182
2026-04-01 09:22:48.2124~TRACE~Text changing from '' to 'End of Verse 1'~~RJStevensMusicPresentationCreator.SlideToAdd~0000000183
2026-04-01 09:22:48.2124~TRACE~Text changing from '' to 'End of Verse 2'~~RJStevensMusicPresentationCreator.SlideToAdd~0000000184
2026-04-01 09:22:48.2124~TRACE~Text changing from '' to 'End of Verse 3'~~RJStevensMusicPresentationCreator.SlideToAdd~0000000185
2026-04-01 09:22:48.2124~TRACE~Text changing from '' to 'End of Song'~~RJStevensMusicPresentationCreator.SlideToAdd~0000000186
2026-04-01 09:22:48.2124~TRACE~Text changing from '' to 'End of Verse 1'~~RJStevensMusicPresentationCreator.SlideToAdd~0000000187
2026-04-01 09:22:48.2124~TRACE~Text changing from '' to 'End of Verse 2'~~RJStevensMusicPresentationCreator.SlideToAdd~0000000188
2026-04-01 09:22:48.2124~TRACE~Text changing from '' to 'End of Song'~~RJStevensMusicPresentationCreator.SlideToAdd~0000000189
2026-04-01 09:22:48.2124~DEBUG~-- SetMessage(messageText = )~~RJStevensMusicPresentationCreator.frmSelector~0000000190
2026-04-01 09:22:48.2124~DEBUG~-- Enable(overrideCount = False, DisableCount = 1, NoEnable = False)~~RJStevensMusicPresentationCreator.frmSelector~0000000191
2026-04-01 09:23:56.8025~DEBUG~-- Disable(DisableCount = 0)~~RJStevensMusicPresentationCreator.frmSelector~0000000192
2026-04-01 09:23:57.1865~DEBUG~-- SetMessage(messageText = Saving PowerPoint Presentation file...)~~RJStevensMusicPresentationCreator.frmSelector~0000000193
2026-04-01 09:23:58.7963~DEBUG~-- SetMessage(messageText = )~~RJStevensMusicPresentationCreator.frmSelector~0000000194
2026-04-01 09:23:58.7963~DEBUG~-- Enable(overrideCount = False, DisableCount = 1, NoEnable = False)~~RJStevensMusicPresentationCreator.frmSelector~0000000195
2026-04-02 10:57:48.1230~TRACE~<- Main()~~RJStevensMusicPresentationCreator.Program~0000000196
