EventDateTime~EventLevel~EventMsg~EventException~EventLogger~EventID
2026-05-29 11:01:58.0141~TRACE~-> Main()~~RJStevensMusicPresentationCreator.Program~0000000001
2026-05-29 11:01:58.0420~TRACE~   .Net Framework Version: 4.8~~RJStevensMusicPresentationCreator.Program~0000000002
2026-05-29 11:01:58.0420~TRACE~   OS Version: Windows 10 Enterprise Release 2009 (Build 26200.8457)  64-bit~~RJStevensMusicPresentationCreator.Program~0000000003
2026-05-29 11:01:58.0420~TRACE~   Total RAM Memory: 32.00 GB physical RAM memory~~RJStevensMusicPresentationCreator.Program~0000000004
2026-05-29 11:01:58.0420~ WARN~System.UnauthorizedAccessException: Access to the registry key 'HKEY_LOCAL_MACHINE\Software\R.J. Stevens Music\Hymns for Worship Electronic Edition\2.3.8843.25471' is denied.%CRLF%   at Microsoft.Win32.RegistryKey.Win32Error(Int32 errorCode, String str)%CRLF%   at Microsoft.Win32.RegistryKey.CreateSubKeyInternal(String subkey, RegistryKeyPermissionCheck permissionCheck, Object registrySecurityObj, RegistryOptions registryOptions)%CRLF%   at Microsoft.Win32.RegistryKey.CreateSubKey(String subkey)%CRLF%   at RJStevensMusicPresentationCreator.Program.Main() in D:\Repos\RJSM\Presentation Creator Application\Applications\PresentationCreator15\Program.cs:line 151~System.UnauthorizedAccessException: Access to the registry key 'HKEY_LOCAL_MACHINE\Software\R.J. Stevens Music\Hymns for Worship Electronic Edition\2.3.8843.25471' is denied.%CRLF%   at Microsoft.Win32.RegistryKey.Win32Error(Int32 errorCode, String str)%CRLF%   at Microsoft.Win32.RegistryKey.CreateSubKeyInternal(String subkey, RegistryKeyPermissionCheck permissionCheck, Object registrySecurityObj, RegistryOptions registryOptions)%CRLF%   at Microsoft.Win32.RegistryKey.CreateSubKey(String subkey)%CRLF%   at RJStevensMusicPresentationCreator.Program.Main() in D:\Repos\RJSM\Presentation Creator Application\Applications\PresentationCreator15\Program.cs:line 151~RJStevensMusicPresentationCreator.Program~0000000005
2026-05-29 11:01:58.0633~ INFO~UserRegKey: HKEY_CURRENT_USER\Software\R.J. Stevens Music\Hymns for Worship Electronic Edition~~RJStevensMusicPresentationCreator.Program~0000000006
2026-05-29 11:01:58.0633~ INFO~HymnalInformationFile: C:\ProgramData\Application Data\R.J. Stevens Music\Hymns for Worship Electronic Edition\Information.hixml~~RJStevensMusicPresentationCreator.Program~0000000007
2026-05-29 11:01:58.0633~ INFO~RegKey: HKEY_CURRENT_USER\Software\R.J. Stevens Music\Hymns for Worship Electronic Edition~~RJStevensMusicPresentationCreator.RJSMRegistry~0000000008
2026-05-29 11:01:58.0633~ INFO~ProductApplicationDataFolder: C:\ProgramData\Application Data\R.J. Stevens Music\Hymns for Worship Electronic Edition~~RJStevensMusicPresentationCreator.RJSMRegistry~0000000009
2026-05-29 11:01:58.0633~ INFO~HymnalInformationFolder: C:\ProgramData\Application Data\R.J. Stevens Music\Hymns for Worship Electronic Edition~~RJStevensMusicPresentationCreator.RJSMRegistry~0000000010
2026-05-29 11:01:58.0633~ INFO~SlideTemplateFolder: C:\ProgramData\Application Data\R.J. Stevens Music\Hymns for Worship Electronic Edition\Templates~~RJStevensMusicPresentationCreator.RJSMRegistry~0000000011
2026-05-29 11:01:58.0633~ INFO~LastExecutedDeploymentVersion: 0.0.0.0~~RJStevensMusicPresentationCreator.RJSMRegistry~0000000012
2026-05-29 11:01:58.0633~ INFO~SelectedHymnal: <All>~~RJStevensMusicPresentationCreator.RJSMRegistry~0000000013
2026-05-29 11:01:58.0633~ INFO~SelectedTemplate: Single Slide Template (Fast Transition)--Widescreen~~RJStevensMusicPresentationCreator.RJSMRegistry~0000000014
2026-05-29 11:01:58.0758~ INFO~LastImportFolder: C:\ProgramData\Application Data\R.J. Stevens Music\Hymns for Worship Electronic Edition\eChoice~~RJStevensMusicPresentationCreator.RJSMRegistry~0000000015
2026-05-29 11:01:58.0758~ INFO~DisplayTools: True~~RJStevensMusicPresentationCreator.RJSMRegistry~0000000016
2026-05-29 11:01:58.0758~ INFO~HymnList: True~~RJStevensMusicPresentationCreator.RJSMRegistry~0000000017
2026-05-29 11:01:58.0758~ INFO~HymnText: True~~RJStevensMusicPresentationCreator.RJSMRegistry~0000000018
2026-05-29 11:01:58.0758~ INFO~HymnalSelection: True~~RJStevensMusicPresentationCreator.RJSMRegistry~0000000019
2026-05-29 11:01:58.0758~ INFO~TemplateSelection: True~~RJStevensMusicPresentationCreator.RJSMRegistry~0000000020
2026-05-29 11:01:58.0758~ INFO~FillWindow: False~~RJStevensMusicPresentationCreator.RJSMRegistry~0000000021
2026-05-29 11:01:58.0758~ INFO~PresenterImage: True~~RJStevensMusicPresentationCreator.RJSMRegistry~0000000022
2026-05-29 11:01:58.0758~ INFO~SelectorWindowPosition: Normal,1290,108,637,931~~RJStevensMusicPresentationCreator.RJSMRegistry~0000000023
2026-05-29 11:01:58.0758~ INFO~SlideWindowPosition: Normal,0,0,0,0~~RJStevensMusicPresentationCreator.RJSMRegistry~0000000024
2026-05-29 11:01:58.0758~ INFO~ViewSplitPosition: 0.7504025764895330112721417069~~RJStevensMusicPresentationCreator.RJSMRegistry~0000000025
2026-05-29 11:01:58.0758~ INFO~HymnsSplitPosition: 0.5697823303457106274007682458~~RJStevensMusicPresentationCreator.RJSMRegistry~0000000026
2026-05-29 11:01:58.0758~ INFO~HymnsListSplitPosition: 0.6853932584269662921348314607~~RJStevensMusicPresentationCreator.RJSMRegistry~0000000027
2026-05-29 11:01:58.0758~ INFO~InternalViewerSplitPosition: 0.15~~RJStevensMusicPresentationCreator.RJSMRegistry~0000000028
2026-05-29 11:01:58.0758~ INFO~DateOfFirstLicenseCheck: 3/15/2020 12:00:00 AM~~RJStevensMusicPresentationCreator.RJSMRegistry~0000000029
2026-05-29 11:01:58.0758~ INFO~ProductImprovementConsent: True~~RJStevensMusicPresentationCreator.RJSMRegistry~0000000030
2026-05-29 11:01:58.0758~ INFO~RevisedPrinting: (Latest)~~RJStevensMusicPresentationCreator.RJSMRegistry~0000000031
2026-05-29 11:01:58.0758~TRACE~   Is fast disk? True~~RJStevensMusicPresentationCreator.Program~0000000032
2026-05-29 11:02:00.4100~ INFO~AllHymnals Length: 4~~RJStevensMusicPresentationCreator.Program~0000000033
2026-05-29 11:02:00.4100~TRACE~-> AddTemplates()~~RJStevensMusicPresentationCreator.frmSelector~0000000034
2026-05-29 11:02:00.4100~TRACE~<- AddTemplates()~~RJStevensMusicPresentationCreator.frmSelector~0000000035
2026-05-29 11:02:00.4165~FATAL~License Mode: Licensed~~RJStevensMusicPresentationCreator.Program~0000000036
2026-05-29 11:02:00.4165~FATAL~Override to License Mode: Licensed~~RJStevensMusicPresentationCreator.Program~0000000037
2026-05-29 11:02:00.5701~TRACE~-> RunOneTimeUpdates()~~RJStevensMusicPresentationCreator.Program~0000000038
2026-05-29 11:02:00.5701~ INFO~Product Version: 2.3.8843.25471~~RJStevensMusicPresentationCreator.Program~0000000039
2026-05-29 11:02:00.5701~TRACE~LastExecutedDeploymentVersion: 0.0.0.0~~RJStevensMusicPresentationCreator.Program~0000000040
2026-05-29 11:02:00.5725~TRACE~<- RunOneTimeUpdates()~~RJStevensMusicPresentationCreator.Program~0000000041
2026-05-29 11:07:02.9719~DEBUG~-- Disable(DisableCount = 0)~~RJStevensMusicPresentationCreator.frmSelector~0000000042
2026-05-29 11:07:03.0109~DEBUG~-- SetMessage(messageText = Preparing slides for the selected hymns...)~~RJStevensMusicPresentationCreator.frmSelector~0000000043
2026-05-29 11:07:03.0109~TRACE~Text changing from '' to 'End of Verse 1'~~RJStevensMusicPresentationCreator.SlideToAdd~0000000044
2026-05-29 11:07:03.0109~TRACE~Text changing from '' to 'End of Verse 2'~~RJStevensMusicPresentationCreator.SlideToAdd~0000000045
2026-05-29 11:07:03.0109~TRACE~Text changing from '' to 'End of Song'~~RJStevensMusicPresentationCreator.SlideToAdd~0000000046
2026-05-29 11:07:03.0109~DEBUG~-- SetMessage(messageText = )~~RJStevensMusicPresentationCreator.frmSelector~0000000047
2026-05-29 11:07:03.0109~DEBUG~-- Enable(overrideCount = False, DisableCount = 1, NoEnable = False)~~RJStevensMusicPresentationCreator.frmSelector~0000000048
2026-05-29 11:08:23.4583~DEBUG~-- Disable(DisableCount = 0)~~RJStevensMusicPresentationCreator.frmSelector~0000000049
2026-05-29 11:08:23.7495~DEBUG~-- SetMessage(messageText = Saving PowerPoint Presentation file...)~~RJStevensMusicPresentationCreator.frmSelector~0000000050
2026-05-29 11:08:26.0325~DEBUG~-- SetMessage(messageText = )~~RJStevensMusicPresentationCreator.frmSelector~0000000051
2026-05-29 11:08:26.0325~DEBUG~-- Enable(overrideCount = False, DisableCount = 1, NoEnable = False)~~RJStevensMusicPresentationCreator.frmSelector~0000000052
2026-05-29 11:08:37.9656~TRACE~<- Main()~~RJStevensMusicPresentationCreator.Program~0000000053
