EventDateTime~EventLevel~EventMsg~EventException~EventLogger~EventID
2026-01-28 20:13:56.7781~TRACE~-> Main()~~RJStevensMusicPresentationCreator.Program~0000000001
2026-01-28 20:13:56.8017~TRACE~   .Net Framework Version: 4.8~~RJStevensMusicPresentationCreator.Program~0000000002
2026-01-28 20:13:56.8017~TRACE~   OS Version: Windows 10 Enterprise Release 2009 (Build 26100.7623)  64-bit~~RJStevensMusicPresentationCreator.Program~0000000003
2026-01-28 20:13:56.8017~TRACE~   Total RAM Memory: 32.00 GB physical RAM memory~~RJStevensMusicPresentationCreator.Program~0000000004
2026-01-28 20:13:56.8017~ WARN~System.UnauthorizedAccessException: Access to the registry key 'HKEY_LOCAL_MACHINE\Software\R.J. Stevens Music\Hymns for Worship Electronic Edition\2.3.8843.25471' is denied.%CRLF%   at Microsoft.Win32.RegistryKey.Win32Error(Int32 errorCode, String str)%CRLF%   at Microsoft.Win32.RegistryKey.CreateSubKeyInternal(String subkey, RegistryKeyPermissionCheck permissionCheck, Object registrySecurityObj, RegistryOptions registryOptions)%CRLF%   at Microsoft.Win32.RegistryKey.CreateSubKey(String subkey)%CRLF%   at RJStevensMusicPresentationCreator.Program.Main() in D:\Repos\RJSM\Presentation Creator Application\Applications\PresentationCreator15\Program.cs:line 151~System.UnauthorizedAccessException: Access to the registry key 'HKEY_LOCAL_MACHINE\Software\R.J. Stevens Music\Hymns for Worship Electronic Edition\2.3.8843.25471' is denied.%CRLF%   at Microsoft.Win32.RegistryKey.Win32Error(Int32 errorCode, String str)%CRLF%   at Microsoft.Win32.RegistryKey.CreateSubKeyInternal(String subkey, RegistryKeyPermissionCheck permissionCheck, Object registrySecurityObj, RegistryOptions registryOptions)%CRLF%   at Microsoft.Win32.RegistryKey.CreateSubKey(String subkey)%CRLF%   at RJStevensMusicPresentationCreator.Program.Main() in D:\Repos\RJSM\Presentation Creator Application\Applications\PresentationCreator15\Program.cs:line 151~RJStevensMusicPresentationCreator.Program~0000000005
2026-01-28 20:13:56.8241~ INFO~UserRegKey: HKEY_CURRENT_USER\Software\R.J. Stevens Music\Hymns for Worship Electronic Edition~~RJStevensMusicPresentationCreator.Program~0000000006
2026-01-28 20:13:56.8241~ INFO~HymnalInformationFile: C:\ProgramData\Application Data\R.J. Stevens Music\Hymns for Worship Electronic Edition\Information.hixml~~RJStevensMusicPresentationCreator.Program~0000000007
2026-01-28 20:13:56.8241~ INFO~RegKey: HKEY_CURRENT_USER\Software\R.J. Stevens Music\Hymns for Worship Electronic Edition~~RJStevensMusicPresentationCreator.RJSMRegistry~0000000008
2026-01-28 20:13:56.8241~ INFO~ProductApplicationDataFolder: C:\ProgramData\Application Data\R.J. Stevens Music\Hymns for Worship Electronic Edition~~RJStevensMusicPresentationCreator.RJSMRegistry~0000000009
2026-01-28 20:13:56.8241~ INFO~HymnalInformationFolder: C:\ProgramData\Application Data\R.J. Stevens Music\Hymns for Worship Electronic Edition~~RJStevensMusicPresentationCreator.RJSMRegistry~0000000010
2026-01-28 20:13:56.8241~ INFO~SlideTemplateFolder: C:\ProgramData\Application Data\R.J. Stevens Music\Hymns for Worship Electronic Edition\Templates~~RJStevensMusicPresentationCreator.RJSMRegistry~0000000011
2026-01-28 20:13:56.8241~ INFO~LastExecutedDeploymentVersion: 0.0.0.0~~RJStevensMusicPresentationCreator.RJSMRegistry~0000000012
2026-01-28 20:13:56.8241~ INFO~SelectedHymnal: <All>~~RJStevensMusicPresentationCreator.RJSMRegistry~0000000013
2026-01-28 20:13:56.8241~ INFO~SelectedTemplate: Single Slide Template (Fast Transition)--Widescreen~~RJStevensMusicPresentationCreator.RJSMRegistry~0000000014
2026-01-28 20:13:56.8357~ INFO~LastImportFolder: C:\Users\CB Presentation Comp\Desktop\New_Songs_Library\God Meant It For Good\PresentationCreator~~RJStevensMusicPresentationCreator.RJSMRegistry~0000000015
2026-01-28 20:13:56.8357~ INFO~DisplayTools: True~~RJStevensMusicPresentationCreator.RJSMRegistry~0000000016
2026-01-28 20:13:56.8357~ INFO~HymnList: True~~RJStevensMusicPresentationCreator.RJSMRegistry~0000000017
2026-01-28 20:13:56.8357~ INFO~HymnText: True~~RJStevensMusicPresentationCreator.RJSMRegistry~0000000018
2026-01-28 20:13:56.8357~ INFO~HymnalSelection: True~~RJStevensMusicPresentationCreator.RJSMRegistry~0000000019
2026-01-28 20:13:56.8357~ INFO~TemplateSelection: True~~RJStevensMusicPresentationCreator.RJSMRegistry~0000000020
2026-01-28 20:13:56.8357~ INFO~FillWindow: False~~RJStevensMusicPresentationCreator.RJSMRegistry~0000000021
2026-01-28 20:13:56.8357~ INFO~PresenterImage: True~~RJStevensMusicPresentationCreator.RJSMRegistry~0000000022
2026-01-28 20:13:56.8357~ INFO~SelectorWindowPosition: Normal,1290,108,637,931~~RJStevensMusicPresentationCreator.RJSMRegistry~0000000023
2026-01-28 20:13:56.8357~ INFO~SlideWindowPosition: Normal,0,0,0,0~~RJStevensMusicPresentationCreator.RJSMRegistry~0000000024
2026-01-28 20:13:56.8357~ INFO~ViewSplitPosition: 0.0075040257648953301127214171~~RJStevensMusicPresentationCreator.RJSMRegistry~0000000025
2026-01-28 20:13:56.8357~ INFO~HymnsSplitPosition: 0.0064404609475032010243277849~~RJStevensMusicPresentationCreator.RJSMRegistry~0000000026
2026-01-28 20:13:56.8357~ INFO~HymnsListSplitPosition: 0.0082703777335984095427435388~~RJStevensMusicPresentationCreator.RJSMRegistry~0000000027
2026-01-28 20:13:56.8357~ INFO~InternalViewerSplitPosition: 0.0015~~RJStevensMusicPresentationCreator.RJSMRegistry~0000000028
2026-01-28 20:13:56.8357~ INFO~DateOfFirstLicenseCheck: 3/15/2020 12:00:00 AM~~RJStevensMusicPresentationCreator.RJSMRegistry~0000000029
2026-01-28 20:13:56.8357~ INFO~ProductImprovementConsent: True~~RJStevensMusicPresentationCreator.RJSMRegistry~0000000030
2026-01-28 20:13:56.8357~ INFO~RevisedPrinting: (Latest)~~RJStevensMusicPresentationCreator.RJSMRegistry~0000000031
2026-01-28 20:13:56.8357~TRACE~   Is fast disk? True~~RJStevensMusicPresentationCreator.Program~0000000032
2026-01-28 20:13:57.5695~ INFO~AllHymnals Length: 4~~RJStevensMusicPresentationCreator.Program~0000000033
2026-01-28 20:13:57.5695~TRACE~-> AddTemplates()~~RJStevensMusicPresentationCreator.frmSelector~0000000034
2026-01-28 20:13:57.5695~TRACE~<- AddTemplates()~~RJStevensMusicPresentationCreator.frmSelector~0000000035
2026-01-28 20:13:57.5695~FATAL~License Mode: Licensed~~RJStevensMusicPresentationCreator.Program~0000000036
2026-01-28 20:13:57.5695~FATAL~Override to License Mode: Licensed~~RJStevensMusicPresentationCreator.Program~0000000037
2026-01-28 20:13:57.7406~TRACE~-> RunOneTimeUpdates()~~RJStevensMusicPresentationCreator.Program~0000000038
2026-01-28 20:13:57.7406~ INFO~Product Version: 2.3.8843.25471~~RJStevensMusicPresentationCreator.Program~0000000039
2026-01-28 20:13:57.7406~TRACE~LastExecutedDeploymentVersion: 0.0.0.0~~RJStevensMusicPresentationCreator.Program~0000000040
2026-01-28 20:13:57.7406~TRACE~<- RunOneTimeUpdates()~~RJStevensMusicPresentationCreator.Program~0000000041
2026-01-28 20:14:11.0517~TRACE~<- Main()~~RJStevensMusicPresentationCreator.Program~0000000042
