EventDateTime~EventLevel~EventMsg~EventException~EventLogger~EventID
2026-02-28 17:10:49.0410~TRACE~-> Main()~~RJStevensMusicPresentationCreator.Program~0000000001
2026-02-28 17:10:49.0640~TRACE~   .Net Framework Version: 4.8~~RJStevensMusicPresentationCreator.Program~0000000002
2026-02-28 17:10:49.0640~TRACE~   OS Version: Windows 10 Enterprise Release 2009 (Build 26200.7840)  64-bit~~RJStevensMusicPresentationCreator.Program~0000000003
2026-02-28 17:10:49.0640~TRACE~   Total RAM Memory: 32.00 GB physical RAM memory~~RJStevensMusicPresentationCreator.Program~0000000004
2026-02-28 17:10:49.0640~ WARN~System.UnauthorizedAccessException: Access to the registry key 'HKEY_LOCAL_MACHINE\Software\R.J. Stevens Music\Hymns for Worship Electronic Edition\2.3.8843.25471' is denied.%CRLF%   at Microsoft.Win32.RegistryKey.Win32Error(Int32 errorCode, String str)%CRLF%   at Microsoft.Win32.RegistryKey.CreateSubKeyInternal(String subkey, RegistryKeyPermissionCheck permissionCheck, Object registrySecurityObj, RegistryOptions registryOptions)%CRLF%   at Microsoft.Win32.RegistryKey.CreateSubKey(String subkey)%CRLF%   at RJStevensMusicPresentationCreator.Program.Main() in D:\Repos\RJSM\Presentation Creator Application\Applications\PresentationCreator15\Program.cs:line 151~System.UnauthorizedAccessException: Access to the registry key 'HKEY_LOCAL_MACHINE\Software\R.J. Stevens Music\Hymns for Worship Electronic Edition\2.3.8843.25471' is denied.%CRLF%   at Microsoft.Win32.RegistryKey.Win32Error(Int32 errorCode, String str)%CRLF%   at Microsoft.Win32.RegistryKey.CreateSubKeyInternal(String subkey, RegistryKeyPermissionCheck permissionCheck, Object registrySecurityObj, RegistryOptions registryOptions)%CRLF%   at Microsoft.Win32.RegistryKey.CreateSubKey(String subkey)%CRLF%   at RJStevensMusicPresentationCreator.Program.Main() in D:\Repos\RJSM\Presentation Creator Application\Applications\PresentationCreator15\Program.cs:line 151~RJStevensMusicPresentationCreator.Program~0000000005
2026-02-28 17:10:49.0908~ INFO~UserRegKey: HKEY_CURRENT_USER\Software\R.J. Stevens Music\Hymns for Worship Electronic Edition~~RJStevensMusicPresentationCreator.Program~0000000006
2026-02-28 17:10:49.0908~ INFO~HymnalInformationFile: C:\ProgramData\Application Data\R.J. Stevens Music\Hymns for Worship Electronic Edition\Information.hixml~~RJStevensMusicPresentationCreator.Program~0000000007
2026-02-28 17:10:49.0953~ INFO~RegKey: HKEY_CURRENT_USER\Software\R.J. Stevens Music\Hymns for Worship Electronic Edition~~RJStevensMusicPresentationCreator.RJSMRegistry~0000000008
2026-02-28 17:10:49.0953~ INFO~ProductApplicationDataFolder: C:\ProgramData\Application Data\R.J. Stevens Music\Hymns for Worship Electronic Edition~~RJStevensMusicPresentationCreator.RJSMRegistry~0000000009
2026-02-28 17:10:49.0953~ INFO~HymnalInformationFolder: C:\ProgramData\Application Data\R.J. Stevens Music\Hymns for Worship Electronic Edition~~RJStevensMusicPresentationCreator.RJSMRegistry~0000000010
2026-02-28 17:10:49.0953~ INFO~SlideTemplateFolder: C:\ProgramData\Application Data\R.J. Stevens Music\Hymns for Worship Electronic Edition\Templates~~RJStevensMusicPresentationCreator.RJSMRegistry~0000000011
2026-02-28 17:10:49.0953~ INFO~LastExecutedDeploymentVersion: 0.0.0.0~~RJStevensMusicPresentationCreator.RJSMRegistry~0000000012
2026-02-28 17:10:49.0953~ INFO~SelectedHymnal: <All>~~RJStevensMusicPresentationCreator.RJSMRegistry~0000000013
2026-02-28 17:10:49.0953~ INFO~SelectedTemplate: Single Slide Template (Fast Transition)--Widescreen~~RJStevensMusicPresentationCreator.RJSMRegistry~0000000014
2026-02-28 17:10:49.0953~ INFO~LastImportFolder: C:\Users\CB Presentation Comp\Desktop\New_Songs_Library\God Meant It For Good\PresentationCreator~~RJStevensMusicPresentationCreator.RJSMRegistry~0000000015
2026-02-28 17:10:49.0953~ INFO~DisplayTools: True~~RJStevensMusicPresentationCreator.RJSMRegistry~0000000016
2026-02-28 17:10:49.0953~ INFO~HymnList: True~~RJStevensMusicPresentationCreator.RJSMRegistry~0000000017
2026-02-28 17:10:49.0953~ INFO~HymnText: True~~RJStevensMusicPresentationCreator.RJSMRegistry~0000000018
2026-02-28 17:10:49.0953~ INFO~HymnalSelection: True~~RJStevensMusicPresentationCreator.RJSMRegistry~0000000019
2026-02-28 17:10:49.0953~ INFO~TemplateSelection: True~~RJStevensMusicPresentationCreator.RJSMRegistry~0000000020
2026-02-28 17:10:49.0953~ INFO~FillWindow: False~~RJStevensMusicPresentationCreator.RJSMRegistry~0000000021
2026-02-28 17:10:49.0953~ INFO~PresenterImage: True~~RJStevensMusicPresentationCreator.RJSMRegistry~0000000022
2026-02-28 17:10:49.0953~ INFO~SelectorWindowPosition: Normal,1290,108,637,931~~RJStevensMusicPresentationCreator.RJSMRegistry~0000000023
2026-02-28 17:10:49.0953~ INFO~SlideWindowPosition: Normal,0,0,0,0~~RJStevensMusicPresentationCreator.RJSMRegistry~0000000024
2026-02-28 17:10:49.0953~ INFO~ViewSplitPosition: 0.7504025764895330112721417069~~RJStevensMusicPresentationCreator.RJSMRegistry~0000000025
2026-02-28 17:10:49.0953~ INFO~HymnsSplitPosition: 0.5697823303457106274007682458~~RJStevensMusicPresentationCreator.RJSMRegistry~0000000026
2026-02-28 17:10:49.0953~ INFO~HymnsListSplitPosition: 0.6853932584269662921348314607~~RJStevensMusicPresentationCreator.RJSMRegistry~0000000027
2026-02-28 17:10:49.0953~ INFO~InternalViewerSplitPosition: 0.15~~RJStevensMusicPresentationCreator.RJSMRegistry~0000000028
2026-02-28 17:10:49.0953~ INFO~DateOfFirstLicenseCheck: 3/15/2020 12:00:00 AM~~RJStevensMusicPresentationCreator.RJSMRegistry~0000000029
2026-02-28 17:10:49.0953~ INFO~ProductImprovementConsent: True~~RJStevensMusicPresentationCreator.RJSMRegistry~0000000030
2026-02-28 17:10:49.0953~ INFO~RevisedPrinting: (Latest)~~RJStevensMusicPresentationCreator.RJSMRegistry~0000000031
2026-02-28 17:10:49.1140~TRACE~   Is fast disk? True~~RJStevensMusicPresentationCreator.Program~0000000032
2026-02-28 17:10:51.4567~ INFO~AllHymnals Length: 4~~RJStevensMusicPresentationCreator.Program~0000000033
2026-02-28 17:10:51.4567~TRACE~-> AddTemplates()~~RJStevensMusicPresentationCreator.frmSelector~0000000034
2026-02-28 17:10:51.4567~TRACE~<- AddTemplates()~~RJStevensMusicPresentationCreator.frmSelector~0000000035
2026-02-28 17:10:51.4567~FATAL~License Mode: Licensed~~RJStevensMusicPresentationCreator.Program~0000000036
2026-02-28 17:10:51.4567~FATAL~Override to License Mode: Licensed~~RJStevensMusicPresentationCreator.Program~0000000037
2026-02-28 17:10:51.6208~TRACE~-> RunOneTimeUpdates()~~RJStevensMusicPresentationCreator.Program~0000000038
2026-02-28 17:10:51.6208~ INFO~Product Version: 2.3.8843.25471~~RJStevensMusicPresentationCreator.Program~0000000039
2026-02-28 17:10:51.6208~TRACE~LastExecutedDeploymentVersion: 0.0.0.0~~RJStevensMusicPresentationCreator.Program~0000000040
2026-02-28 17:10:51.6208~TRACE~<- RunOneTimeUpdates()~~RJStevensMusicPresentationCreator.Program~0000000041
2026-02-28 17:12:09.4808~ WARN~System.Deployment.Application.InvalidDeploymentException: Application identity is not set.%CRLF%   at System.Deployment.Application.ApplicationDeployment.get_CurrentDeployment()%CRLF%   at RJStevensMusicPresentationCreator.Program.get_AssemblyDeploymentHtml() in D:\Repos\RJSM\Presentation Creator Application\Applications\PresentationCreator15\Program.cs:line 1442~System.Deployment.Application.InvalidDeploymentException: Application identity is not set.%CRLF%   at System.Deployment.Application.ApplicationDeployment.get_CurrentDeployment()%CRLF%   at RJStevensMusicPresentationCreator.Program.get_AssemblyDeploymentHtml() in D:\Repos\RJSM\Presentation Creator Application\Applications\PresentationCreator15\Program.cs:line 1442~RJStevensMusicPresentationCreator.Program~0000000042
2026-02-28 17:14:13.3027~DEBUG~-- Disable(DisableCount = 0)~~RJStevensMusicPresentationCreator.frmSelector~0000000043
2026-02-28 17:14:13.3377~DEBUG~-- SetMessage(messageText = )~~RJStevensMusicPresentationCreator.frmSelector~0000000044
2026-02-28 17:14:26.2204~ERROR~-- SetErrorMessage(messageText = Operation cancelled.  No hymnal information file selected.)~~RJStevensMusicPresentationCreator.frmSelector~0000000045
2026-02-28 17:14:26.2204~DEBUG~-- Enable(overrideCount = False, DisableCount = 1, NoEnable = False)~~RJStevensMusicPresentationCreator.frmSelector~0000000046
2026-02-28 17:14:26.2741~DEBUG~-- Enable(overrideCount = False, DisableCount = 0, NoEnable = False)~~RJStevensMusicPresentationCreator.frmSelector~0000000047
2026-02-28 17:14:26.2741~DEBUG~_disableCount = 0~~RJStevensMusicPresentationCreator.frmSelector~0000000048
2026-02-28 17:14:29.6178~ WARN~System.Deployment.Application.InvalidDeploymentException: Application identity is not set.%CRLF%   at System.Deployment.Application.ApplicationDeployment.get_CurrentDeployment()%CRLF%   at RJStevensMusicPresentationCreator.Program.get_AssemblyDeploymentHtml() in D:\Repos\RJSM\Presentation Creator Application\Applications\PresentationCreator15\Program.cs:line 1442~System.Deployment.Application.InvalidDeploymentException: Application identity is not set.%CRLF%   at System.Deployment.Application.ApplicationDeployment.get_CurrentDeployment()%CRLF%   at RJStevensMusicPresentationCreator.Program.get_AssemblyDeploymentHtml() in D:\Repos\RJSM\Presentation Creator Application\Applications\PresentationCreator15\Program.cs:line 1442~RJStevensMusicPresentationCreator.Program~0000000049
2026-02-28 17:14:52.4907~DEBUG~-- Disable(DisableCount = 0)~~RJStevensMusicPresentationCreator.frmSelector~0000000050
2026-02-28 17:14:52.5199~DEBUG~-- SetMessage(messageText = )~~RJStevensMusicPresentationCreator.frmSelector~0000000051
2026-02-28 17:15:12.9899~DEBUG~-> ExtractAllFromFile(zipFileName = "C:\ProgramData\Application Data\R.J. Stevens Music\Hymns for Worship Electronic Edition\eChoice\20162.zip", decompressedFolder = "C:\Users\CB Presentation Comp\AppData\Local\Temp\tmp9CC7.tmp", message = "20162")~~RJStevensMusicPresentationCreator.Program~0000000052
2026-02-28 17:15:12.9899~DEBUG~-- SetMessage(messageText = Extracting 20162...)~~RJStevensMusicPresentationCreator.frmSelector~0000000053
2026-02-28 17:15:13.0560~DEBUG~-- SetMessage(messageText = Download complete for 20162.)~~RJStevensMusicPresentationCreator.frmSelector~0000000054
2026-02-28 17:15:13.0560~DEBUG~extract completed~~RJStevensMusicPresentationCreator.Program~0000000055
2026-02-28 17:15:13.0560~DEBUG~<- ExtractAllFromFile(zipFileName = "C:\ProgramData\Application Data\R.J. Stevens Music\Hymns for Worship Electronic Edition\eChoice\20162.zip", decompressedFolder = "C:\Users\CB Presentation Comp\AppData\Local\Temp\tmp9CC7.tmp", message = "20162")~~RJStevensMusicPresentationCreator.Program~0000000056
2026-02-28 17:15:13.0560~DEBUG~-- SetMessage(messageText = Operation successful.  No new hymnals found to import.)~~RJStevensMusicPresentationCreator.frmSelector~0000000057
2026-02-28 17:15:13.0560~DEBUG~-- Enable(overrideCount = False, DisableCount = 1, NoEnable = False)~~RJStevensMusicPresentationCreator.frmSelector~0000000058
2026-02-28 17:15:13.1011~DEBUG~-- Enable(overrideCount = False, DisableCount = 0, NoEnable = False)~~RJStevensMusicPresentationCreator.frmSelector~0000000059
2026-02-28 17:15:13.1011~DEBUG~_disableCount = 0~~RJStevensMusicPresentationCreator.frmSelector~0000000060
2026-02-28 17:15:15.6571~TRACE~<- Main()~~RJStevensMusicPresentationCreator.Program~0000000061
