EventDateTime~EventLevel~EventMsg~EventException~EventLogger~EventID
2026-02-15 08:23:24.9874~TRACE~-> Main()~~RJStevensMusicPresentationCreator.Program~0000000001
2026-02-15 08:23:25.0085~TRACE~   .Net Framework Version: 4.8~~RJStevensMusicPresentationCreator.Program~0000000002
2026-02-15 08:23:25.0085~TRACE~   OS Version: Windows 10 Enterprise Release 2009 (Build 26100.7623)  64-bit~~RJStevensMusicPresentationCreator.Program~0000000003
2026-02-15 08:23:25.0160~TRACE~   Total RAM Memory: 32.00 GB physical RAM memory~~RJStevensMusicPresentationCreator.Program~0000000004
2026-02-15 08:23:25.0160~ WARN~System.UnauthorizedAccessException: Access to the registry key 'HKEY_LOCAL_MACHINE\Software\R.J. Stevens Music\Hymns for Worship Electronic Edition\2.3.8843.25471' is denied.%CRLF%   at Microsoft.Win32.RegistryKey.Win32Error(Int32 errorCode, String str)%CRLF%   at Microsoft.Win32.RegistryKey.CreateSubKeyInternal(String subkey, RegistryKeyPermissionCheck permissionCheck, Object registrySecurityObj, RegistryOptions registryOptions)%CRLF%   at Microsoft.Win32.RegistryKey.CreateSubKey(String subkey)%CRLF%   at RJStevensMusicPresentationCreator.Program.Main() in D:\Repos\RJSM\Presentation Creator Application\Applications\PresentationCreator15\Program.cs:line 151~System.UnauthorizedAccessException: Access to the registry key 'HKEY_LOCAL_MACHINE\Software\R.J. Stevens Music\Hymns for Worship Electronic Edition\2.3.8843.25471' is denied.%CRLF%   at Microsoft.Win32.RegistryKey.Win32Error(Int32 errorCode, String str)%CRLF%   at Microsoft.Win32.RegistryKey.CreateSubKeyInternal(String subkey, RegistryKeyPermissionCheck permissionCheck, Object registrySecurityObj, RegistryOptions registryOptions)%CRLF%   at Microsoft.Win32.RegistryKey.CreateSubKey(String subkey)%CRLF%   at RJStevensMusicPresentationCreator.Program.Main() in D:\Repos\RJSM\Presentation Creator Application\Applications\PresentationCreator15\Program.cs:line 151~RJStevensMusicPresentationCreator.Program~0000000005
2026-02-15 08:23:25.0360~ INFO~UserRegKey: HKEY_CURRENT_USER\Software\R.J. Stevens Music\Hymns for Worship Electronic Edition~~RJStevensMusicPresentationCreator.Program~0000000006
2026-02-15 08:23:25.0360~ INFO~HymnalInformationFile: C:\ProgramData\Application Data\R.J. Stevens Music\Hymns for Worship Electronic Edition\Information.hixml~~RJStevensMusicPresentationCreator.Program~0000000007
2026-02-15 08:23:25.0360~ INFO~RegKey: HKEY_CURRENT_USER\Software\R.J. Stevens Music\Hymns for Worship Electronic Edition~~RJStevensMusicPresentationCreator.RJSMRegistry~0000000008
2026-02-15 08:23:25.0360~ INFO~ProductApplicationDataFolder: C:\ProgramData\Application Data\R.J. Stevens Music\Hymns for Worship Electronic Edition~~RJStevensMusicPresentationCreator.RJSMRegistry~0000000009
2026-02-15 08:23:25.0360~ INFO~HymnalInformationFolder: C:\ProgramData\Application Data\R.J. Stevens Music\Hymns for Worship Electronic Edition~~RJStevensMusicPresentationCreator.RJSMRegistry~0000000010
2026-02-15 08:23:25.0360~ INFO~SlideTemplateFolder: C:\ProgramData\Application Data\R.J. Stevens Music\Hymns for Worship Electronic Edition\Templates~~RJStevensMusicPresentationCreator.RJSMRegistry~0000000011
2026-02-15 08:23:25.0360~ INFO~LastExecutedDeploymentVersion: 0.0.0.0~~RJStevensMusicPresentationCreator.RJSMRegistry~0000000012
2026-02-15 08:23:25.0360~ INFO~SelectedHymnal: <All>~~RJStevensMusicPresentationCreator.RJSMRegistry~0000000013
2026-02-15 08:23:25.0360~ INFO~SelectedTemplate: Single Slide Template (Fast Transition)--Widescreen~~RJStevensMusicPresentationCreator.RJSMRegistry~0000000014
2026-02-15 08:23:25.0360~ INFO~LastImportFolder: C:\Users\CB Presentation Comp\Desktop\New_Songs_Library\God Meant It For Good\PresentationCreator~~RJStevensMusicPresentationCreator.RJSMRegistry~0000000015
2026-02-15 08:23:25.0360~ INFO~DisplayTools: True~~RJStevensMusicPresentationCreator.RJSMRegistry~0000000016
2026-02-15 08:23:25.0475~ INFO~HymnList: True~~RJStevensMusicPresentationCreator.RJSMRegistry~0000000017
2026-02-15 08:23:25.0475~ INFO~HymnText: True~~RJStevensMusicPresentationCreator.RJSMRegistry~0000000018
2026-02-15 08:23:25.0475~ INFO~HymnalSelection: True~~RJStevensMusicPresentationCreator.RJSMRegistry~0000000019
2026-02-15 08:23:25.0475~ INFO~TemplateSelection: True~~RJStevensMusicPresentationCreator.RJSMRegistry~0000000020
2026-02-15 08:23:25.0475~ INFO~FillWindow: False~~RJStevensMusicPresentationCreator.RJSMRegistry~0000000021
2026-02-15 08:23:25.0475~ INFO~PresenterImage: True~~RJStevensMusicPresentationCreator.RJSMRegistry~0000000022
2026-02-15 08:23:25.0475~ INFO~SelectorWindowPosition: Normal,1290,108,637,931~~RJStevensMusicPresentationCreator.RJSMRegistry~0000000023
2026-02-15 08:23:25.0475~ INFO~SlideWindowPosition: Normal,0,0,0,0~~RJStevensMusicPresentationCreator.RJSMRegistry~0000000024
2026-02-15 08:23:25.0475~ INFO~ViewSplitPosition: 0.0402576489533011272141706924~~RJStevensMusicPresentationCreator.RJSMRegistry~0000000025
2026-02-15 08:23:25.0475~ INFO~HymnsSplitPosition: 0.5697823303457106274007682458~~RJStevensMusicPresentationCreator.RJSMRegistry~0000000026
2026-02-15 08:23:25.0475~ INFO~HymnsListSplitPosition: 0.6853932584269662921348314607~~RJStevensMusicPresentationCreator.RJSMRegistry~0000000027
2026-02-15 08:23:25.0475~ INFO~InternalViewerSplitPosition: 0.15~~RJStevensMusicPresentationCreator.RJSMRegistry~0000000028
2026-02-15 08:23:25.0475~ INFO~DateOfFirstLicenseCheck: 3/15/2020 12:00:00 AM~~RJStevensMusicPresentationCreator.RJSMRegistry~0000000029
2026-02-15 08:23:25.0475~ INFO~ProductImprovementConsent: True~~RJStevensMusicPresentationCreator.RJSMRegistry~0000000030
2026-02-15 08:23:25.0475~ INFO~RevisedPrinting: (Latest)~~RJStevensMusicPresentationCreator.RJSMRegistry~0000000031
2026-02-15 08:23:25.0475~TRACE~   Is fast disk? True~~RJStevensMusicPresentationCreator.Program~0000000032
2026-02-15 08:23:29.6661~ INFO~AllHymnals Length: 4~~RJStevensMusicPresentationCreator.Program~0000000033
2026-02-15 08:23:29.6661~TRACE~-> AddTemplates()~~RJStevensMusicPresentationCreator.frmSelector~0000000034
2026-02-15 08:23:29.6661~TRACE~<- AddTemplates()~~RJStevensMusicPresentationCreator.frmSelector~0000000035
2026-02-15 08:23:29.6720~FATAL~License Mode: Licensed~~RJStevensMusicPresentationCreator.Program~0000000036
2026-02-15 08:23:29.6720~FATAL~Override to License Mode: Licensed~~RJStevensMusicPresentationCreator.Program~0000000037
2026-02-15 08:23:29.8537~TRACE~-> RunOneTimeUpdates()~~RJStevensMusicPresentationCreator.Program~0000000038
2026-02-15 08:23:29.8537~ INFO~Product Version: 2.3.8843.25471~~RJStevensMusicPresentationCreator.Program~0000000039
2026-02-15 08:23:29.8537~TRACE~LastExecutedDeploymentVersion: 0.0.0.0~~RJStevensMusicPresentationCreator.Program~0000000040
2026-02-15 08:23:29.8537~TRACE~<- RunOneTimeUpdates()~~RJStevensMusicPresentationCreator.Program~0000000041
2026-02-15 08:23:58.8616~DEBUG~-- Disable(DisableCount = 0)~~RJStevensMusicPresentationCreator.frmSelector~0000000042
2026-02-15 08:23:58.9117~DEBUG~-- SetMessage(messageText = Preparing slides for the selected hymns...)~~RJStevensMusicPresentationCreator.frmSelector~0000000043
2026-02-15 08:23:58.9117~TRACE~Text changing from '' to 'End of Verse 1'~~RJStevensMusicPresentationCreator.SlideToAdd~0000000044
2026-02-15 08:23:58.9117~TRACE~Text changing from '' to 'End of Verse 2'~~RJStevensMusicPresentationCreator.SlideToAdd~0000000045
2026-02-15 08:23:58.9117~TRACE~Text changing from '' to 'End of Song'~~RJStevensMusicPresentationCreator.SlideToAdd~0000000046
2026-02-15 08:23:58.9117~DEBUG~-- SetMessage(messageText = )~~RJStevensMusicPresentationCreator.frmSelector~0000000047
2026-02-15 08:23:58.9117~DEBUG~-- Enable(overrideCount = False, DisableCount = 1, NoEnable = False)~~RJStevensMusicPresentationCreator.frmSelector~0000000048
2026-02-15 08:24:09.9416~DEBUG~-- Disable(DisableCount = 0)~~RJStevensMusicPresentationCreator.frmSelector~0000000049
2026-02-15 08:24:10.3039~DEBUG~-- SetMessage(messageText = Saving PowerPoint Presentation file...)~~RJStevensMusicPresentationCreator.frmSelector~0000000050
2026-02-15 08:24:14.9615~DEBUG~-- SetMessage(messageText = )~~RJStevensMusicPresentationCreator.frmSelector~0000000051
2026-02-15 08:24:14.9615~DEBUG~-- Enable(overrideCount = False, DisableCount = 1, NoEnable = False)~~RJStevensMusicPresentationCreator.frmSelector~0000000052
2026-02-15 08:25:58.6085~DEBUG~-- Disable(DisableCount = 0)~~RJStevensMusicPresentationCreator.frmSelector~0000000053
2026-02-15 08:25:58.6657~DEBUG~-- SetMessage(messageText = Preparing slides for the selected hymns...)~~RJStevensMusicPresentationCreator.frmSelector~0000000054
2026-02-15 08:25:58.6657~TRACE~Text changing from '' to 'End of Verse 1'~~RJStevensMusicPresentationCreator.SlideToAdd~0000000055
2026-02-15 08:25:58.6657~TRACE~Text changing from '' to 'End of Song'~~RJStevensMusicPresentationCreator.SlideToAdd~0000000056
2026-02-15 08:25:58.6657~DEBUG~-- SetMessage(messageText = )~~RJStevensMusicPresentationCreator.frmSelector~0000000057
2026-02-15 08:25:58.6657~DEBUG~-- Enable(overrideCount = False, DisableCount = 1, NoEnable = False)~~RJStevensMusicPresentationCreator.frmSelector~0000000058
2026-02-15 08:26:03.5662~DEBUG~-- Disable(DisableCount = 0)~~RJStevensMusicPresentationCreator.frmSelector~0000000059
2026-02-15 08:26:03.8099~DEBUG~-- SetMessage(messageText = Saving PowerPoint Presentation file...)~~RJStevensMusicPresentationCreator.frmSelector~0000000060
2026-02-15 08:26:05.6661~DEBUG~-- SetMessage(messageText = )~~RJStevensMusicPresentationCreator.frmSelector~0000000061
2026-02-15 08:26:05.6661~DEBUG~-- Enable(overrideCount = False, DisableCount = 1, NoEnable = False)~~RJStevensMusicPresentationCreator.frmSelector~0000000062
2026-02-15 09:50:47.5868~DEBUG~-- Disable(DisableCount = 0)~~RJStevensMusicPresentationCreator.frmSelector~0000000063
2026-02-15 09:50:47.6610~DEBUG~-- SetMessage(messageText = Preparing slides for the selected hymns...)~~RJStevensMusicPresentationCreator.frmSelector~0000000064
2026-02-15 09:50:47.6610~TRACE~Text changing from '' to 'End of Verse 1'~~RJStevensMusicPresentationCreator.SlideToAdd~0000000065
2026-02-15 09:50:47.6610~TRACE~Text changing from '' to 'End of Verse 2'~~RJStevensMusicPresentationCreator.SlideToAdd~0000000066
2026-02-15 09:50:47.6610~TRACE~Text changing from '' to 'End of Song'~~RJStevensMusicPresentationCreator.SlideToAdd~0000000067
2026-02-15 09:50:47.6610~DEBUG~-- SetMessage(messageText = )~~RJStevensMusicPresentationCreator.frmSelector~0000000068
2026-02-15 09:50:47.6610~DEBUG~-- Enable(overrideCount = False, DisableCount = 1, NoEnable = False)~~RJStevensMusicPresentationCreator.frmSelector~0000000069
2026-02-15 09:50:52.4669~DEBUG~-- Disable(DisableCount = 0)~~RJStevensMusicPresentationCreator.frmSelector~0000000070
2026-02-15 09:50:52.9113~DEBUG~-- SetMessage(messageText = Saving PowerPoint Presentation file...)~~RJStevensMusicPresentationCreator.frmSelector~0000000071
2026-02-15 09:50:54.5948~DEBUG~-- SetMessage(messageText = )~~RJStevensMusicPresentationCreator.frmSelector~0000000072
2026-02-15 09:50:54.5948~DEBUG~-- Enable(overrideCount = False, DisableCount = 1, NoEnable = False)~~RJStevensMusicPresentationCreator.frmSelector~0000000073
