EventDateTime~EventLevel~EventMsg~EventException~EventLogger~EventID
2025-11-29 17:07:10.5974~TRACE~-> Main()~~RJStevensMusicPresentationCreator.Program~0000000001
2025-11-29 17:07:10.6174~TRACE~   .Net Framework Version: 4.8~~RJStevensMusicPresentationCreator.Program~0000000002
2025-11-29 17:07:10.6174~TRACE~   OS Version: Windows 10 Enterprise Release 2009 (Build 26100.7171)  64-bit~~RJStevensMusicPresentationCreator.Program~0000000003
2025-11-29 17:07:10.6174~TRACE~   Total RAM Memory: 32.00 GB physical RAM memory~~RJStevensMusicPresentationCreator.Program~0000000004
2025-11-29 17:07:10.6174~ WARN~System.UnauthorizedAccessException: Access to the registry key 'HKEY_LOCAL_MACHINE\Software\R.J. Stevens Music\Hymns for Worship Electronic Edition\2.3.8843.25471' is denied.%CRLF%   at Microsoft.Win32.RegistryKey.Win32Error(Int32 errorCode, String str)%CRLF%   at Microsoft.Win32.RegistryKey.CreateSubKeyInternal(String subkey, RegistryKeyPermissionCheck permissionCheck, Object registrySecurityObj, RegistryOptions registryOptions)%CRLF%   at Microsoft.Win32.RegistryKey.CreateSubKey(String subkey)%CRLF%   at RJStevensMusicPresentationCreator.Program.Main() in D:\Repos\RJSM\Presentation Creator Application\Applications\PresentationCreator15\Program.cs:line 151~System.UnauthorizedAccessException: Access to the registry key 'HKEY_LOCAL_MACHINE\Software\R.J. Stevens Music\Hymns for Worship Electronic Edition\2.3.8843.25471' is denied.%CRLF%   at Microsoft.Win32.RegistryKey.Win32Error(Int32 errorCode, String str)%CRLF%   at Microsoft.Win32.RegistryKey.CreateSubKeyInternal(String subkey, RegistryKeyPermissionCheck permissionCheck, Object registrySecurityObj, RegistryOptions registryOptions)%CRLF%   at Microsoft.Win32.RegistryKey.CreateSubKey(String subkey)%CRLF%   at RJStevensMusicPresentationCreator.Program.Main() in D:\Repos\RJSM\Presentation Creator Application\Applications\PresentationCreator15\Program.cs:line 151~RJStevensMusicPresentationCreator.Program~0000000005
2025-11-29 17:07:10.6427~ INFO~UserRegKey: HKEY_CURRENT_USER\Software\R.J. Stevens Music\Hymns for Worship Electronic Edition~~RJStevensMusicPresentationCreator.Program~0000000006
2025-11-29 17:07:10.6457~ INFO~HymnalInformationFile: C:\ProgramData\Application Data\R.J. Stevens Music\Hymns for Worship Electronic Edition\Information.hixml~~RJStevensMusicPresentationCreator.Program~0000000007
2025-11-29 17:07:10.6457~ INFO~RegKey: HKEY_CURRENT_USER\Software\R.J. Stevens Music\Hymns for Worship Electronic Edition~~RJStevensMusicPresentationCreator.RJSMRegistry~0000000008
2025-11-29 17:07:10.6457~ INFO~ProductApplicationDataFolder: C:\ProgramData\Application Data\R.J. Stevens Music\Hymns for Worship Electronic Edition~~RJStevensMusicPresentationCreator.RJSMRegistry~0000000009
2025-11-29 17:07:10.6457~ INFO~HymnalInformationFolder: C:\ProgramData\Application Data\R.J. Stevens Music\Hymns for Worship Electronic Edition~~RJStevensMusicPresentationCreator.RJSMRegistry~0000000010
2025-11-29 17:07:10.6457~ INFO~SlideTemplateFolder: C:\ProgramData\Application Data\R.J. Stevens Music\Hymns for Worship Electronic Edition\Templates~~RJStevensMusicPresentationCreator.RJSMRegistry~0000000011
2025-11-29 17:07:10.6457~ INFO~LastExecutedDeploymentVersion: 0.0.0.0~~RJStevensMusicPresentationCreator.RJSMRegistry~0000000012
2025-11-29 17:07:10.6457~ INFO~SelectedHymnal: <All>~~RJStevensMusicPresentationCreator.RJSMRegistry~0000000013
2025-11-29 17:07:10.6457~ INFO~SelectedTemplate: Single Slide Template (Fast Transition)--Widescreen~~RJStevensMusicPresentationCreator.RJSMRegistry~0000000014
2025-11-29 17:07:10.6457~ INFO~LastImportFolder: C:\Users\CB Presentation Comp\Desktop~~RJStevensMusicPresentationCreator.RJSMRegistry~0000000015
2025-11-29 17:07:10.6457~ INFO~DisplayTools: True~~RJStevensMusicPresentationCreator.RJSMRegistry~0000000016
2025-11-29 17:07:10.6457~ INFO~HymnList: True~~RJStevensMusicPresentationCreator.RJSMRegistry~0000000017
2025-11-29 17:07:10.6457~ INFO~HymnText: True~~RJStevensMusicPresentationCreator.RJSMRegistry~0000000018
2025-11-29 17:07:10.6457~ INFO~HymnalSelection: True~~RJStevensMusicPresentationCreator.RJSMRegistry~0000000019
2025-11-29 17:07:10.6457~ INFO~TemplateSelection: True~~RJStevensMusicPresentationCreator.RJSMRegistry~0000000020
2025-11-29 17:07:10.6457~ INFO~FillWindow: False~~RJStevensMusicPresentationCreator.RJSMRegistry~0000000021
2025-11-29 17:07:10.6457~ INFO~PresenterImage: True~~RJStevensMusicPresentationCreator.RJSMRegistry~0000000022
2025-11-29 17:07:10.6457~ INFO~SelectorWindowPosition: Normal,1208,1,718,1039~~RJStevensMusicPresentationCreator.RJSMRegistry~0000000023
2025-11-29 17:07:10.6457~ INFO~SlideWindowPosition: Normal,0,0,0,0~~RJStevensMusicPresentationCreator.RJSMRegistry~0000000024
2025-11-29 17:07:10.6457~ INFO~ViewSplitPosition: 0.0356125356125356125356125356~~RJStevensMusicPresentationCreator.RJSMRegistry~0000000025
2025-11-29 17:07:10.6457~ INFO~HymnsSplitPosition: 0.6467941507311586051743532058~~RJStevensMusicPresentationCreator.RJSMRegistry~0000000026
2025-11-29 17:07:10.6457~ INFO~HymnsListSplitPosition: 0.8330434782608695652173913043~~RJStevensMusicPresentationCreator.RJSMRegistry~0000000027
2025-11-29 17:07:10.6457~ INFO~InternalViewerSplitPosition: 0.15~~RJStevensMusicPresentationCreator.RJSMRegistry~0000000028
2025-11-29 17:07:10.6457~ INFO~DateOfFirstLicenseCheck: 3/15/2020 12:00:00 AM~~RJStevensMusicPresentationCreator.RJSMRegistry~0000000029
2025-11-29 17:07:10.6457~ INFO~ProductImprovementConsent: True~~RJStevensMusicPresentationCreator.RJSMRegistry~0000000030
2025-11-29 17:07:10.6457~ INFO~RevisedPrinting: (Latest)~~RJStevensMusicPresentationCreator.RJSMRegistry~0000000031
2025-11-29 17:07:10.6457~TRACE~   Is fast disk? True~~RJStevensMusicPresentationCreator.Program~0000000032
2025-11-29 17:07:14.5658~ INFO~AllHymnals Length: 4~~RJStevensMusicPresentationCreator.Program~0000000033
2025-11-29 17:07:14.5708~TRACE~-> AddTemplates()~~RJStevensMusicPresentationCreator.frmSelector~0000000034
2025-11-29 17:07:14.5708~TRACE~<- AddTemplates()~~RJStevensMusicPresentationCreator.frmSelector~0000000035
2025-11-29 17:07:14.5708~FATAL~License Mode: Licensed~~RJStevensMusicPresentationCreator.Program~0000000036
2025-11-29 17:07:14.5708~FATAL~Override to License Mode: Licensed~~RJStevensMusicPresentationCreator.Program~0000000037
2025-11-29 17:07:14.7377~TRACE~-> RunOneTimeUpdates()~~RJStevensMusicPresentationCreator.Program~0000000038
2025-11-29 17:07:14.7377~ INFO~Product Version: 2.3.8843.25471~~RJStevensMusicPresentationCreator.Program~0000000039
2025-11-29 17:07:14.7398~TRACE~LastExecutedDeploymentVersion: 0.0.0.0~~RJStevensMusicPresentationCreator.Program~0000000040
2025-11-29 17:07:14.7398~TRACE~<- RunOneTimeUpdates()~~RJStevensMusicPresentationCreator.Program~0000000041
2025-11-30 12:08:44.9790~TRACE~<- Main()~~RJStevensMusicPresentationCreator.Program~0000000042
