EventDateTime~EventLevel~EventMsg~EventException~EventLogger~EventID
2024-12-06 14:30:24.0413~TRACE~-> Main()~~RJStevensMusicPresentationCreator.Program~0000000001
2024-12-06 14:30:24.0823~TRACE~   .Net Framework Version: 4.8~~RJStevensMusicPresentationCreator.Program~0000000002
2024-12-06 14:30:24.0823~TRACE~   OS Version: Windows 10 Enterprise Release 2009 (Build 19045.5131)  64-bit~~RJStevensMusicPresentationCreator.Program~0000000003
2024-12-06 14:30:24.0823~TRACE~   Total RAM Memory: 8.00 GB physical RAM memory~~RJStevensMusicPresentationCreator.Program~0000000004
2024-12-06 14:30:24.0823~ WARN~System.UnauthorizedAccessException: Access to the registry key 'HKEY_LOCAL_MACHINE\Software\R.J. Stevens Music\Hymns for Worship Electronic Edition\2.3.8843.25471' is denied.%CRLF%   at Microsoft.Win32.RegistryKey.Win32Error(Int32 errorCode, String str)%CRLF%   at Microsoft.Win32.RegistryKey.CreateSubKeyInternal(String subkey, RegistryKeyPermissionCheck permissionCheck, Object registrySecurityObj, RegistryOptions registryOptions)%CRLF%   at Microsoft.Win32.RegistryKey.CreateSubKey(String subkey)%CRLF%   at RJStevensMusicPresentationCreator.Program.Main() in D:\Repos\RJSM\Presentation Creator Application\Applications\PresentationCreator15\Program.cs:line 151~System.UnauthorizedAccessException: Access to the registry key 'HKEY_LOCAL_MACHINE\Software\R.J. Stevens Music\Hymns for Worship Electronic Edition\2.3.8843.25471' is denied.%CRLF%   at Microsoft.Win32.RegistryKey.Win32Error(Int32 errorCode, String str)%CRLF%   at Microsoft.Win32.RegistryKey.CreateSubKeyInternal(String subkey, RegistryKeyPermissionCheck permissionCheck, Object registrySecurityObj, RegistryOptions registryOptions)%CRLF%   at Microsoft.Win32.RegistryKey.CreateSubKey(String subkey)%CRLF%   at RJStevensMusicPresentationCreator.Program.Main() in D:\Repos\RJSM\Presentation Creator Application\Applications\PresentationCreator15\Program.cs:line 151~RJStevensMusicPresentationCreator.Program~0000000005
2024-12-06 14:30:24.1154~ INFO~UserRegKey: HKEY_CURRENT_USER\Software\R.J. Stevens Music\Hymns for Worship Electronic Edition~~RJStevensMusicPresentationCreator.Program~0000000006
2024-12-06 14:30:24.1154~ INFO~HymnalInformationFile: C:\ProgramData\Application Data\R.J. Stevens Music\Hymns for Worship Electronic Edition\Information.hixml~~RJStevensMusicPresentationCreator.Program~0000000007
2024-12-06 14:30:24.1154~ INFO~RegKey: HKEY_CURRENT_USER\Software\R.J. Stevens Music\Hymns for Worship Electronic Edition~~RJStevensMusicPresentationCreator.RJSMRegistry~0000000008
2024-12-06 14:30:24.1253~ INFO~ProductApplicationDataFolder: C:\ProgramData\Application Data\R.J. Stevens Music\Hymns for Worship Electronic Edition~~RJStevensMusicPresentationCreator.RJSMRegistry~0000000009
2024-12-06 14:30:24.1253~ INFO~HymnalInformationFolder: C:\ProgramData\Application Data\R.J. Stevens Music\Hymns for Worship Electronic Edition~~RJStevensMusicPresentationCreator.RJSMRegistry~0000000010
2024-12-06 14:30:24.1253~ INFO~SlideTemplateFolder: C:\ProgramData\Application Data\R.J. Stevens Music\Hymns for Worship Electronic Edition\Templates~~RJStevensMusicPresentationCreator.RJSMRegistry~0000000011
2024-12-06 14:30:24.1253~ INFO~LastExecutedDeploymentVersion: 0.0.0.0~~RJStevensMusicPresentationCreator.RJSMRegistry~0000000012
2024-12-06 14:30:24.1253~ INFO~SelectedHymnal: <All>~~RJStevensMusicPresentationCreator.RJSMRegistry~0000000013
2024-12-06 14:30:24.1253~ INFO~SelectedTemplate: Single Slide Template (Fast Transition)~~RJStevensMusicPresentationCreator.RJSMRegistry~0000000014
2024-12-06 14:30:24.1253~ INFO~LastImportFolder: C:\Users\cofc_\OneDrive\Desktop~~RJStevensMusicPresentationCreator.RJSMRegistry~0000000015
2024-12-06 14:30:24.1253~ INFO~DisplayTools: True~~RJStevensMusicPresentationCreator.RJSMRegistry~0000000016
2024-12-06 14:30:24.1253~ INFO~HymnList: True~~RJStevensMusicPresentationCreator.RJSMRegistry~0000000017
2024-12-06 14:30:24.1253~ INFO~HymnText: True~~RJStevensMusicPresentationCreator.RJSMRegistry~0000000018
2024-12-06 14:30:24.1404~ INFO~HymnalSelection: True~~RJStevensMusicPresentationCreator.RJSMRegistry~0000000019
2024-12-06 14:30:24.1404~ INFO~TemplateSelection: True~~RJStevensMusicPresentationCreator.RJSMRegistry~0000000020
2024-12-06 14:30:24.1404~ INFO~FillWindow: True~~RJStevensMusicPresentationCreator.RJSMRegistry~0000000021
2024-12-06 14:30:24.1404~ INFO~PresenterImage: True~~RJStevensMusicPresentationCreator.RJSMRegistry~0000000022
2024-12-06 14:30:24.1404~ INFO~SelectorWindowPosition: Normal,473,0,974,1047~~RJStevensMusicPresentationCreator.RJSMRegistry~0000000023
2024-12-06 14:30:24.1404~ INFO~SlideWindowPosition: Normal,0,0,0,0~~RJStevensMusicPresentationCreator.RJSMRegistry~0000000024
2024-12-06 14:30:24.1404~ INFO~ViewSplitPosition: 0.0260960334029227557411273486~~RJStevensMusicPresentationCreator.RJSMRegistry~0000000025
2024-12-06 14:30:24.1404~ INFO~HymnsSplitPosition: 0.6945373467112597547380156076~~RJStevensMusicPresentationCreator.RJSMRegistry~0000000026
2024-12-06 14:30:24.1404~ INFO~HymnsListSplitPosition: 0.7271268057784911717495987159~~RJStevensMusicPresentationCreator.RJSMRegistry~0000000027
2024-12-06 14:30:24.1404~ INFO~InternalViewerSplitPosition: 0.15~~RJStevensMusicPresentationCreator.RJSMRegistry~0000000028
2024-12-06 14:30:24.1404~ INFO~DateOfFirstLicenseCheck: 3/15/2020 12:00:00 AM~~RJStevensMusicPresentationCreator.RJSMRegistry~0000000029
2024-12-06 14:30:24.1404~ INFO~ProductImprovementConsent: False~~RJStevensMusicPresentationCreator.RJSMRegistry~0000000030
2024-12-06 14:30:24.1404~ INFO~RevisedPrinting: 15~~RJStevensMusicPresentationCreator.RJSMRegistry~0000000031
2024-12-06 14:30:24.1404~TRACE~   Is fast disk? True~~RJStevensMusicPresentationCreator.Program~0000000032
2024-12-06 14:30:26.6103~ INFO~AllHymnals Length: 4~~RJStevensMusicPresentationCreator.Program~0000000033
2024-12-06 14:30:26.6103~TRACE~-> AddTemplates()~~RJStevensMusicPresentationCreator.frmSelector~0000000034
2024-12-06 14:30:26.6103~TRACE~<- AddTemplates()~~RJStevensMusicPresentationCreator.frmSelector~0000000035
2024-12-06 14:30:26.6263~FATAL~License Mode: Licensed~~RJStevensMusicPresentationCreator.Program~0000000036
2024-12-06 14:30:26.6263~FATAL~Override to License Mode: Licensed~~RJStevensMusicPresentationCreator.Program~0000000037
2024-12-06 14:30:26.9864~TRACE~-> RunOneTimeUpdates()~~RJStevensMusicPresentationCreator.Program~0000000038
2024-12-06 14:30:26.9864~ INFO~Product Version: 2.3.8843.25471~~RJStevensMusicPresentationCreator.Program~0000000039
2024-12-06 14:30:26.9864~ INFO~Deployment Version: 2.2.0.7~~RJStevensMusicPresentationCreator.Program~0000000040
2024-12-06 14:30:26.9864~TRACE~LastExecutedDeploymentVersion: 0.0.0.0~~RJStevensMusicPresentationCreator.Program~0000000041
2024-12-06 14:30:26.9864~TRACE~<- RunOneTimeUpdates()~~RJStevensMusicPresentationCreator.Program~0000000042
2024-12-06 15:02:18.8101~DEBUG~-- Disable(DisableCount = 0)~~RJStevensMusicPresentationCreator.frmSelector~0000000043
2024-12-06 15:02:18.9507~DEBUG~-- SetMessage(messageText = Preparing slides for the selected hymns...)~~RJStevensMusicPresentationCreator.frmSelector~0000000044
2024-12-06 15:02:18.9637~TRACE~Text changing from '' to 'End of Verse 1'~~RJStevensMusicPresentationCreator.SlideToAdd~0000000045
2024-12-06 15:02:18.9687~TRACE~Text changing from '' to 'End of Verse 2'~~RJStevensMusicPresentationCreator.SlideToAdd~0000000046
2024-12-06 15:02:18.9687~TRACE~Text changing from '' to 'End of Verse 3'~~RJStevensMusicPresentationCreator.SlideToAdd~0000000047
2024-12-06 15:02:18.9687~TRACE~Text changing from '' to 'End of Song'~~RJStevensMusicPresentationCreator.SlideToAdd~0000000048
2024-12-06 15:02:18.9687~TRACE~Text changing from '' to 'End of Verse 1'~~RJStevensMusicPresentationCreator.SlideToAdd~0000000049
2024-12-06 15:02:18.9687~TRACE~Text changing from '' to 'End of Verse 2'~~RJStevensMusicPresentationCreator.SlideToAdd~0000000050
2024-12-06 15:02:18.9687~TRACE~Text changing from '' to 'End of Song'~~RJStevensMusicPresentationCreator.SlideToAdd~0000000051
2024-12-06 15:02:18.9857~TRACE~Text changing from '' to 'End of Verse 1'~~RJStevensMusicPresentationCreator.SlideToAdd~0000000052
2024-12-06 15:02:18.9857~TRACE~Text changing from '' to 'End of Verse 2'~~RJStevensMusicPresentationCreator.SlideToAdd~0000000053
2024-12-06 15:02:18.9857~TRACE~Text changing from '' to 'End of Song'~~RJStevensMusicPresentationCreator.SlideToAdd~0000000054
2024-12-06 15:02:18.9857~TRACE~Text changing from '' to 'End of Verse 1'~~RJStevensMusicPresentationCreator.SlideToAdd~0000000055
2024-12-06 15:02:18.9857~TRACE~Text changing from '' to 'End of Verse 2'~~RJStevensMusicPresentationCreator.SlideToAdd~0000000056
2024-12-06 15:02:18.9857~TRACE~Text changing from '' to 'End of Song'~~RJStevensMusicPresentationCreator.SlideToAdd~0000000057
2024-12-06 15:02:18.9857~TRACE~Text changing from '' to 'End of Verse 1'~~RJStevensMusicPresentationCreator.SlideToAdd~0000000058
2024-12-06 15:02:18.9857~TRACE~Text changing from '' to 'End of Verse 2'~~RJStevensMusicPresentationCreator.SlideToAdd~0000000059
2024-12-06 15:02:19.0007~TRACE~Text changing from '' to 'End of Verse 3'~~RJStevensMusicPresentationCreator.SlideToAdd~0000000060
2024-12-06 15:02:19.0007~TRACE~Text changing from '' to 'End of Song'~~RJStevensMusicPresentationCreator.SlideToAdd~0000000061
2024-12-06 15:02:19.0007~TRACE~Text changing from '' to 'End of Verse 1'~~RJStevensMusicPresentationCreator.SlideToAdd~0000000062
2024-12-06 15:02:19.0007~TRACE~Text changing from '' to 'End of Verse 2'~~RJStevensMusicPresentationCreator.SlideToAdd~0000000063
2024-12-06 15:02:19.0007~TRACE~Text changing from '' to 'End of Song'~~RJStevensMusicPresentationCreator.SlideToAdd~0000000064
2024-12-06 15:02:19.0007~TRACE~Text changing from '' to 'End of Verse 1'~~RJStevensMusicPresentationCreator.SlideToAdd~0000000065
2024-12-06 15:02:19.0007~TRACE~Text changing from '' to 'End of Verse 2'~~RJStevensMusicPresentationCreator.SlideToAdd~0000000066
2024-12-06 15:02:19.0187~TRACE~Text changing from '' to 'End of Song'~~RJStevensMusicPresentationCreator.SlideToAdd~0000000067
2024-12-06 15:02:19.0187~TRACE~Text changing from '' to 'End of Verse 1'~~RJStevensMusicPresentationCreator.SlideToAdd~0000000068
2024-12-06 15:02:19.0187~TRACE~Text changing from '' to 'End of Verse 2'~~RJStevensMusicPresentationCreator.SlideToAdd~0000000069
2024-12-06 15:02:19.0187~TRACE~Text changing from '' to 'End of Verse 3'~~RJStevensMusicPresentationCreator.SlideToAdd~0000000070
2024-12-06 15:02:19.0347~TRACE~Text changing from '' to 'End of Song'~~RJStevensMusicPresentationCreator.SlideToAdd~0000000071
2024-12-06 15:02:19.0347~TRACE~Text changing from '' to 'End of Verse 1'~~RJStevensMusicPresentationCreator.SlideToAdd~0000000072
2024-12-06 15:02:19.0347~TRACE~Text changing from '' to 'End of Verse 2'~~RJStevensMusicPresentationCreator.SlideToAdd~0000000073
2024-12-06 15:02:19.0347~TRACE~Text changing from '' to 'End of Song'~~RJStevensMusicPresentationCreator.SlideToAdd~0000000074
2024-12-06 15:02:19.0347~TRACE~Text changing from '' to 'End of Verse 1'~~RJStevensMusicPresentationCreator.SlideToAdd~0000000075
2024-12-06 15:02:19.0467~TRACE~Text changing from '' to 'End of Verse 2'~~RJStevensMusicPresentationCreator.SlideToAdd~0000000076
2024-12-06 15:02:19.0467~TRACE~Text changing from '' to 'End of Song'~~RJStevensMusicPresentationCreator.SlideToAdd~0000000077
2024-12-06 15:02:19.0467~TRACE~Text changing from '' to 'End of Verse 1'~~RJStevensMusicPresentationCreator.SlideToAdd~0000000078
2024-12-06 15:02:19.0467~TRACE~Text changing from '' to 'End of Verse 2'~~RJStevensMusicPresentationCreator.SlideToAdd~0000000079
2024-12-06 15:02:19.0467~TRACE~Text changing from '' to 'End of Song'~~RJStevensMusicPresentationCreator.SlideToAdd~0000000080
2024-12-06 15:02:19.0467~TRACE~Text changing from '' to 'End of Verse 1'~~RJStevensMusicPresentationCreator.SlideToAdd~0000000081
2024-12-06 15:02:19.0467~TRACE~Text changing from '' to 'End of Verse 2'~~RJStevensMusicPresentationCreator.SlideToAdd~0000000082
2024-12-06 15:02:19.0637~TRACE~Text changing from '' to 'End of Verse 3'~~RJStevensMusicPresentationCreator.SlideToAdd~0000000083
2024-12-06 15:02:19.0637~TRACE~Text changing from '' to 'End of Song'~~RJStevensMusicPresentationCreator.SlideToAdd~0000000084
2024-12-06 15:02:19.0637~TRACE~Text changing from '' to 'End of Verse 1'~~RJStevensMusicPresentationCreator.SlideToAdd~0000000085
2024-12-06 15:02:19.0637~TRACE~Text changing from '' to 'End of Song'~~RJStevensMusicPresentationCreator.SlideToAdd~0000000086
2024-12-06 15:02:19.0637~TRACE~Text changing from '' to 'End of Verse 1'~~RJStevensMusicPresentationCreator.SlideToAdd~0000000087
2024-12-06 15:02:19.0637~TRACE~Text changing from '' to 'End of Verse 2'~~RJStevensMusicPresentationCreator.SlideToAdd~0000000088
2024-12-06 15:02:19.0637~TRACE~Text changing from '' to 'End of Song'~~RJStevensMusicPresentationCreator.SlideToAdd~0000000089
2024-12-06 15:02:19.0637~DEBUG~-- SetMessage(messageText = )~~RJStevensMusicPresentationCreator.frmSelector~0000000090
2024-12-06 15:02:19.0787~DEBUG~-- Enable(overrideCount = False, DisableCount = 1, NoEnable = False)~~RJStevensMusicPresentationCreator.frmSelector~0000000091
2024-12-06 15:03:44.5938~DEBUG~-- Disable(DisableCount = 0)~~RJStevensMusicPresentationCreator.frmSelector~0000000092
2024-12-06 15:03:49.6144~DEBUG~-- SetMessage(messageText = Saving PowerPoint Presentation file...)~~RJStevensMusicPresentationCreator.frmSelector~0000000093
2024-12-06 15:03:57.9759~DEBUG~-- SetMessage(messageText = )~~RJStevensMusicPresentationCreator.frmSelector~0000000094
2024-12-06 15:03:57.9759~DEBUG~-- Enable(overrideCount = False, DisableCount = 1, NoEnable = False)~~RJStevensMusicPresentationCreator.frmSelector~0000000095
2024-12-06 15:06:12.0181~DEBUG~-- Disable(DisableCount = 0)~~RJStevensMusicPresentationCreator.frmSelector~0000000096
2024-12-06 15:06:12.1657~DEBUG~-- SetMessage(messageText = Preparing slides for the selected hymns...)~~RJStevensMusicPresentationCreator.frmSelector~0000000097
2024-12-06 15:06:12.1657~TRACE~Text changing from '' to 'End of Verse 1'~~RJStevensMusicPresentationCreator.SlideToAdd~0000000098
2024-12-06 15:06:12.1727~TRACE~Text changing from '' to 'End of Verse 2'~~RJStevensMusicPresentationCreator.SlideToAdd~0000000099
2024-12-06 15:06:12.1727~TRACE~Text changing from '' to 'End of Verse 3'~~RJStevensMusicPresentationCreator.SlideToAdd~0000000100
2024-12-06 15:06:12.1727~TRACE~Text changing from '' to 'End of Song'~~RJStevensMusicPresentationCreator.SlideToAdd~0000000101
2024-12-06 15:06:12.1727~TRACE~Text changing from '' to 'End of Verse 1'~~RJStevensMusicPresentationCreator.SlideToAdd~0000000102
2024-12-06 15:06:12.1727~TRACE~Text changing from '' to 'End of Verse 2'~~RJStevensMusicPresentationCreator.SlideToAdd~0000000103
2024-12-06 15:06:12.1727~TRACE~Text changing from '' to 'End of Song'~~RJStevensMusicPresentationCreator.SlideToAdd~0000000104
2024-12-06 15:06:12.1727~TRACE~Text changing from '' to 'End of Verse 1'~~RJStevensMusicPresentationCreator.SlideToAdd~0000000105
2024-12-06 15:06:12.1897~TRACE~Text changing from '' to 'End of Verse 2'~~RJStevensMusicPresentationCreator.SlideToAdd~0000000106
2024-12-06 15:06:12.1897~TRACE~Text changing from '' to 'End of Song'~~RJStevensMusicPresentationCreator.SlideToAdd~0000000107
2024-12-06 15:06:12.1897~TRACE~Text changing from '' to 'End of Verse 1'~~RJStevensMusicPresentationCreator.SlideToAdd~0000000108
2024-12-06 15:06:12.1897~TRACE~Text changing from '' to 'End of Verse 2'~~RJStevensMusicPresentationCreator.SlideToAdd~0000000109
2024-12-06 15:06:12.1897~TRACE~Text changing from '' to 'End of Song'~~RJStevensMusicPresentationCreator.SlideToAdd~0000000110
2024-12-06 15:06:12.2027~TRACE~Text changing from '' to 'End of Verse 1'~~RJStevensMusicPresentationCreator.SlideToAdd~0000000111
2024-12-06 15:06:12.2027~TRACE~Text changing from '' to 'End of Verse 2'~~RJStevensMusicPresentationCreator.SlideToAdd~0000000112
2024-12-06 15:06:12.2027~TRACE~Text changing from '' to 'End of Verse 3'~~RJStevensMusicPresentationCreator.SlideToAdd~0000000113
2024-12-06 15:06:12.2027~TRACE~Text changing from '' to 'End of Song'~~RJStevensMusicPresentationCreator.SlideToAdd~0000000114
2024-12-06 15:06:12.2027~TRACE~Text changing from '' to 'End of Verse 1'~~RJStevensMusicPresentationCreator.SlideToAdd~0000000115
2024-12-06 15:06:12.2027~TRACE~Text changing from '' to 'End of Verse 2'~~RJStevensMusicPresentationCreator.SlideToAdd~0000000116
2024-12-06 15:06:12.2027~TRACE~Text changing from '' to 'End of Song'~~RJStevensMusicPresentationCreator.SlideToAdd~0000000117
2024-12-06 15:06:12.2027~TRACE~Text changing from '' to 'End of Verse 1'~~RJStevensMusicPresentationCreator.SlideToAdd~0000000118
2024-12-06 15:06:12.2027~TRACE~Text changing from '' to 'End of Verse 2'~~RJStevensMusicPresentationCreator.SlideToAdd~0000000119
2024-12-06 15:06:12.2197~TRACE~Text changing from '' to 'End of Song'~~RJStevensMusicPresentationCreator.SlideToAdd~0000000120
2024-12-06 15:06:12.2197~TRACE~Text changing from '' to 'End of Verse 1'~~RJStevensMusicPresentationCreator.SlideToAdd~0000000121
2024-12-06 15:06:12.2197~TRACE~Text changing from '' to 'End of Verse 2'~~RJStevensMusicPresentationCreator.SlideToAdd~0000000122
2024-12-06 15:06:12.2197~TRACE~Text changing from '' to 'End of Verse 3'~~RJStevensMusicPresentationCreator.SlideToAdd~0000000123
2024-12-06 15:06:12.2347~TRACE~Text changing from '' to 'End of Song'~~RJStevensMusicPresentationCreator.SlideToAdd~0000000124
2024-12-06 15:06:12.2347~TRACE~Text changing from '' to 'End of Verse 1'~~RJStevensMusicPresentationCreator.SlideToAdd~0000000125
2024-12-06 15:06:12.2347~TRACE~Text changing from '' to 'End of Verse 2'~~RJStevensMusicPresentationCreator.SlideToAdd~0000000126
2024-12-06 15:06:12.2347~TRACE~Text changing from '' to 'End of Song'~~RJStevensMusicPresentationCreator.SlideToAdd~0000000127
2024-12-06 15:06:12.2347~TRACE~Text changing from '' to 'End of Verse 1'~~RJStevensMusicPresentationCreator.SlideToAdd~0000000128
2024-12-06 15:06:12.2347~TRACE~Text changing from '' to 'End of Verse 2'~~RJStevensMusicPresentationCreator.SlideToAdd~0000000129
2024-12-06 15:06:12.2527~TRACE~Text changing from '' to 'End of Song'~~RJStevensMusicPresentationCreator.SlideToAdd~0000000130
2024-12-06 15:06:12.2527~TRACE~Text changing from '' to 'End of Verse 1'~~RJStevensMusicPresentationCreator.SlideToAdd~0000000131
2024-12-06 15:06:12.2527~TRACE~Text changing from '' to 'End of Verse 2'~~RJStevensMusicPresentationCreator.SlideToAdd~0000000132
2024-12-06 15:06:12.2527~TRACE~Text changing from '' to 'End of Song'~~RJStevensMusicPresentationCreator.SlideToAdd~0000000133
2024-12-06 15:06:12.2527~TRACE~Text changing from '' to 'End of Verse 1'~~RJStevensMusicPresentationCreator.SlideToAdd~0000000134
2024-12-06 15:06:12.2527~TRACE~Text changing from '' to 'End of Verse 2'~~RJStevensMusicPresentationCreator.SlideToAdd~0000000135
2024-12-06 15:06:12.2527~TRACE~Text changing from '' to 'End of Verse 3'~~RJStevensMusicPresentationCreator.SlideToAdd~0000000136
2024-12-06 15:06:12.2668~TRACE~Text changing from '' to 'End of Song'~~RJStevensMusicPresentationCreator.SlideToAdd~0000000137
2024-12-06 15:06:12.2668~TRACE~Text changing from '' to 'End of Verse 1'~~RJStevensMusicPresentationCreator.SlideToAdd~0000000138
2024-12-06 15:06:12.2668~TRACE~Text changing from '' to 'End of Song'~~RJStevensMusicPresentationCreator.SlideToAdd~0000000139
2024-12-06 15:06:12.2668~TRACE~Text changing from '' to 'End of Verse 1'~~RJStevensMusicPresentationCreator.SlideToAdd~0000000140
2024-12-06 15:06:12.2668~TRACE~Text changing from '' to 'End of Verse 2'~~RJStevensMusicPresentationCreator.SlideToAdd~0000000141
2024-12-06 15:06:12.2668~TRACE~Text changing from '' to 'End of Song'~~RJStevensMusicPresentationCreator.SlideToAdd~0000000142
2024-12-06 15:06:12.2668~DEBUG~-- SetMessage(messageText = )~~RJStevensMusicPresentationCreator.frmSelector~0000000143
2024-12-06 15:06:12.2668~DEBUG~-- Enable(overrideCount = False, DisableCount = 1, NoEnable = False)~~RJStevensMusicPresentationCreator.frmSelector~0000000144
2024-12-06 15:06:40.3497~DEBUG~-- Disable(DisableCount = 0)~~RJStevensMusicPresentationCreator.frmSelector~0000000145
2024-12-06 15:06:44.2495~DEBUG~-- SetMessage(messageText = Saving PowerPoint Presentation file...)~~RJStevensMusicPresentationCreator.frmSelector~0000000146
2024-12-06 15:06:51.3615~DEBUG~-- SetMessage(messageText = )~~RJStevensMusicPresentationCreator.frmSelector~0000000147
2024-12-06 15:06:51.3615~DEBUG~-- Enable(overrideCount = False, DisableCount = 1, NoEnable = False)~~RJStevensMusicPresentationCreator.frmSelector~0000000148
2024-12-06 15:07:35.7527~DEBUG~-- Disable(DisableCount = 0)~~RJStevensMusicPresentationCreator.frmSelector~0000000149
2024-12-06 15:07:35.8997~DEBUG~-- SetMessage(messageText = Preparing slides for the selected hymns...)~~RJStevensMusicPresentationCreator.frmSelector~0000000150
2024-12-06 15:07:35.8997~TRACE~Text changing from '' to 'End of Verse 1'~~RJStevensMusicPresentationCreator.SlideToAdd~0000000151
2024-12-06 15:07:35.9067~TRACE~Text changing from '' to 'End of Verse 2'~~RJStevensMusicPresentationCreator.SlideToAdd~0000000152
2024-12-06 15:07:35.9067~TRACE~Text changing from '' to 'End of Verse 3'~~RJStevensMusicPresentationCreator.SlideToAdd~0000000153
2024-12-06 15:07:35.9067~TRACE~Text changing from '' to 'End of Song'~~RJStevensMusicPresentationCreator.SlideToAdd~0000000154
2024-12-06 15:07:35.9067~TRACE~Text changing from '' to 'End of Verse 1'~~RJStevensMusicPresentationCreator.SlideToAdd~0000000155
2024-12-06 15:07:35.9067~TRACE~Text changing from '' to 'End of Verse 2'~~RJStevensMusicPresentationCreator.SlideToAdd~0000000156
2024-12-06 15:07:35.9067~TRACE~Text changing from '' to 'End of Song'~~RJStevensMusicPresentationCreator.SlideToAdd~0000000157
2024-12-06 15:07:35.9227~TRACE~Text changing from '' to 'End of Verse 1'~~RJStevensMusicPresentationCreator.SlideToAdd~0000000158
2024-12-06 15:07:35.9227~TRACE~Text changing from '' to 'End of Verse 2'~~RJStevensMusicPresentationCreator.SlideToAdd~0000000159
2024-12-06 15:07:35.9227~TRACE~Text changing from '' to 'End of Song'~~RJStevensMusicPresentationCreator.SlideToAdd~0000000160
2024-12-06 15:07:35.9227~TRACE~Text changing from '' to 'End of Verse 1'~~RJStevensMusicPresentationCreator.SlideToAdd~0000000161
2024-12-06 15:07:35.9227~TRACE~Text changing from '' to 'End of Verse 2'~~RJStevensMusicPresentationCreator.SlideToAdd~0000000162
2024-12-06 15:07:35.9227~TRACE~Text changing from '' to 'End of Song'~~RJStevensMusicPresentationCreator.SlideToAdd~0000000163
2024-12-06 15:07:35.9377~TRACE~Text changing from '' to 'End of Verse 1'~~RJStevensMusicPresentationCreator.SlideToAdd~0000000164
2024-12-06 15:07:35.9377~TRACE~Text changing from '' to 'End of Verse 2'~~RJStevensMusicPresentationCreator.SlideToAdd~0000000165
2024-12-06 15:07:35.9377~TRACE~Text changing from '' to 'End of Verse 3'~~RJStevensMusicPresentationCreator.SlideToAdd~0000000166
2024-12-06 15:07:35.9377~TRACE~Text changing from '' to 'End of Song'~~RJStevensMusicPresentationCreator.SlideToAdd~0000000167
2024-12-06 15:07:35.9377~TRACE~Text changing from '' to 'End of Verse 1'~~RJStevensMusicPresentationCreator.SlideToAdd~0000000168
2024-12-06 15:07:35.9377~TRACE~Text changing from '' to 'End of Verse 2'~~RJStevensMusicPresentationCreator.SlideToAdd~0000000169
2024-12-06 15:07:35.9377~TRACE~Text changing from '' to 'End of Song'~~RJStevensMusicPresentationCreator.SlideToAdd~0000000170
2024-12-06 15:07:35.9377~TRACE~Text changing from '' to 'End of Verse 1'~~RJStevensMusicPresentationCreator.SlideToAdd~0000000171
2024-12-06 15:07:35.9527~TRACE~Text changing from '' to 'End of Verse 2'~~RJStevensMusicPresentationCreator.SlideToAdd~0000000172
2024-12-06 15:07:35.9527~TRACE~Text changing from '' to 'End of Song'~~RJStevensMusicPresentationCreator.SlideToAdd~0000000173
2024-12-06 15:07:35.9527~TRACE~Text changing from '' to 'End of Verse 1'~~RJStevensMusicPresentationCreator.SlideToAdd~0000000174
2024-12-06 15:07:35.9527~TRACE~Text changing from '' to 'End of Verse 2'~~RJStevensMusicPresentationCreator.SlideToAdd~0000000175
2024-12-06 15:07:35.9527~TRACE~Text changing from '' to 'End of Verse 3'~~RJStevensMusicPresentationCreator.SlideToAdd~0000000176
2024-12-06 15:07:35.9707~TRACE~Text changing from '' to 'End of Song'~~RJStevensMusicPresentationCreator.SlideToAdd~0000000177
2024-12-06 15:07:35.9707~TRACE~Text changing from '' to 'End of Verse 1'~~RJStevensMusicPresentationCreator.SlideToAdd~0000000178
2024-12-06 15:07:35.9707~TRACE~Text changing from '' to 'End of Verse 2'~~RJStevensMusicPresentationCreator.SlideToAdd~0000000179
2024-12-06 15:07:35.9707~TRACE~Text changing from '' to 'End of Song'~~RJStevensMusicPresentationCreator.SlideToAdd~0000000180
2024-12-06 15:07:35.9707~TRACE~Text changing from '' to 'End of Verse 1'~~RJStevensMusicPresentationCreator.SlideToAdd~0000000181
2024-12-06 15:07:35.9847~TRACE~Text changing from '' to 'End of Verse 2'~~RJStevensMusicPresentationCreator.SlideToAdd~0000000182
2024-12-06 15:07:35.9847~TRACE~Text changing from '' to 'End of Song'~~RJStevensMusicPresentationCreator.SlideToAdd~0000000183
2024-12-06 15:07:35.9847~TRACE~Text changing from '' to 'End of Verse 1'~~RJStevensMusicPresentationCreator.SlideToAdd~0000000184
2024-12-06 15:07:35.9847~TRACE~Text changing from '' to 'End of Verse 2'~~RJStevensMusicPresentationCreator.SlideToAdd~0000000185
2024-12-06 15:07:35.9847~TRACE~Text changing from '' to 'End of Song'~~RJStevensMusicPresentationCreator.SlideToAdd~0000000186
2024-12-06 15:07:35.9847~TRACE~Text changing from '' to 'End of Verse 1'~~RJStevensMusicPresentationCreator.SlideToAdd~0000000187
2024-12-06 15:07:35.9847~TRACE~Text changing from '' to 'End of Verse 2'~~RJStevensMusicPresentationCreator.SlideToAdd~0000000188
2024-12-06 15:07:36.0007~TRACE~Text changing from '' to 'End of Verse 3'~~RJStevensMusicPresentationCreator.SlideToAdd~0000000189
2024-12-06 15:07:36.0007~TRACE~Text changing from '' to 'End of Song'~~RJStevensMusicPresentationCreator.SlideToAdd~0000000190
2024-12-06 15:07:36.0007~TRACE~Text changing from '' to 'End of Verse 1'~~RJStevensMusicPresentationCreator.SlideToAdd~0000000191
2024-12-06 15:07:36.0007~TRACE~Text changing from '' to 'End of Song'~~RJStevensMusicPresentationCreator.SlideToAdd~0000000192
2024-12-06 15:07:36.0007~TRACE~Text changing from '' to 'End of Verse 1'~~RJStevensMusicPresentationCreator.SlideToAdd~0000000193
2024-12-06 15:07:36.0007~TRACE~Text changing from '' to 'End of Verse 2'~~RJStevensMusicPresentationCreator.SlideToAdd~0000000194
2024-12-06 15:07:36.0007~TRACE~Text changing from '' to 'End of Song'~~RJStevensMusicPresentationCreator.SlideToAdd~0000000195
2024-12-06 15:07:36.0007~DEBUG~-- SetMessage(messageText = )~~RJStevensMusicPresentationCreator.frmSelector~0000000196
2024-12-06 15:07:36.0007~DEBUG~-- Enable(overrideCount = False, DisableCount = 1, NoEnable = False)~~RJStevensMusicPresentationCreator.frmSelector~0000000197
2024-12-06 15:07:42.6728~DEBUG~-- Disable(DisableCount = 0)~~RJStevensMusicPresentationCreator.frmSelector~0000000198
2024-12-06 15:07:42.8044~DEBUG~-- SetMessage(messageText = Preparing slides for the selected hymns...)~~RJStevensMusicPresentationCreator.frmSelector~0000000199
2024-12-06 15:07:42.8144~TRACE~Text changing from '' to 'End of Verse 1'~~RJStevensMusicPresentationCreator.SlideToAdd~0000000200
2024-12-06 15:07:42.8144~TRACE~Text changing from '' to 'End of Verse 2'~~RJStevensMusicPresentationCreator.SlideToAdd~0000000201
2024-12-06 15:07:42.8144~TRACE~Text changing from '' to 'End of Verse 3'~~RJStevensMusicPresentationCreator.SlideToAdd~0000000202
2024-12-06 15:07:42.8144~TRACE~Text changing from '' to 'End of Song'~~RJStevensMusicPresentationCreator.SlideToAdd~0000000203
2024-12-06 15:07:42.8144~TRACE~Text changing from '' to 'End of Verse 1'~~RJStevensMusicPresentationCreator.SlideToAdd~0000000204
2024-12-06 15:07:42.8144~TRACE~Text changing from '' to 'End of Verse 2'~~RJStevensMusicPresentationCreator.SlideToAdd~0000000205
2024-12-06 15:07:42.8304~TRACE~Text changing from '' to 'End of Song'~~RJStevensMusicPresentationCreator.SlideToAdd~0000000206
2024-12-06 15:07:42.8304~TRACE~Text changing from '' to 'End of Verse 1'~~RJStevensMusicPresentationCreator.SlideToAdd~0000000207
2024-12-06 15:07:42.8304~TRACE~Text changing from '' to 'End of Verse 2'~~RJStevensMusicPresentationCreator.SlideToAdd~0000000208
2024-12-06 15:07:42.8304~TRACE~Text changing from '' to 'End of Song'~~RJStevensMusicPresentationCreator.SlideToAdd~0000000209
2024-12-06 15:07:42.8304~TRACE~Text changing from '' to 'End of Verse 1'~~RJStevensMusicPresentationCreator.SlideToAdd~0000000210
2024-12-06 15:07:42.8304~TRACE~Text changing from '' to 'End of Verse 2'~~RJStevensMusicPresentationCreator.SlideToAdd~0000000211
2024-12-06 15:07:42.8464~TRACE~Text changing from '' to 'End of Song'~~RJStevensMusicPresentationCreator.SlideToAdd~0000000212
2024-12-06 15:07:42.8464~TRACE~Text changing from '' to 'End of Verse 1'~~RJStevensMusicPresentationCreator.SlideToAdd~0000000213
2024-12-06 15:07:42.8464~TRACE~Text changing from '' to 'End of Verse 2'~~RJStevensMusicPresentationCreator.SlideToAdd~0000000214
2024-12-06 15:07:42.8464~TRACE~Text changing from '' to 'End of Verse 3'~~RJStevensMusicPresentationCreator.SlideToAdd~0000000215
2024-12-06 15:07:42.8464~TRACE~Text changing from '' to 'End of Song'~~RJStevensMusicPresentationCreator.SlideToAdd~0000000216
2024-12-06 15:07:42.8594~TRACE~Text changing from '' to 'End of Verse 1'~~RJStevensMusicPresentationCreator.SlideToAdd~0000000217
2024-12-06 15:07:42.8594~TRACE~Text changing from '' to 'End of Verse 2'~~RJStevensMusicPresentationCreator.SlideToAdd~0000000218
2024-12-06 15:07:42.8594~TRACE~Text changing from '' to 'End of Song'~~RJStevensMusicPresentationCreator.SlideToAdd~0000000219
2024-12-06 15:07:42.8594~TRACE~Text changing from '' to 'End of Verse 1'~~RJStevensMusicPresentationCreator.SlideToAdd~0000000220
2024-12-06 15:07:42.8594~TRACE~Text changing from '' to 'End of Verse 2'~~RJStevensMusicPresentationCreator.SlideToAdd~0000000221
2024-12-06 15:07:42.8594~TRACE~Text changing from '' to 'End of Song'~~RJStevensMusicPresentationCreator.SlideToAdd~0000000222
2024-12-06 15:07:42.8594~TRACE~Text changing from '' to 'End of Verse 1'~~RJStevensMusicPresentationCreator.SlideToAdd~0000000223
2024-12-06 15:07:42.8594~TRACE~Text changing from '' to 'End of Verse 2'~~RJStevensMusicPresentationCreator.SlideToAdd~0000000224
2024-12-06 15:07:42.8774~TRACE~Text changing from '' to 'End of Verse 3'~~RJStevensMusicPresentationCreator.SlideToAdd~0000000225
2024-12-06 15:07:42.8774~TRACE~Text changing from '' to 'End of Song'~~RJStevensMusicPresentationCreator.SlideToAdd~0000000226
2024-12-06 15:07:42.8774~TRACE~Text changing from '' to 'End of Verse 1'~~RJStevensMusicPresentationCreator.SlideToAdd~0000000227
2024-12-06 15:07:42.8774~TRACE~Text changing from '' to 'End of Verse 2'~~RJStevensMusicPresentationCreator.SlideToAdd~0000000228
2024-12-06 15:07:42.8934~TRACE~Text changing from '' to 'End of Song'~~RJStevensMusicPresentationCreator.SlideToAdd~0000000229
2024-12-06 15:07:42.8934~TRACE~Text changing from '' to 'End of Verse 1'~~RJStevensMusicPresentationCreator.SlideToAdd~0000000230
2024-12-06 15:07:42.8934~TRACE~Text changing from '' to 'End of Verse 2'~~RJStevensMusicPresentationCreator.SlideToAdd~0000000231
2024-12-06 15:07:42.8934~TRACE~Text changing from '' to 'End of Song'~~RJStevensMusicPresentationCreator.SlideToAdd~0000000232
2024-12-06 15:07:42.8934~TRACE~Text changing from '' to 'End of Verse 1'~~RJStevensMusicPresentationCreator.SlideToAdd~0000000233
2024-12-06 15:07:42.8934~TRACE~Text changing from '' to 'End of Verse 2'~~RJStevensMusicPresentationCreator.SlideToAdd~0000000234
2024-12-06 15:07:42.9064~TRACE~Text changing from '' to 'End of Song'~~RJStevensMusicPresentationCreator.SlideToAdd~0000000235
2024-12-06 15:07:42.9064~TRACE~Text changing from '' to 'End of Verse 1'~~RJStevensMusicPresentationCreator.SlideToAdd~0000000236
2024-12-06 15:07:42.9064~TRACE~Text changing from '' to 'End of Verse 2'~~RJStevensMusicPresentationCreator.SlideToAdd~0000000237
2024-12-06 15:07:42.9064~TRACE~Text changing from '' to 'End of Verse 3'~~RJStevensMusicPresentationCreator.SlideToAdd~0000000238
2024-12-06 15:07:42.9064~TRACE~Text changing from '' to 'End of Song'~~RJStevensMusicPresentationCreator.SlideToAdd~0000000239
2024-12-06 15:07:42.9064~TRACE~Text changing from '' to 'End of Verse 1'~~RJStevensMusicPresentationCreator.SlideToAdd~0000000240
2024-12-06 15:07:42.9064~TRACE~Text changing from '' to 'End of Song'~~RJStevensMusicPresentationCreator.SlideToAdd~0000000241
2024-12-06 15:07:42.9064~TRACE~Text changing from '' to 'End of Verse 1'~~RJStevensMusicPresentationCreator.SlideToAdd~0000000242
2024-12-06 15:07:42.9214~TRACE~Text changing from '' to 'End of Verse 2'~~RJStevensMusicPresentationCreator.SlideToAdd~0000000243
2024-12-06 15:07:42.9214~TRACE~Text changing from '' to 'End of Song'~~RJStevensMusicPresentationCreator.SlideToAdd~0000000244
2024-12-06 15:07:42.9214~DEBUG~-- SetMessage(messageText = )~~RJStevensMusicPresentationCreator.frmSelector~0000000245
2024-12-06 15:07:42.9214~DEBUG~-- Enable(overrideCount = False, DisableCount = 1, NoEnable = False)~~RJStevensMusicPresentationCreator.frmSelector~0000000246
2024-12-06 15:07:59.1284~DEBUG~-- Disable(DisableCount = 0)~~RJStevensMusicPresentationCreator.frmSelector~0000000247
2024-12-06 15:08:03.9035~DEBUG~-- SetMessage(messageText = Saving PowerPoint Presentation file...)~~RJStevensMusicPresentationCreator.frmSelector~0000000248
2024-12-06 15:08:11.6948~DEBUG~-- SetMessage(messageText = )~~RJStevensMusicPresentationCreator.frmSelector~0000000249
2024-12-06 15:08:11.6948~DEBUG~-- Enable(overrideCount = False, DisableCount = 1, NoEnable = False)~~RJStevensMusicPresentationCreator.frmSelector~0000000250
2024-12-06 15:09:53.7746~TRACE~<- Main()~~RJStevensMusicPresentationCreator.Program~0000000251
