EventDateTime~EventLevel~EventMsg~EventException~EventLogger~EventID
2024-05-05 08:19:02.6361~TRACE~-> Main()~~RJStevensMusicPresentationCreator.Program~0000000001
2024-05-05 08:19:02.6672~TRACE~   .Net Framework Version: 4.8~~RJStevensMusicPresentationCreator.Program~0000000002
2024-05-05 08:19:02.6672~TRACE~   OS Version: Windows 10 Enterprise Release 2009 (Build 19045.4291)  64-bit~~RJStevensMusicPresentationCreator.Program~0000000003
2024-05-05 08:19:02.6672~TRACE~   Total RAM Memory: 8.00 GB physical RAM memory~~RJStevensMusicPresentationCreator.Program~0000000004
2024-05-05 08:19:02.6832~ WARN~System.UnauthorizedAccessException: Access to the registry key 'HKEY_LOCAL_MACHINE\Software\R.J. Stevens Music\Hymns for Worship Electronic Edition\2.3.8843.25471' is denied.%CRLF%   at Microsoft.Win32.RegistryKey.Win32Error(Int32 errorCode, String str)%CRLF%   at Microsoft.Win32.RegistryKey.CreateSubKeyInternal(String subkey, RegistryKeyPermissionCheck permissionCheck, Object registrySecurityObj, RegistryOptions registryOptions)%CRLF%   at Microsoft.Win32.RegistryKey.CreateSubKey(String subkey)%CRLF%   at RJStevensMusicPresentationCreator.Program.Main() in D:\Repos\RJSM\Presentation Creator Application\Applications\PresentationCreator15\Program.cs:line 151~System.UnauthorizedAccessException: Access to the registry key 'HKEY_LOCAL_MACHINE\Software\R.J. Stevens Music\Hymns for Worship Electronic Edition\2.3.8843.25471' is denied.%CRLF%   at Microsoft.Win32.RegistryKey.Win32Error(Int32 errorCode, String str)%CRLF%   at Microsoft.Win32.RegistryKey.CreateSubKeyInternal(String subkey, RegistryKeyPermissionCheck permissionCheck, Object registrySecurityObj, RegistryOptions registryOptions)%CRLF%   at Microsoft.Win32.RegistryKey.CreateSubKey(String subkey)%CRLF%   at RJStevensMusicPresentationCreator.Program.Main() in D:\Repos\RJSM\Presentation Creator Application\Applications\PresentationCreator15\Program.cs:line 151~RJStevensMusicPresentationCreator.Program~0000000005
2024-05-05 08:19:02.7062~ INFO~UserRegKey: HKEY_CURRENT_USER\Software\R.J. Stevens Music\Hymns for Worship Electronic Edition~~RJStevensMusicPresentationCreator.Program~0000000006
2024-05-05 08:19:02.7122~ INFO~HymnalInformationFile: C:\ProgramData\Application Data\R.J. Stevens Music\Hymns for Worship Electronic Edition\Information.hixml~~RJStevensMusicPresentationCreator.Program~0000000007
2024-05-05 08:19:02.7122~ INFO~RegKey: HKEY_CURRENT_USER\Software\R.J. Stevens Music\Hymns for Worship Electronic Edition~~RJStevensMusicPresentationCreator.RJSMRegistry~0000000008
2024-05-05 08:19:02.7122~ INFO~ProductApplicationDataFolder: C:\ProgramData\Application Data\R.J. Stevens Music\Hymns for Worship Electronic Edition~~RJStevensMusicPresentationCreator.RJSMRegistry~0000000009
2024-05-05 08:19:02.7122~ INFO~HymnalInformationFolder: C:\ProgramData\Application Data\R.J. Stevens Music\Hymns for Worship Electronic Edition~~RJStevensMusicPresentationCreator.RJSMRegistry~0000000010
2024-05-05 08:19:02.7122~ INFO~SlideTemplateFolder: C:\ProgramData\Application Data\R.J. Stevens Music\Hymns for Worship Electronic Edition\Templates~~RJStevensMusicPresentationCreator.RJSMRegistry~0000000011
2024-05-05 08:19:02.7122~ INFO~LastExecutedDeploymentVersion: 0.0.0.0~~RJStevensMusicPresentationCreator.RJSMRegistry~0000000012
2024-05-05 08:19:02.7122~ INFO~SelectedHymnal: <All>~~RJStevensMusicPresentationCreator.RJSMRegistry~0000000013
2024-05-05 08:19:02.7122~ INFO~SelectedTemplate: Single Slide Template (Fast Transition)~~RJStevensMusicPresentationCreator.RJSMRegistry~0000000014
2024-05-05 08:19:02.7262~ INFO~LastImportFolder: C:\Users\cofc_\Downloads~~RJStevensMusicPresentationCreator.RJSMRegistry~0000000015
2024-05-05 08:19:02.7262~ INFO~DisplayTools: True~~RJStevensMusicPresentationCreator.RJSMRegistry~0000000016
2024-05-05 08:19:02.7262~ INFO~HymnList: True~~RJStevensMusicPresentationCreator.RJSMRegistry~0000000017
2024-05-05 08:19:02.7262~ INFO~HymnText: True~~RJStevensMusicPresentationCreator.RJSMRegistry~0000000018
2024-05-05 08:19:02.7262~ INFO~HymnalSelection: True~~RJStevensMusicPresentationCreator.RJSMRegistry~0000000019
2024-05-05 08:19:02.7262~ INFO~TemplateSelection: True~~RJStevensMusicPresentationCreator.RJSMRegistry~0000000020
2024-05-05 08:19:02.7262~ INFO~FillWindow: False~~RJStevensMusicPresentationCreator.RJSMRegistry~0000000021
2024-05-05 08:19:02.7262~ INFO~PresenterImage: True~~RJStevensMusicPresentationCreator.RJSMRegistry~0000000022
2024-05-05 08:19:02.7262~ INFO~SelectorWindowPosition: Normal,335,75,1249,890~~RJStevensMusicPresentationCreator.RJSMRegistry~0000000023
2024-05-05 08:19:02.7262~ INFO~SlideWindowPosition: Normal,0,0,0,0~~RJStevensMusicPresentationCreator.RJSMRegistry~0000000024
2024-05-05 08:19:02.7262~ INFO~ViewSplitPosition: 0.0202757502027575020275750203~~RJStevensMusicPresentationCreator.RJSMRegistry~0000000025
2024-05-05 08:19:02.7262~ INFO~HymnsSplitPosition: 0.6837837837837837837837837838~~RJStevensMusicPresentationCreator.RJSMRegistry~0000000026
2024-05-05 08:19:02.7262~ INFO~HymnsListSplitPosition: 0.8537549407114624505928853755~~RJStevensMusicPresentationCreator.RJSMRegistry~0000000027
2024-05-05 08:19:02.7262~ INFO~InternalViewerSplitPosition: 0.22~~RJStevensMusicPresentationCreator.RJSMRegistry~0000000028
2024-05-05 08:19:02.7262~ INFO~DateOfFirstLicenseCheck: 3/15/2020 12:00:00 AM~~RJStevensMusicPresentationCreator.RJSMRegistry~0000000029
2024-05-05 08:19:02.7262~ INFO~ProductImprovementConsent: False~~RJStevensMusicPresentationCreator.RJSMRegistry~0000000030
2024-05-05 08:19:02.7262~ INFO~RevisedPrinting: 15~~RJStevensMusicPresentationCreator.RJSMRegistry~0000000031
2024-05-05 08:19:02.7262~TRACE~   Is fast disk? True~~RJStevensMusicPresentationCreator.Program~0000000032
2024-05-05 08:19:04.8442~ INFO~AllHymnals Length: 3~~RJStevensMusicPresentationCreator.Program~0000000033
2024-05-05 08:19:04.8562~TRACE~-> AddTemplates()~~RJStevensMusicPresentationCreator.frmSelector~0000000034
2024-05-05 08:19:04.8562~TRACE~<- AddTemplates()~~RJStevensMusicPresentationCreator.frmSelector~0000000035
2024-05-05 08:19:04.8562~FATAL~License Mode: Licensed~~RJStevensMusicPresentationCreator.Program~0000000036
2024-05-05 08:19:04.8562~FATAL~Override to License Mode: Licensed~~RJStevensMusicPresentationCreator.Program~0000000037
2024-05-05 08:19:05.1504~TRACE~-> RunOneTimeUpdates()~~RJStevensMusicPresentationCreator.Program~0000000038
2024-05-05 08:19:05.1504~ INFO~Product Version: 2.3.8843.25471~~RJStevensMusicPresentationCreator.Program~0000000039
2024-05-05 08:19:05.1504~ INFO~Deployment Version: 2.2.0.7~~RJStevensMusicPresentationCreator.Program~0000000040
2024-05-05 08:19:05.1504~TRACE~LastExecutedDeploymentVersion: 0.0.0.0~~RJStevensMusicPresentationCreator.Program~0000000041
2024-05-05 08:19:05.1504~TRACE~<- RunOneTimeUpdates()~~RJStevensMusicPresentationCreator.Program~0000000042
2024-05-05 08:29:01.9733~DEBUG~-- Disable(DisableCount = 0)~~RJStevensMusicPresentationCreator.frmSelector~0000000043
2024-05-05 08:29:02.2043~DEBUG~-- SetMessage(messageText = )~~RJStevensMusicPresentationCreator.frmSelector~0000000044
2024-05-05 08:29:17.9073~ERROR~-- SetErrorMessage(messageText = Operation cancelled.  No hymnal information file selected.)~~RJStevensMusicPresentationCreator.frmSelector~0000000045
2024-05-05 08:29:17.9163~DEBUG~-- Enable(overrideCount = False, DisableCount = 1, NoEnable = False)~~RJStevensMusicPresentationCreator.frmSelector~0000000046
2024-05-05 08:29:20.2843~DEBUG~-- Enable(overrideCount = False, DisableCount = 0, NoEnable = False)~~RJStevensMusicPresentationCreator.frmSelector~0000000047
2024-05-05 08:29:20.2843~DEBUG~_disableCount = 0~~RJStevensMusicPresentationCreator.frmSelector~0000000048
2024-05-05 08:33:32.7037~DEBUG~-- Disable(DisableCount = 0)~~RJStevensMusicPresentationCreator.frmSelector~0000000049
2024-05-05 08:33:32.9303~DEBUG~-- SetMessage(messageText = Preparing slides for the selected hymns...)~~RJStevensMusicPresentationCreator.frmSelector~0000000050
2024-05-05 08:33:32.9303~TRACE~Text changing from '' to 'End of Verse 1'~~RJStevensMusicPresentationCreator.SlideToAdd~0000000051
2024-05-05 08:33:32.9303~TRACE~Text changing from '' to 'End of Verse 2'~~RJStevensMusicPresentationCreator.SlideToAdd~0000000052
2024-05-05 08:33:32.9493~TRACE~Text changing from '' to 'End of Song'~~RJStevensMusicPresentationCreator.SlideToAdd~0000000053
2024-05-05 08:33:32.9493~TRACE~Text changing from '' to 'End of Verse 1'~~RJStevensMusicPresentationCreator.SlideToAdd~0000000054
2024-05-05 08:33:32.9493~TRACE~Text changing from '' to 'End of Verse 2'~~RJStevensMusicPresentationCreator.SlideToAdd~0000000055
2024-05-05 08:33:32.9493~TRACE~Text changing from '' to 'End of Verse 3'~~RJStevensMusicPresentationCreator.SlideToAdd~0000000056
2024-05-05 08:33:32.9633~TRACE~Text changing from '' to 'End of Song'~~RJStevensMusicPresentationCreator.SlideToAdd~0000000057
2024-05-05 08:33:32.9633~TRACE~Text changing from '' to 'End of Verse 1'~~RJStevensMusicPresentationCreator.SlideToAdd~0000000058
2024-05-05 08:33:32.9633~TRACE~Text changing from '' to 'End of Verse 2'~~RJStevensMusicPresentationCreator.SlideToAdd~0000000059
2024-05-05 08:33:32.9633~TRACE~Text changing from '' to 'End of Song'~~RJStevensMusicPresentationCreator.SlideToAdd~0000000060
2024-05-05 08:33:32.9633~DEBUG~-- SetMessage(messageText = )~~RJStevensMusicPresentationCreator.frmSelector~0000000061
2024-05-05 08:33:32.9633~DEBUG~-- Enable(overrideCount = False, DisableCount = 1, NoEnable = False)~~RJStevensMusicPresentationCreator.frmSelector~0000000062
2024-05-05 08:33:57.6418~DEBUG~-- Disable(DisableCount = 0)~~RJStevensMusicPresentationCreator.frmSelector~0000000063
2024-05-05 08:33:58.5160~DEBUG~-- SetMessage(messageText = Saving PowerPoint Presentation file...)~~RJStevensMusicPresentationCreator.frmSelector~0000000064
2024-05-05 08:34:00.6029~DEBUG~-- SetMessage(messageText = )~~RJStevensMusicPresentationCreator.frmSelector~0000000065
2024-05-05 08:34:00.6029~DEBUG~-- Enable(overrideCount = False, DisableCount = 1, NoEnable = False)~~RJStevensMusicPresentationCreator.frmSelector~0000000066
2024-05-05 08:42:27.2499~DEBUG~-- Disable(DisableCount = 0)~~RJStevensMusicPresentationCreator.frmSelector~0000000067
2024-05-05 08:42:27.4819~DEBUG~-- SetMessage(messageText = Preparing slides for the selected hymns...)~~RJStevensMusicPresentationCreator.frmSelector~0000000068
2024-05-05 08:42:27.4819~TRACE~Text changing from '' to 'End of Verse 1'~~RJStevensMusicPresentationCreator.SlideToAdd~0000000069
2024-05-05 08:42:27.4819~TRACE~Text changing from '' to 'End of Verse 2'~~RJStevensMusicPresentationCreator.SlideToAdd~0000000070
2024-05-05 08:42:27.4819~TRACE~Text changing from '' to 'End of Song'~~RJStevensMusicPresentationCreator.SlideToAdd~0000000071
2024-05-05 08:42:27.4819~TRACE~Text changing from '' to 'End of Verse 1'~~RJStevensMusicPresentationCreator.SlideToAdd~0000000072
2024-05-05 08:42:27.4919~TRACE~Text changing from '' to 'End of Verse 2'~~RJStevensMusicPresentationCreator.SlideToAdd~0000000073
2024-05-05 08:42:27.4919~TRACE~Text changing from '' to 'End of Verse 3'~~RJStevensMusicPresentationCreator.SlideToAdd~0000000074
2024-05-05 08:42:27.4919~TRACE~Text changing from '' to 'End of Song'~~RJStevensMusicPresentationCreator.SlideToAdd~0000000075
2024-05-05 08:42:27.4919~TRACE~Text changing from '' to 'End of Verse 1'~~RJStevensMusicPresentationCreator.SlideToAdd~0000000076
2024-05-05 08:42:27.4919~TRACE~Text changing from '' to 'End of Verse 2'~~RJStevensMusicPresentationCreator.SlideToAdd~0000000077
2024-05-05 08:42:27.4919~TRACE~Text changing from '' to 'End of Song'~~RJStevensMusicPresentationCreator.SlideToAdd~0000000078
2024-05-05 08:42:27.4919~DEBUG~-- SetMessage(messageText = )~~RJStevensMusicPresentationCreator.frmSelector~0000000079
2024-05-05 08:42:27.5089~DEBUG~-- Enable(overrideCount = False, DisableCount = 1, NoEnable = False)~~RJStevensMusicPresentationCreator.frmSelector~0000000080
2024-05-05 08:42:36.4469~DEBUG~-- Disable(DisableCount = 0)~~RJStevensMusicPresentationCreator.frmSelector~0000000081
2024-05-05 08:42:37.1851~DEBUG~-- SetMessage(messageText = Saving PowerPoint Presentation file...)~~RJStevensMusicPresentationCreator.frmSelector~0000000082
2024-05-05 08:42:39.6754~DEBUG~-- SetMessage(messageText = )~~RJStevensMusicPresentationCreator.frmSelector~0000000083
2024-05-05 08:42:39.6794~DEBUG~-- Enable(overrideCount = False, DisableCount = 1, NoEnable = False)~~RJStevensMusicPresentationCreator.frmSelector~0000000084
2024-05-05 08:48:30.8157~DEBUG~-- Disable(DisableCount = 0)~~RJStevensMusicPresentationCreator.frmSelector~0000000085
2024-05-05 08:48:31.1147~DEBUG~-- SetMessage(messageText = Preparing slides for the selected hymns...)~~RJStevensMusicPresentationCreator.frmSelector~0000000086
2024-05-05 08:48:31.1207~TRACE~Text changing from '' to 'End of Verse 1'~~RJStevensMusicPresentationCreator.SlideToAdd~0000000087
2024-05-05 08:48:31.1207~TRACE~Text changing from '' to 'End of Verse 2'~~RJStevensMusicPresentationCreator.SlideToAdd~0000000088
2024-05-05 08:48:31.1207~TRACE~Text changing from '' to 'End of Song'~~RJStevensMusicPresentationCreator.SlideToAdd~0000000089
2024-05-05 08:48:31.1207~TRACE~Text changing from '' to 'End of Verse 1'~~RJStevensMusicPresentationCreator.SlideToAdd~0000000090
2024-05-05 08:48:31.1207~TRACE~Text changing from '' to 'End of Verse 2'~~RJStevensMusicPresentationCreator.SlideToAdd~0000000091
2024-05-05 08:48:31.1327~TRACE~Text changing from '' to 'End of Song'~~RJStevensMusicPresentationCreator.SlideToAdd~0000000092
2024-05-05 08:48:31.1327~TRACE~Text changing from '' to 'End of Verse 1'~~RJStevensMusicPresentationCreator.SlideToAdd~0000000093
2024-05-05 08:48:31.1327~TRACE~Text changing from '' to 'End of Song'~~RJStevensMusicPresentationCreator.SlideToAdd~0000000094
2024-05-05 08:48:31.1327~TRACE~Text changing from '' to 'End of Verse 1'~~RJStevensMusicPresentationCreator.SlideToAdd~0000000095
2024-05-05 08:48:31.1327~TRACE~Text changing from '' to 'End of Verse 2'~~RJStevensMusicPresentationCreator.SlideToAdd~0000000096
2024-05-05 08:48:31.1327~TRACE~Text changing from '' to 'End of Song'~~RJStevensMusicPresentationCreator.SlideToAdd~0000000097
2024-05-05 08:48:31.1327~TRACE~Text changing from '' to 'End of Verse 1'~~RJStevensMusicPresentationCreator.SlideToAdd~0000000098
2024-05-05 08:48:31.1497~TRACE~Text changing from '' to 'End of Verse 2'~~RJStevensMusicPresentationCreator.SlideToAdd~0000000099
2024-05-05 08:48:31.1497~TRACE~Text changing from '' to 'End of Song'~~RJStevensMusicPresentationCreator.SlideToAdd~0000000100
2024-05-05 08:48:31.1497~TRACE~Text changing from '' to 'End of Verse 1'~~RJStevensMusicPresentationCreator.SlideToAdd~0000000101
2024-05-05 08:48:31.1497~TRACE~Text changing from '' to 'End of Song'~~RJStevensMusicPresentationCreator.SlideToAdd~0000000102
2024-05-05 08:48:31.1497~DEBUG~-- SetMessage(messageText = )~~RJStevensMusicPresentationCreator.frmSelector~0000000103
2024-05-05 08:48:31.1497~DEBUG~-- Enable(overrideCount = False, DisableCount = 1, NoEnable = False)~~RJStevensMusicPresentationCreator.frmSelector~0000000104
2024-05-05 08:48:42.9853~DEBUG~-- Disable(DisableCount = 0)~~RJStevensMusicPresentationCreator.frmSelector~0000000105
2024-05-05 08:48:44.2879~DEBUG~-- SetMessage(messageText = Saving PowerPoint Presentation file...)~~RJStevensMusicPresentationCreator.frmSelector~0000000106
2024-05-05 08:48:48.0901~DEBUG~-- SetMessage(messageText = )~~RJStevensMusicPresentationCreator.frmSelector~0000000107
2024-05-05 08:48:48.0901~DEBUG~-- Enable(overrideCount = False, DisableCount = 1, NoEnable = False)~~RJStevensMusicPresentationCreator.frmSelector~0000000108
2024-05-05 08:56:59.0149~TRACE~<- Main()~~RJStevensMusicPresentationCreator.Program~0000000109
