EventDateTime~EventLevel~EventMsg~EventException~EventLogger~EventID
2024-11-30 09:00:23.1679~TRACE~-> Main()~~RJStevensMusicPresentationCreator.Program~0000000001
2024-11-30 09:00:23.1999~TRACE~   .Net Framework Version: 4.8~~RJStevensMusicPresentationCreator.Program~0000000002
2024-11-30 09:00:23.1999~TRACE~   OS Version: Windows 10 Enterprise Release 2009 (Build 19045.5131)  64-bit~~RJStevensMusicPresentationCreator.Program~0000000003
2024-11-30 09:00:23.1999~TRACE~   Total RAM Memory: 8.00 GB physical RAM memory~~RJStevensMusicPresentationCreator.Program~0000000004
2024-11-30 09:00:23.2159~ WARN~System.UnauthorizedAccessException: Access to the registry key 'HKEY_LOCAL_MACHINE\Software\R.J. Stevens Music\Hymns for Worship Electronic Edition\2.3.8843.25471' is denied.%CRLF%   at Microsoft.Win32.RegistryKey.Win32Error(Int32 errorCode, String str)%CRLF%   at Microsoft.Win32.RegistryKey.CreateSubKeyInternal(String subkey, RegistryKeyPermissionCheck permissionCheck, Object registrySecurityObj, RegistryOptions registryOptions)%CRLF%   at Microsoft.Win32.RegistryKey.CreateSubKey(String subkey)%CRLF%   at RJStevensMusicPresentationCreator.Program.Main() in D:\Repos\RJSM\Presentation Creator Application\Applications\PresentationCreator15\Program.cs:line 151~System.UnauthorizedAccessException: Access to the registry key 'HKEY_LOCAL_MACHINE\Software\R.J. Stevens Music\Hymns for Worship Electronic Edition\2.3.8843.25471' is denied.%CRLF%   at Microsoft.Win32.RegistryKey.Win32Error(Int32 errorCode, String str)%CRLF%   at Microsoft.Win32.RegistryKey.CreateSubKeyInternal(String subkey, RegistryKeyPermissionCheck permissionCheck, Object registrySecurityObj, RegistryOptions registryOptions)%CRLF%   at Microsoft.Win32.RegistryKey.CreateSubKey(String subkey)%CRLF%   at RJStevensMusicPresentationCreator.Program.Main() in D:\Repos\RJSM\Presentation Creator Application\Applications\PresentationCreator15\Program.cs:line 151~RJStevensMusicPresentationCreator.Program~0000000005
2024-11-30 09:00:23.2459~ INFO~UserRegKey: HKEY_CURRENT_USER\Software\R.J. Stevens Music\Hymns for Worship Electronic Edition~~RJStevensMusicPresentationCreator.Program~0000000006
2024-11-30 09:00:23.2459~ INFO~HymnalInformationFile: C:\ProgramData\Application Data\R.J. Stevens Music\Hymns for Worship Electronic Edition\Information.hixml~~RJStevensMusicPresentationCreator.Program~0000000007
2024-11-30 09:00:23.2459~ INFO~RegKey: HKEY_CURRENT_USER\Software\R.J. Stevens Music\Hymns for Worship Electronic Edition~~RJStevensMusicPresentationCreator.RJSMRegistry~0000000008
2024-11-30 09:00:23.2459~ INFO~ProductApplicationDataFolder: C:\ProgramData\Application Data\R.J. Stevens Music\Hymns for Worship Electronic Edition~~RJStevensMusicPresentationCreator.RJSMRegistry~0000000009
2024-11-30 09:00:23.2459~ INFO~HymnalInformationFolder: C:\ProgramData\Application Data\R.J. Stevens Music\Hymns for Worship Electronic Edition~~RJStevensMusicPresentationCreator.RJSMRegistry~0000000010
2024-11-30 09:00:23.2459~ INFO~SlideTemplateFolder: C:\ProgramData\Application Data\R.J. Stevens Music\Hymns for Worship Electronic Edition\Templates~~RJStevensMusicPresentationCreator.RJSMRegistry~0000000011
2024-11-30 09:00:23.2459~ INFO~LastExecutedDeploymentVersion: 0.0.0.0~~RJStevensMusicPresentationCreator.RJSMRegistry~0000000012
2024-11-30 09:00:23.2459~ INFO~SelectedHymnal: <All>~~RJStevensMusicPresentationCreator.RJSMRegistry~0000000013
2024-11-30 09:00:23.2459~ INFO~SelectedTemplate: Single Slide Template (Fast Transition)~~RJStevensMusicPresentationCreator.RJSMRegistry~0000000014
2024-11-30 09:00:23.2679~ INFO~LastImportFolder: C:\Users\cofc_\OneDrive\Desktop~~RJStevensMusicPresentationCreator.RJSMRegistry~0000000015
2024-11-30 09:00:23.2679~ INFO~DisplayTools: True~~RJStevensMusicPresentationCreator.RJSMRegistry~0000000016
2024-11-30 09:00:23.2679~ INFO~HymnList: True~~RJStevensMusicPresentationCreator.RJSMRegistry~0000000017
2024-11-30 09:00:23.2679~ INFO~HymnText: True~~RJStevensMusicPresentationCreator.RJSMRegistry~0000000018
2024-11-30 09:00:23.2679~ INFO~HymnalSelection: True~~RJStevensMusicPresentationCreator.RJSMRegistry~0000000019
2024-11-30 09:00:23.2679~ INFO~TemplateSelection: True~~RJStevensMusicPresentationCreator.RJSMRegistry~0000000020
2024-11-30 09:00:23.2679~ INFO~FillWindow: True~~RJStevensMusicPresentationCreator.RJSMRegistry~0000000021
2024-11-30 09:00:23.2679~ INFO~PresenterImage: True~~RJStevensMusicPresentationCreator.RJSMRegistry~0000000022
2024-11-30 09:00:23.2679~ INFO~SelectorWindowPosition: Maximized,781,110,974,1047~~RJStevensMusicPresentationCreator.RJSMRegistry~0000000023
2024-11-30 09:00:23.2679~ INFO~SlideWindowPosition: Normal,0,0,0,0~~RJStevensMusicPresentationCreator.RJSMRegistry~0000000024
2024-11-30 09:00:23.2679~ INFO~ViewSplitPosition: 0.0130208333333333333333333333~~RJStevensMusicPresentationCreator.RJSMRegistry~0000000025
2024-11-30 09:00:23.2679~ INFO~HymnsSplitPosition: 0.6942604856512141280353200883~~RJStevensMusicPresentationCreator.RJSMRegistry~0000000026
2024-11-30 09:00:23.2679~ INFO~HymnsListSplitPosition: 0.7265500794912559618441971383~~RJStevensMusicPresentationCreator.RJSMRegistry~0000000027
2024-11-30 09:00:23.2769~ INFO~InternalViewerSplitPosition: 0.15~~RJStevensMusicPresentationCreator.RJSMRegistry~0000000028
2024-11-30 09:00:23.2769~ INFO~DateOfFirstLicenseCheck: 3/15/2020 12:00:00 AM~~RJStevensMusicPresentationCreator.RJSMRegistry~0000000029
2024-11-30 09:00:23.2769~ INFO~ProductImprovementConsent: False~~RJStevensMusicPresentationCreator.RJSMRegistry~0000000030
2024-11-30 09:00:23.2769~ INFO~RevisedPrinting: 15~~RJStevensMusicPresentationCreator.RJSMRegistry~0000000031
2024-11-30 09:00:23.2769~TRACE~   Is fast disk? True~~RJStevensMusicPresentationCreator.Program~0000000032
2024-11-30 09:00:25.1787~ INFO~AllHymnals Length: 4~~RJStevensMusicPresentationCreator.Program~0000000033
2024-11-30 09:00:25.1886~TRACE~-> AddTemplates()~~RJStevensMusicPresentationCreator.frmSelector~0000000034
2024-11-30 09:00:25.1886~TRACE~<- AddTemplates()~~RJStevensMusicPresentationCreator.frmSelector~0000000035
2024-11-30 09:00:25.1886~FATAL~License Mode: Licensed~~RJStevensMusicPresentationCreator.Program~0000000036
2024-11-30 09:00:25.1886~FATAL~Override to License Mode: Licensed~~RJStevensMusicPresentationCreator.Program~0000000037
2024-11-30 09:00:25.7001~TRACE~-> RunOneTimeUpdates()~~RJStevensMusicPresentationCreator.Program~0000000038
2024-11-30 09:00:25.7001~ INFO~Product Version: 2.3.8843.25471~~RJStevensMusicPresentationCreator.Program~0000000039
2024-11-30 09:00:25.7001~ INFO~Deployment Version: 2.2.0.7~~RJStevensMusicPresentationCreator.Program~0000000040
2024-11-30 09:00:25.7001~TRACE~LastExecutedDeploymentVersion: 0.0.0.0~~RJStevensMusicPresentationCreator.Program~0000000041
2024-11-30 09:00:25.7001~TRACE~<- RunOneTimeUpdates()~~RJStevensMusicPresentationCreator.Program~0000000042
2024-11-30 09:00:42.1900~DEBUG~-- Disable(DisableCount = 0)~~RJStevensMusicPresentationCreator.frmSelector~0000000043
2024-11-30 09:00:42.3953~DEBUG~-- SetMessage(messageText = )~~RJStevensMusicPresentationCreator.frmSelector~0000000044
2024-11-30 09:00:58.2492~DEBUG~-> ExtractAllFromFile(zipFileName = "C:\Users\cofc_\OneDrive\Desktop\000000000001286.zip", decompressedFolder = "C:\Users\cofc_\AppData\Local\Temp\tmp4EED.tmp", message = "000000000001286")~~RJStevensMusicPresentationCreator.Program~0000000045
2024-11-30 09:00:58.2492~DEBUG~-- SetMessage(messageText = Extracting 000000000001286...)~~RJStevensMusicPresentationCreator.frmSelector~0000000046
2024-11-30 09:00:58.5152~DEBUG~-- SetMessage(messageText = Download complete for 000000000001286.)~~RJStevensMusicPresentationCreator.frmSelector~0000000047
2024-11-30 09:00:58.5152~DEBUG~extract completed~~RJStevensMusicPresentationCreator.Program~0000000048
2024-11-30 09:00:58.5152~DEBUG~<- ExtractAllFromFile(zipFileName = "C:\Users\cofc_\OneDrive\Desktop\000000000001286.zip", decompressedFolder = "C:\Users\cofc_\AppData\Local\Temp\tmp4EED.tmp", message = "000000000001286")~~RJStevensMusicPresentationCreator.Program~0000000049
2024-11-30 09:00:58.5342~DEBUG~-- SetMessage(messageText = Importing Hymns For Worship (eChoice)...)~~RJStevensMusicPresentationCreator.frmSelector~0000000050
2024-11-30 09:00:58.5342~DEBUG~-- SetMessage(messageText = Importing Hymns For Worship (eChoice)... Hymn 20274)~~RJStevensMusicPresentationCreator.frmSelector~0000000051
2024-11-30 09:00:58.6132~DEBUG~-- SetMessage(messageText = Operation successful.  1 hymnals have been added.)~~RJStevensMusicPresentationCreator.frmSelector~0000000052
2024-11-30 09:00:58.6132~DEBUG~-- Enable(overrideCount = False, DisableCount = 1, NoEnable = False)~~RJStevensMusicPresentationCreator.frmSelector~0000000053
2024-11-30 09:00:58.9733~DEBUG~-- Enable(overrideCount = False, DisableCount = 0, NoEnable = False)~~RJStevensMusicPresentationCreator.frmSelector~0000000054
2024-11-30 09:00:58.9733~DEBUG~_disableCount = 0~~RJStevensMusicPresentationCreator.frmSelector~0000000055
2024-11-30 09:00:59.1423~ INFO~AllHymnals Length: 4~~RJStevensMusicPresentationCreator.Program~0000000056
2024-11-30 09:03:27.6040~DEBUG~-- Disable(DisableCount = 0)~~RJStevensMusicPresentationCreator.frmSelector~0000000057
2024-11-30 09:03:27.6926~DEBUG~-- SetMessage(messageText = Preparing slides for the selected hymns...)~~RJStevensMusicPresentationCreator.frmSelector~0000000058
2024-11-30 09:03:27.7006~TRACE~Text changing from '' to 'End of Verse 1'~~RJStevensMusicPresentationCreator.SlideToAdd~0000000059
2024-11-30 09:03:27.7006~TRACE~Text changing from '' to 'End of Verse 2'~~RJStevensMusicPresentationCreator.SlideToAdd~0000000060
2024-11-30 09:03:27.7006~TRACE~Text changing from '' to 'End of Verse 3'~~RJStevensMusicPresentationCreator.SlideToAdd~0000000061
2024-11-30 09:03:27.7006~TRACE~Text changing from '' to 'End of Song'~~RJStevensMusicPresentationCreator.SlideToAdd~0000000062
2024-11-30 09:03:27.7006~TRACE~Text changing from '' to 'End of Verse 1'~~RJStevensMusicPresentationCreator.SlideToAdd~0000000063
2024-11-30 09:03:27.7156~TRACE~Text changing from '' to 'End of Song'~~RJStevensMusicPresentationCreator.SlideToAdd~0000000064
2024-11-30 09:03:27.7156~TRACE~Text changing from '' to 'End of Verse 1'~~RJStevensMusicPresentationCreator.SlideToAdd~0000000065
2024-11-30 09:03:27.7156~TRACE~Text changing from '' to 'End of Verse 2'~~RJStevensMusicPresentationCreator.SlideToAdd~0000000066
2024-11-30 09:03:27.7156~TRACE~Text changing from '' to 'End of Verse 3'~~RJStevensMusicPresentationCreator.SlideToAdd~0000000067
2024-11-30 09:03:27.7156~TRACE~Text changing from '' to 'End of Verse 4'~~RJStevensMusicPresentationCreator.SlideToAdd~0000000068
2024-11-30 09:03:27.7156~TRACE~Text changing from '' to 'End of Song'~~RJStevensMusicPresentationCreator.SlideToAdd~0000000069
2024-11-30 09:03:27.7156~TRACE~Text changing from '' to 'End of Verse 1'~~RJStevensMusicPresentationCreator.SlideToAdd~0000000070
2024-11-30 09:03:27.7296~TRACE~Text changing from '' to 'End of Verse 2'~~RJStevensMusicPresentationCreator.SlideToAdd~0000000071
2024-11-30 09:03:27.7296~TRACE~Text changing from '' to 'End of Song'~~RJStevensMusicPresentationCreator.SlideToAdd~0000000072
2024-11-30 09:03:27.7296~TRACE~Text changing from '' to 'End of Verse 1'~~RJStevensMusicPresentationCreator.SlideToAdd~0000000073
2024-11-30 09:03:27.7296~TRACE~Text changing from '' to 'End of Verse 2'~~RJStevensMusicPresentationCreator.SlideToAdd~0000000074
2024-11-30 09:03:27.7296~TRACE~Text changing from '' to 'End of Song'~~RJStevensMusicPresentationCreator.SlideToAdd~0000000075
2024-11-30 09:03:27.7296~TRACE~Text changing from '' to 'End of Verse 1'~~RJStevensMusicPresentationCreator.SlideToAdd~0000000076
2024-11-30 09:03:27.7296~TRACE~Text changing from '' to 'End of Verse 2'~~RJStevensMusicPresentationCreator.SlideToAdd~0000000077
2024-11-30 09:03:27.7296~TRACE~Text changing from '' to 'End of Song'~~RJStevensMusicPresentationCreator.SlideToAdd~0000000078
2024-11-30 09:03:27.7296~DEBUG~-- SetMessage(messageText = )~~RJStevensMusicPresentationCreator.frmSelector~0000000079
2024-11-30 09:03:27.7296~DEBUG~-- Enable(overrideCount = False, DisableCount = 1, NoEnable = False)~~RJStevensMusicPresentationCreator.frmSelector~0000000080
2024-11-30 09:04:04.6770~DEBUG~-- Disable(DisableCount = 0)~~RJStevensMusicPresentationCreator.frmSelector~0000000081
2024-11-30 09:04:06.3442~DEBUG~-- SetMessage(messageText = Saving PowerPoint Presentation file...)~~RJStevensMusicPresentationCreator.frmSelector~0000000082
2024-11-30 09:04:12.6128~DEBUG~-- SetMessage(messageText = )~~RJStevensMusicPresentationCreator.frmSelector~0000000083
2024-11-30 09:04:12.6128~DEBUG~-- Enable(overrideCount = False, DisableCount = 1, NoEnable = False)~~RJStevensMusicPresentationCreator.frmSelector~0000000084
2024-11-30 09:10:17.0669~TRACE~<- Main()~~RJStevensMusicPresentationCreator.Program~0000000085
