EventDateTime~EventLevel~EventMsg~EventException~EventLogger~EventID
2025-10-30 09:31:40.6618~TRACE~-> Main()~~RJStevensMusicPresentationCreator.Program~0000000001
2025-10-30 09:31:40.6989~TRACE~   .Net Framework Version: 4.8~~RJStevensMusicPresentationCreator.Program~0000000002
2025-10-30 09:31:40.7168~TRACE~   OS Version: Windows 10 Enterprise Release 2009 (Build 19045.6456)  64-bit~~RJStevensMusicPresentationCreator.Program~0000000003
2025-10-30 09:31:40.7168~TRACE~   Total RAM Memory: 8.00 GB physical RAM memory~~RJStevensMusicPresentationCreator.Program~0000000004
2025-10-30 09:31:40.7168~ WARN~System.UnauthorizedAccessException: Access to the registry key 'HKEY_LOCAL_MACHINE\Software\R.J. Stevens Music\Hymns for Worship Electronic Edition\2.3.8843.25471' is denied.%CRLF%   at Microsoft.Win32.RegistryKey.Win32Error(Int32 errorCode, String str)%CRLF%   at Microsoft.Win32.RegistryKey.CreateSubKeyInternal(String subkey, RegistryKeyPermissionCheck permissionCheck, Object registrySecurityObj, RegistryOptions registryOptions)%CRLF%   at Microsoft.Win32.RegistryKey.CreateSubKey(String subkey)%CRLF%   at RJStevensMusicPresentationCreator.Program.Main() in D:\Repos\RJSM\Presentation Creator Application\Applications\PresentationCreator15\Program.cs:line 151~System.UnauthorizedAccessException: Access to the registry key 'HKEY_LOCAL_MACHINE\Software\R.J. Stevens Music\Hymns for Worship Electronic Edition\2.3.8843.25471' is denied.%CRLF%   at Microsoft.Win32.RegistryKey.Win32Error(Int32 errorCode, String str)%CRLF%   at Microsoft.Win32.RegistryKey.CreateSubKeyInternal(String subkey, RegistryKeyPermissionCheck permissionCheck, Object registrySecurityObj, RegistryOptions registryOptions)%CRLF%   at Microsoft.Win32.RegistryKey.CreateSubKey(String subkey)%CRLF%   at RJStevensMusicPresentationCreator.Program.Main() in D:\Repos\RJSM\Presentation Creator Application\Applications\PresentationCreator15\Program.cs:line 151~RJStevensMusicPresentationCreator.Program~0000000005
2025-10-30 09:31:40.7844~ INFO~UserRegKey: HKEY_CURRENT_USER\Software\R.J. Stevens Music\Hymns for Worship Electronic Edition~~RJStevensMusicPresentationCreator.Program~0000000006
2025-10-30 09:31:40.8089~ INFO~HymnalInformationFile: C:\ProgramData\Application Data\R.J. Stevens Music\Hymns for Worship Electronic Edition\Information.hixml~~RJStevensMusicPresentationCreator.Program~0000000007
2025-10-30 09:31:40.8089~ INFO~RegKey: HKEY_CURRENT_USER\Software\R.J. Stevens Music\Hymns for Worship Electronic Edition~~RJStevensMusicPresentationCreator.RJSMRegistry~0000000008
2025-10-30 09:31:40.8089~ INFO~ProductApplicationDataFolder: C:\ProgramData\Application Data\R.J. Stevens Music\Hymns for Worship Electronic Edition~~RJStevensMusicPresentationCreator.RJSMRegistry~0000000009
2025-10-30 09:31:40.8089~ INFO~HymnalInformationFolder: C:\ProgramData\Application Data\R.J. Stevens Music\Hymns for Worship Electronic Edition~~RJStevensMusicPresentationCreator.RJSMRegistry~0000000010
2025-10-30 09:31:40.8089~ INFO~SlideTemplateFolder: C:\ProgramData\Application Data\R.J. Stevens Music\Hymns for Worship Electronic Edition\Templates~~RJStevensMusicPresentationCreator.RJSMRegistry~0000000011
2025-10-30 09:31:40.8089~ INFO~LastExecutedDeploymentVersion: 0.0.0.0~~RJStevensMusicPresentationCreator.RJSMRegistry~0000000012
2025-10-30 09:31:40.8089~ INFO~SelectedHymnal: <All>~~RJStevensMusicPresentationCreator.RJSMRegistry~0000000013
2025-10-30 09:31:40.8089~ INFO~SelectedTemplate: Single Slide Template (Fast Transition)--Widescreen~~RJStevensMusicPresentationCreator.RJSMRegistry~0000000014
2025-10-30 09:31:40.8321~ INFO~LastImportFolder: C:\Users\cofc_\Downloads~~RJStevensMusicPresentationCreator.RJSMRegistry~0000000015
2025-10-30 09:31:40.8321~ INFO~DisplayTools: True~~RJStevensMusicPresentationCreator.RJSMRegistry~0000000016
2025-10-30 09:31:40.8321~ INFO~HymnList: True~~RJStevensMusicPresentationCreator.RJSMRegistry~0000000017
2025-10-30 09:31:40.8321~ INFO~HymnText: True~~RJStevensMusicPresentationCreator.RJSMRegistry~0000000018
2025-10-30 09:31:40.8321~ INFO~HymnalSelection: True~~RJStevensMusicPresentationCreator.RJSMRegistry~0000000019
2025-10-30 09:31:40.8401~ INFO~TemplateSelection: True~~RJStevensMusicPresentationCreator.RJSMRegistry~0000000020
2025-10-30 09:31:40.8401~ INFO~FillWindow: True~~RJStevensMusicPresentationCreator.RJSMRegistry~0000000021
2025-10-30 09:31:40.8401~ INFO~PresenterImage: True~~RJStevensMusicPresentationCreator.RJSMRegistry~0000000022
2025-10-30 09:31:40.8401~ INFO~SelectorWindowPosition: Normal,602,0,716,1039~~RJStevensMusicPresentationCreator.RJSMRegistry~0000000023
2025-10-30 09:31:40.8401~ INFO~SlideWindowPosition: Normal,0,0,0,0~~RJStevensMusicPresentationCreator.RJSMRegistry~0000000024
2025-10-30 09:31:40.8401~ INFO~ViewSplitPosition: 0.75~~RJStevensMusicPresentationCreator.RJSMRegistry~0000000025
2025-10-30 09:31:40.8401~ INFO~HymnsSplitPosition: 0.6366704161979752530933633296~~RJStevensMusicPresentationCreator.RJSMRegistry~0000000026
2025-10-30 09:31:40.8401~ INFO~HymnsListSplitPosition: 0.7685512367491166077738515901~~RJStevensMusicPresentationCreator.RJSMRegistry~0000000027
2025-10-30 09:31:40.8553~ INFO~InternalViewerSplitPosition: 0.15~~RJStevensMusicPresentationCreator.RJSMRegistry~0000000028
2025-10-30 09:31:40.8553~ INFO~DateOfFirstLicenseCheck: 3/15/2020 12:00:00 AM~~RJStevensMusicPresentationCreator.RJSMRegistry~0000000029
2025-10-30 09:31:40.8553~ INFO~ProductImprovementConsent: True~~RJStevensMusicPresentationCreator.RJSMRegistry~0000000030
2025-10-30 09:31:40.8553~ INFO~RevisedPrinting: (Latest)~~RJStevensMusicPresentationCreator.RJSMRegistry~0000000031
2025-10-30 09:31:40.8710~TRACE~   Is fast disk? True~~RJStevensMusicPresentationCreator.Program~0000000032
2025-10-30 09:31:43.3228~ INFO~AllHymnals Length: 4~~RJStevensMusicPresentationCreator.Program~0000000033
2025-10-30 09:31:43.3458~TRACE~-> AddTemplates()~~RJStevensMusicPresentationCreator.frmSelector~0000000034
2025-10-30 09:31:43.3458~TRACE~<- AddTemplates()~~RJStevensMusicPresentationCreator.frmSelector~0000000035
2025-10-30 09:31:43.3458~FATAL~License Mode: Licensed~~RJStevensMusicPresentationCreator.Program~0000000036
2025-10-30 09:31:43.3458~FATAL~Override to License Mode: Licensed~~RJStevensMusicPresentationCreator.Program~0000000037
2025-10-30 09:31:43.6638~TRACE~-> RunOneTimeUpdates()~~RJStevensMusicPresentationCreator.Program~0000000038
2025-10-30 09:31:43.6638~ INFO~Product Version: 2.3.8843.25471~~RJStevensMusicPresentationCreator.Program~0000000039
2025-10-30 09:31:43.6638~ INFO~Deployment Version: 2.2.0.7~~RJStevensMusicPresentationCreator.Program~0000000040
2025-10-30 09:31:43.6688~TRACE~LastExecutedDeploymentVersion: 0.0.0.0~~RJStevensMusicPresentationCreator.Program~0000000041
2025-10-30 09:31:43.6688~TRACE~<- RunOneTimeUpdates()~~RJStevensMusicPresentationCreator.Program~0000000042
2025-11-01 20:45:29.6611~DEBUG~-- Disable(DisableCount = 0)~~RJStevensMusicPresentationCreator.frmSelector~0000000043
2025-11-01 20:45:29.7691~DEBUG~-- SetMessage(messageText = Preparing slides for the selected hymns...)~~RJStevensMusicPresentationCreator.frmSelector~0000000044
2025-11-01 20:45:29.8011~TRACE~Text changing from '' to 'End of Verse 1'~~RJStevensMusicPresentationCreator.SlideToAdd~0000000045
2025-11-01 20:45:29.8011~TRACE~Text changing from '' to 'End of Verse 2'~~RJStevensMusicPresentationCreator.SlideToAdd~0000000046
2025-11-01 20:45:29.8051~TRACE~Text changing from '' to 'End of Song'~~RJStevensMusicPresentationCreator.SlideToAdd~0000000047
2025-11-01 20:45:29.8051~DEBUG~-- SetMessage(messageText = )~~RJStevensMusicPresentationCreator.frmSelector~0000000048
2025-11-01 20:45:29.8051~DEBUG~-- Enable(overrideCount = False, DisableCount = 1, NoEnable = False)~~RJStevensMusicPresentationCreator.frmSelector~0000000049
2025-11-01 20:46:17.9481~DEBUG~-- Disable(DisableCount = 0)~~RJStevensMusicPresentationCreator.frmSelector~0000000050
2025-11-01 20:46:18.6608~DEBUG~-- SetMessage(messageText = Saving PowerPoint Presentation file...)~~RJStevensMusicPresentationCreator.frmSelector~0000000051
2025-11-01 20:46:21.6843~DEBUG~-- SetMessage(messageText = )~~RJStevensMusicPresentationCreator.frmSelector~0000000052
2025-11-01 20:46:21.6843~DEBUG~-- Enable(overrideCount = False, DisableCount = 1, NoEnable = False)~~RJStevensMusicPresentationCreator.frmSelector~0000000053
2025-11-02 08:11:03.9735~DEBUG~-- Disable(DisableCount = 0)~~RJStevensMusicPresentationCreator.frmSelector~0000000054
2025-11-02 08:11:04.0949~DEBUG~-- SetMessage(messageText = Preparing slides for the selected hymns...)~~RJStevensMusicPresentationCreator.frmSelector~0000000055
2025-11-02 08:11:04.1059~TRACE~Text changing from '' to 'End of Song'~~RJStevensMusicPresentationCreator.SlideToAdd~0000000056
2025-11-02 08:11:04.1059~TRACE~Text changing from '' to 'End of Verse 1'~~RJStevensMusicPresentationCreator.SlideToAdd~0000000057
2025-11-02 08:11:04.1189~TRACE~Text changing from '' to 'End of Verse 2'~~RJStevensMusicPresentationCreator.SlideToAdd~0000000058
2025-11-02 08:11:04.1189~TRACE~Text changing from '' to 'End of Verse 3'~~RJStevensMusicPresentationCreator.SlideToAdd~0000000059
2025-11-02 08:11:04.1189~TRACE~Text changing from '' to 'End of Verse 4'~~RJStevensMusicPresentationCreator.SlideToAdd~0000000060
2025-11-02 08:11:04.1189~TRACE~Text changing from '' to 'End of Song'~~RJStevensMusicPresentationCreator.SlideToAdd~0000000061
2025-11-02 08:11:04.1319~TRACE~Text changing from '' to 'End of Verse 1'~~RJStevensMusicPresentationCreator.SlideToAdd~0000000062
2025-11-02 08:11:04.1319~TRACE~Text changing from '' to 'End of Verse 2'~~RJStevensMusicPresentationCreator.SlideToAdd~0000000063
2025-11-02 08:11:04.1319~TRACE~Text changing from '' to 'End of Song'~~RJStevensMusicPresentationCreator.SlideToAdd~0000000064
2025-11-02 08:11:04.1319~TRACE~Text changing from '' to 'End of Verse 1'~~RJStevensMusicPresentationCreator.SlideToAdd~0000000065
2025-11-02 08:11:04.1319~TRACE~Text changing from '' to 'End of Verse 2'~~RJStevensMusicPresentationCreator.SlideToAdd~0000000066
2025-11-02 08:11:04.1509~TRACE~Text changing from '' to 'End of Song'~~RJStevensMusicPresentationCreator.SlideToAdd~0000000067
2025-11-02 08:11:04.1509~TRACE~Text changing from '' to 'End of Verse 1'~~RJStevensMusicPresentationCreator.SlideToAdd~0000000068
2025-11-02 08:11:04.1509~TRACE~Text changing from '' to 'End of Verse 2'~~RJStevensMusicPresentationCreator.SlideToAdd~0000000069
2025-11-02 08:11:04.1509~TRACE~Text changing from '' to 'End of Song'~~RJStevensMusicPresentationCreator.SlideToAdd~0000000070
2025-11-02 08:11:04.1709~TRACE~Text changing from '' to 'End of Verse 1'~~RJStevensMusicPresentationCreator.SlideToAdd~0000000071
2025-11-02 08:11:04.1709~TRACE~Text changing from '' to 'End of Song'~~RJStevensMusicPresentationCreator.SlideToAdd~0000000072
2025-11-02 08:11:04.1709~DEBUG~-- SetMessage(messageText = )~~RJStevensMusicPresentationCreator.frmSelector~0000000073
2025-11-02 08:11:04.1799~DEBUG~-- Enable(overrideCount = False, DisableCount = 1, NoEnable = False)~~RJStevensMusicPresentationCreator.frmSelector~0000000074
2025-11-02 08:11:29.1160~DEBUG~-- Disable(DisableCount = 0)~~RJStevensMusicPresentationCreator.frmSelector~0000000075
2025-11-02 08:11:30.9781~DEBUG~-- SetMessage(messageText = Saving PowerPoint Presentation file...)~~RJStevensMusicPresentationCreator.frmSelector~0000000076
2025-11-02 08:11:35.1398~DEBUG~-- SetMessage(messageText = )~~RJStevensMusicPresentationCreator.frmSelector~0000000077
2025-11-02 08:11:35.1398~DEBUG~-- Enable(overrideCount = False, DisableCount = 1, NoEnable = False)~~RJStevensMusicPresentationCreator.frmSelector~0000000078
2025-11-02 08:34:06.2000~DEBUG~-- Disable(DisableCount = 0)~~RJStevensMusicPresentationCreator.frmSelector~0000000079
2025-11-02 08:34:06.3260~DEBUG~-- SetMessage(messageText = Preparing slides for the selected hymns...)~~RJStevensMusicPresentationCreator.frmSelector~0000000080
2025-11-02 08:34:06.3367~TRACE~Text changing from '' to 'End of Song'~~RJStevensMusicPresentationCreator.SlideToAdd~0000000081
2025-11-02 08:34:06.3367~DEBUG~-- SetMessage(messageText = )~~RJStevensMusicPresentationCreator.frmSelector~0000000082
2025-11-02 08:34:06.3367~DEBUG~-- Enable(overrideCount = False, DisableCount = 1, NoEnable = False)~~RJStevensMusicPresentationCreator.frmSelector~0000000083
2025-11-02 08:34:09.4481~DEBUG~-- Disable(DisableCount = 0)~~RJStevensMusicPresentationCreator.frmSelector~0000000084
2025-11-02 08:34:09.9066~DEBUG~-- SetMessage(messageText = Saving PowerPoint Presentation file...)~~RJStevensMusicPresentationCreator.frmSelector~0000000085
2025-11-02 08:34:11.5613~DEBUG~-- SetMessage(messageText = )~~RJStevensMusicPresentationCreator.frmSelector~0000000086
2025-11-02 08:34:11.5613~DEBUG~-- Enable(overrideCount = False, DisableCount = 1, NoEnable = False)~~RJStevensMusicPresentationCreator.frmSelector~0000000087
2025-11-04 21:50:40.1859~DEBUG~-- Disable(DisableCount = 0)~~RJStevensMusicPresentationCreator.frmSelector~0000000088
2025-11-04 21:50:40.3283~DEBUG~-- SetMessage(messageText = Preparing slides for the selected hymns...)~~RJStevensMusicPresentationCreator.frmSelector~0000000089
2025-11-04 21:50:40.3483~TRACE~Text changing from '' to 'End of Verse 1'~~RJStevensMusicPresentationCreator.SlideToAdd~0000000090
2025-11-04 21:50:40.3483~TRACE~Text changing from '' to 'End of Verse 2'~~RJStevensMusicPresentationCreator.SlideToAdd~0000000091
2025-11-04 21:50:40.3483~TRACE~Text changing from '' to 'End of Song'~~RJStevensMusicPresentationCreator.SlideToAdd~0000000092
2025-11-04 21:50:40.3603~TRACE~Text changing from '' to 'End of Verse 1'~~RJStevensMusicPresentationCreator.SlideToAdd~0000000093
2025-11-04 21:50:40.3603~TRACE~Text changing from '' to 'End of Verse 2'~~RJStevensMusicPresentationCreator.SlideToAdd~0000000094
2025-11-04 21:50:40.3603~TRACE~Text changing from '' to 'End of Song'~~RJStevensMusicPresentationCreator.SlideToAdd~0000000095
2025-11-04 21:50:40.3603~DEBUG~-- SetMessage(messageText = )~~RJStevensMusicPresentationCreator.frmSelector~0000000096
2025-11-04 21:50:40.3603~DEBUG~-- Enable(overrideCount = False, DisableCount = 1, NoEnable = False)~~RJStevensMusicPresentationCreator.frmSelector~0000000097
2025-11-04 21:51:40.0488~DEBUG~-- Disable(DisableCount = 0)~~RJStevensMusicPresentationCreator.frmSelector~0000000098
2025-11-04 21:51:40.7008~DEBUG~-- SetMessage(messageText = Saving PowerPoint Presentation file...)~~RJStevensMusicPresentationCreator.frmSelector~0000000099
2025-11-04 21:51:44.1958~DEBUG~-- SetMessage(messageText = )~~RJStevensMusicPresentationCreator.frmSelector~0000000100
2025-11-04 21:51:44.2058~DEBUG~-- Enable(overrideCount = False, DisableCount = 1, NoEnable = False)~~RJStevensMusicPresentationCreator.frmSelector~0000000101
