EventDateTime~EventLevel~EventMsg~EventException~EventLogger~EventID
2025-05-16 11:17:42.6801~TRACE~-> Main()~~RJStevensMusicPresentationCreator.Program~0000000001
2025-05-16 11:17:42.7131~TRACE~   .Net Framework Version: 4.8~~RJStevensMusicPresentationCreator.Program~0000000002
2025-05-16 11:17:42.7291~TRACE~   OS Version: Windows 10 Enterprise Release 2009 (Build 19045.5854)  64-bit~~RJStevensMusicPresentationCreator.Program~0000000003
2025-05-16 11:17:42.7291~TRACE~   Total RAM Memory: 8.00 GB physical RAM memory~~RJStevensMusicPresentationCreator.Program~0000000004
2025-05-16 11:17:42.7291~ WARN~System.UnauthorizedAccessException: Access to the registry key 'HKEY_LOCAL_MACHINE\Software\R.J. Stevens Music\Hymns for Worship Electronic Edition\2.3.8843.25471' is denied.%CRLF%   at Microsoft.Win32.RegistryKey.Win32Error(Int32 errorCode, String str)%CRLF%   at Microsoft.Win32.RegistryKey.CreateSubKeyInternal(String subkey, RegistryKeyPermissionCheck permissionCheck, Object registrySecurityObj, RegistryOptions registryOptions)%CRLF%   at Microsoft.Win32.RegistryKey.CreateSubKey(String subkey)%CRLF%   at RJStevensMusicPresentationCreator.Program.Main() in D:\Repos\RJSM\Presentation Creator Application\Applications\PresentationCreator15\Program.cs:line 151~System.UnauthorizedAccessException: Access to the registry key 'HKEY_LOCAL_MACHINE\Software\R.J. Stevens Music\Hymns for Worship Electronic Edition\2.3.8843.25471' is denied.%CRLF%   at Microsoft.Win32.RegistryKey.Win32Error(Int32 errorCode, String str)%CRLF%   at Microsoft.Win32.RegistryKey.CreateSubKeyInternal(String subkey, RegistryKeyPermissionCheck permissionCheck, Object registrySecurityObj, RegistryOptions registryOptions)%CRLF%   at Microsoft.Win32.RegistryKey.CreateSubKey(String subkey)%CRLF%   at RJStevensMusicPresentationCreator.Program.Main() in D:\Repos\RJSM\Presentation Creator Application\Applications\PresentationCreator15\Program.cs:line 151~RJStevensMusicPresentationCreator.Program~0000000005
2025-05-16 11:17:42.7571~ INFO~UserRegKey: HKEY_CURRENT_USER\Software\R.J. Stevens Music\Hymns for Worship Electronic Edition~~RJStevensMusicPresentationCreator.Program~0000000006
2025-05-16 11:17:42.7641~ INFO~HymnalInformationFile: C:\ProgramData\Application Data\R.J. Stevens Music\Hymns for Worship Electronic Edition\Information.hixml~~RJStevensMusicPresentationCreator.Program~0000000007
2025-05-16 11:17:42.7641~ INFO~RegKey: HKEY_CURRENT_USER\Software\R.J. Stevens Music\Hymns for Worship Electronic Edition~~RJStevensMusicPresentationCreator.RJSMRegistry~0000000008
2025-05-16 11:17:42.7641~ INFO~ProductApplicationDataFolder: C:\ProgramData\Application Data\R.J. Stevens Music\Hymns for Worship Electronic Edition~~RJStevensMusicPresentationCreator.RJSMRegistry~0000000009
2025-05-16 11:17:42.7641~ INFO~HymnalInformationFolder: C:\ProgramData\Application Data\R.J. Stevens Music\Hymns for Worship Electronic Edition~~RJStevensMusicPresentationCreator.RJSMRegistry~0000000010
2025-05-16 11:17:42.7641~ INFO~SlideTemplateFolder: C:\ProgramData\Application Data\R.J. Stevens Music\Hymns for Worship Electronic Edition\Templates~~RJStevensMusicPresentationCreator.RJSMRegistry~0000000011
2025-05-16 11:17:42.7641~ INFO~LastExecutedDeploymentVersion: 0.0.0.0~~RJStevensMusicPresentationCreator.RJSMRegistry~0000000012
2025-05-16 11:17:42.7641~ INFO~SelectedHymnal: <All>~~RJStevensMusicPresentationCreator.RJSMRegistry~0000000013
2025-05-16 11:17:42.7641~ INFO~SelectedTemplate: Single Slide Template (Fast Transition)--Widescreen~~RJStevensMusicPresentationCreator.RJSMRegistry~0000000014
2025-05-16 11:17:42.7852~ INFO~LastImportFolder: C:\Users\cofc_\Downloads~~RJStevensMusicPresentationCreator.RJSMRegistry~0000000015
2025-05-16 11:17:42.7852~ INFO~DisplayTools: True~~RJStevensMusicPresentationCreator.RJSMRegistry~0000000016
2025-05-16 11:17:42.7852~ INFO~HymnList: True~~RJStevensMusicPresentationCreator.RJSMRegistry~0000000017
2025-05-16 11:17:42.7852~ INFO~HymnText: True~~RJStevensMusicPresentationCreator.RJSMRegistry~0000000018
2025-05-16 11:17:42.7852~ INFO~HymnalSelection: True~~RJStevensMusicPresentationCreator.RJSMRegistry~0000000019
2025-05-16 11:17:42.7852~ INFO~TemplateSelection: True~~RJStevensMusicPresentationCreator.RJSMRegistry~0000000020
2025-05-16 11:17:42.7852~ INFO~FillWindow: True~~RJStevensMusicPresentationCreator.RJSMRegistry~0000000021
2025-05-16 11:17:42.7852~ INFO~PresenterImage: True~~RJStevensMusicPresentationCreator.RJSMRegistry~0000000022
2025-05-16 11:17:42.7922~ INFO~SelectorWindowPosition: Normal,601,0,718,1047~~RJStevensMusicPresentationCreator.RJSMRegistry~0000000023
2025-05-16 11:17:42.7922~ INFO~SlideWindowPosition: Normal,0,0,0,0~~RJStevensMusicPresentationCreator.RJSMRegistry~0000000024
2025-05-16 11:17:42.7922~ INFO~ViewSplitPosition: 0.7492877492877492877492877493~~RJStevensMusicPresentationCreator.RJSMRegistry~0000000025
2025-05-16 11:17:42.7922~ INFO~HymnsSplitPosition: 0.6454849498327759197324414716~~RJStevensMusicPresentationCreator.RJSMRegistry~0000000026
2025-05-16 11:17:42.7922~ INFO~HymnsListSplitPosition: 0.7841105354058721934369602763~~RJStevensMusicPresentationCreator.RJSMRegistry~0000000027
2025-05-16 11:17:42.7922~ INFO~InternalViewerSplitPosition: 0.15~~RJStevensMusicPresentationCreator.RJSMRegistry~0000000028
2025-05-16 11:17:42.7922~ INFO~DateOfFirstLicenseCheck: 3/15/2020 12:00:00 AM~~RJStevensMusicPresentationCreator.RJSMRegistry~0000000029
2025-05-16 11:17:42.7922~ INFO~ProductImprovementConsent: True~~RJStevensMusicPresentationCreator.RJSMRegistry~0000000030
2025-05-16 11:17:42.7922~ INFO~RevisedPrinting: (Latest)~~RJStevensMusicPresentationCreator.RJSMRegistry~0000000031
2025-05-16 11:17:42.7922~TRACE~   Is fast disk? True~~RJStevensMusicPresentationCreator.Program~0000000032
2025-05-16 11:17:44.4864~ INFO~AllHymnals Length: 4~~RJStevensMusicPresentationCreator.Program~0000000033
2025-05-16 11:17:44.4964~TRACE~-> AddTemplates()~~RJStevensMusicPresentationCreator.frmSelector~0000000034
2025-05-16 11:17:44.4964~TRACE~<- AddTemplates()~~RJStevensMusicPresentationCreator.frmSelector~0000000035
2025-05-16 11:17:44.4964~FATAL~License Mode: Licensed~~RJStevensMusicPresentationCreator.Program~0000000036
2025-05-16 11:17:44.4964~FATAL~Override to License Mode: Licensed~~RJStevensMusicPresentationCreator.Program~0000000037
2025-05-16 11:17:44.8024~TRACE~-> RunOneTimeUpdates()~~RJStevensMusicPresentationCreator.Program~0000000038
2025-05-16 11:17:44.8024~ INFO~Product Version: 2.3.8843.25471~~RJStevensMusicPresentationCreator.Program~0000000039
2025-05-16 11:17:44.8024~ INFO~Deployment Version: 2.2.0.7~~RJStevensMusicPresentationCreator.Program~0000000040
2025-05-16 11:17:44.8084~TRACE~LastExecutedDeploymentVersion: 0.0.0.0~~RJStevensMusicPresentationCreator.Program~0000000041
2025-05-16 11:17:44.8084~TRACE~<- RunOneTimeUpdates()~~RJStevensMusicPresentationCreator.Program~0000000042
2025-05-16 18:55:28.7170~DEBUG~-- Disable(DisableCount = 0)~~RJStevensMusicPresentationCreator.frmSelector~0000000043
2025-05-16 18:55:28.8531~DEBUG~-- SetMessage(messageText = Preparing slides for the selected hymns...)~~RJStevensMusicPresentationCreator.frmSelector~0000000044
2025-05-16 18:55:28.8701~TRACE~Text changing from '' to 'End of Verse 1'~~RJStevensMusicPresentationCreator.SlideToAdd~0000000045
2025-05-16 18:55:28.8701~TRACE~Text changing from '' to 'End of Song'~~RJStevensMusicPresentationCreator.SlideToAdd~0000000046
2025-05-16 18:55:28.8701~DEBUG~-- SetMessage(messageText = )~~RJStevensMusicPresentationCreator.frmSelector~0000000047
2025-05-16 18:55:28.8701~DEBUG~-- Enable(overrideCount = False, DisableCount = 1, NoEnable = False)~~RJStevensMusicPresentationCreator.frmSelector~0000000048
2025-05-16 18:56:05.6675~DEBUG~-- Disable(DisableCount = 0)~~RJStevensMusicPresentationCreator.frmSelector~0000000049
2025-05-16 18:56:06.2066~DEBUG~-- SetMessage(messageText = Saving PowerPoint Presentation file...)~~RJStevensMusicPresentationCreator.frmSelector~0000000050
2025-05-16 18:56:11.3954~DEBUG~-- SetMessage(messageText = )~~RJStevensMusicPresentationCreator.frmSelector~0000000051
2025-05-16 18:56:11.4024~DEBUG~-- Enable(overrideCount = False, DisableCount = 1, NoEnable = False)~~RJStevensMusicPresentationCreator.frmSelector~0000000052
2025-05-21 11:22:18.5990~DEBUG~-- Disable(DisableCount = 0)~~RJStevensMusicPresentationCreator.frmSelector~0000000053
2025-05-21 11:22:18.7440~DEBUG~-- SetMessage(messageText = Preparing slides for the selected hymns...)~~RJStevensMusicPresentationCreator.frmSelector~0000000054
2025-05-21 11:22:18.7540~TRACE~Text changing from '' to 'End of Verse 1'~~RJStevensMusicPresentationCreator.SlideToAdd~0000000055
2025-05-21 11:22:18.7540~TRACE~Text changing from '' to 'End of Verse 2'~~RJStevensMusicPresentationCreator.SlideToAdd~0000000056
2025-05-21 11:22:18.7540~TRACE~Text changing from '' to 'End of Song'~~RJStevensMusicPresentationCreator.SlideToAdd~0000000057
2025-05-21 11:22:18.7540~TRACE~Text changing from '' to 'End of Verse 1'~~RJStevensMusicPresentationCreator.SlideToAdd~0000000058
2025-05-21 11:22:18.7630~TRACE~Text changing from '' to 'End of Verse 2'~~RJStevensMusicPresentationCreator.SlideToAdd~0000000059
2025-05-21 11:22:18.7630~TRACE~Text changing from '' to 'End of Song'~~RJStevensMusicPresentationCreator.SlideToAdd~0000000060
2025-05-21 11:22:18.7630~DEBUG~-- SetMessage(messageText = )~~RJStevensMusicPresentationCreator.frmSelector~0000000061
2025-05-21 11:22:18.7630~DEBUG~-- Enable(overrideCount = False, DisableCount = 1, NoEnable = False)~~RJStevensMusicPresentationCreator.frmSelector~0000000062
2025-05-21 11:23:15.3793~DEBUG~-- Disable(DisableCount = 0)~~RJStevensMusicPresentationCreator.frmSelector~0000000063
2025-05-21 11:23:16.2620~DEBUG~-- SetMessage(messageText = Saving PowerPoint Presentation file...)~~RJStevensMusicPresentationCreator.frmSelector~0000000064
2025-05-21 11:23:19.0158~DEBUG~-- SetMessage(messageText = )~~RJStevensMusicPresentationCreator.frmSelector~0000000065
2025-05-21 11:23:19.0158~DEBUG~-- Enable(overrideCount = False, DisableCount = 1, NoEnable = False)~~RJStevensMusicPresentationCreator.frmSelector~0000000066
2025-05-21 19:58:39.5613~FATAL~System.ArgumentException: Invalid hymn number HILTOPS%CRLF%   at RJStevensMusicPresentationCreator.HymnNumber..ctor(String number) in D:\Repos\RJSM\Presentation Creator Application\Applications\PresentationCreator15\HymnNumber.cs:line 20%CRLF%   at RJStevensMusicPresentationCreator.frmSelector.ExpertAddToTree(String instructions) in D:\Repos\RJSM\Presentation Creator Application\Applications\PresentationCreator15\frmSelector.cs:line 1368%CRLF%   at RJStevensMusicPresentationCreator.frmSelector.tsbExpertAdd_Click(Object sender, EventArgs e) in D:\Repos\RJSM\Presentation Creator Application\Applications\PresentationCreator15\frmSelector.cs:line 1269%CRLF%   at RJStevensMusicPresentationCreator.frmSelector.tstxtExpert_KeyPress(Object sender, KeyPressEventArgs e) in D:\Repos\RJSM\Presentation Creator Application\Applications\PresentationCreator15\frmSelector.cs:line 2475%CRLF%   at System.Windows.Forms.ToolStripItem.RaiseKeyPressEvent(Object key, KeyPressEventArgs e)%CRLF%   at System.Windows.Forms.Control.OnKeyPress(KeyPressEventArgs e)%CRLF%   at System.Windows.Forms.Control.ProcessKeyEventArgs(Message& m)%CRLF%   at System.Windows.Forms.Control.WmKeyChar(Message& m)%CRLF%   at System.Windows.Forms.Control.WndProc(Message& m)%CRLF%   at System.Windows.Forms.TextBoxBase.WndProc(Message& m)%CRLF%   at System.Windows.Forms.TextBox.WndProc(Message& m)%CRLF%   at System.Windows.Forms.NativeWindow.Callback(IntPtr hWnd, Int32 msg, IntPtr wparam, IntPtr lparam)~System.ArgumentException: Invalid hymn number HILTOPS%CRLF%   at RJStevensMusicPresentationCreator.HymnNumber..ctor(String number) in D:\Repos\RJSM\Presentation Creator Application\Applications\PresentationCreator15\HymnNumber.cs:line 20%CRLF%   at RJStevensMusicPresentationCreator.frmSelector.ExpertAddToTree(String instructions) in D:\Repos\RJSM\Presentation Creator Application\Applications\PresentationCreator15\frmSelector.cs:line 1368%CRLF%   at RJStevensMusicPresentationCreator.frmSelector.tsbExpertAdd_Click(Object sender, EventArgs e) in D:\Repos\RJSM\Presentation Creator Application\Applications\PresentationCreator15\frmSelector.cs:line 1269%CRLF%   at RJStevensMusicPresentationCreator.frmSelector.tstxtExpert_KeyPress(Object sender, KeyPressEventArgs e) in D:\Repos\RJSM\Presentation Creator Application\Applications\PresentationCreator15\frmSelector.cs:line 2475%CRLF%   at System.Windows.Forms.ToolStripItem.RaiseKeyPressEvent(Object key, KeyPressEventArgs e)%CRLF%   at System.Windows.Forms.Control.OnKeyPress(KeyPressEventArgs e)%CRLF%   at System.Windows.Forms.Control.ProcessKeyEventArgs(Message& m)%CRLF%   at System.Windows.Forms.Control.WmKeyChar(Message& m)%CRLF%   at System.Windows.Forms.Control.WndProc(Message& m)%CRLF%   at System.Windows.Forms.TextBoxBase.WndProc(Message& m)%CRLF%   at System.Windows.Forms.TextBox.WndProc(Message& m)%CRLF%   at System.Windows.Forms.NativeWindow.Callback(IntPtr hWnd, Int32 msg, IntPtr wparam, IntPtr lparam)~RJStevensMusicPresentationCreator.Program~0000000067
2025-05-21 19:58:44.1035~FATAL~System.ArgumentException: Invalid hymn number HILTOPS%CRLF%   at RJStevensMusicPresentationCreator.Program.Application_ThreadException(Object sender, ThreadExceptionEventArgs e) in D:\Repos\RJSM\Presentation Creator Application\Applications\PresentationCreator15\Program.cs:line 88%CRLF%   at System.Windows.Forms.Application.ThreadContext.OnThreadException(Exception t)%CRLF%   at System.Windows.Forms.Control.WndProcException(Exception e)%CRLF%   at System.Windows.Forms.NativeWindow.Callback(IntPtr hWnd, Int32 msg, IntPtr wparam, IntPtr lparam)%CRLF%   at System.Windows.Forms.UnsafeNativeMethods.DispatchMessageW(MSG& msg)%CRLF%   at System.Windows.Forms.Application.ComponentManager.System.Windows.Forms.UnsafeNativeMethods.IMsoComponentManager.FPushMessageLoop(IntPtr dwComponentID, Int32 reason, Int32 pvLoopData)%CRLF%   at System.Windows.Forms.Application.ThreadContext.RunMessageLoopInner(Int32 reason, ApplicationContext context)%CRLF%   at System.Windows.Forms.Application.ThreadContext.RunMessageLoop(Int32 reason, ApplicationContext context)%CRLF%   at RJStevensMusicPresentationCreator.Program.Main() in D:\Repos\RJSM\Presentation Creator Application\Applications\PresentationCreator15\Program.cs:line 393~System.ArgumentException: Invalid hymn number HILTOPS%CRLF%   at RJStevensMusicPresentationCreator.Program.Application_ThreadException(Object sender, ThreadExceptionEventArgs e) in D:\Repos\RJSM\Presentation Creator Application\Applications\PresentationCreator15\Program.cs:line 88%CRLF%   at System.Windows.Forms.Application.ThreadContext.OnThreadException(Exception t)%CRLF%   at System.Windows.Forms.Control.WndProcException(Exception e)%CRLF%   at System.Windows.Forms.NativeWindow.Callback(IntPtr hWnd, Int32 msg, IntPtr wparam, IntPtr lparam)%CRLF%   at System.Windows.Forms.UnsafeNativeMethods.DispatchMessageW(MSG& msg)%CRLF%   at System.Windows.Forms.Application.ComponentManager.System.Windows.Forms.UnsafeNativeMethods.IMsoComponentManager.FPushMessageLoop(IntPtr dwComponentID, Int32 reason, Int32 pvLoopData)%CRLF%   at System.Windows.Forms.Application.ThreadContext.RunMessageLoopInner(Int32 reason, ApplicationContext context)%CRLF%   at System.Windows.Forms.Application.ThreadContext.RunMessageLoop(Int32 reason, ApplicationContext context)%CRLF%   at RJStevensMusicPresentationCreator.Program.Main() in D:\Repos\RJSM\Presentation Creator Application\Applications\PresentationCreator15\Program.cs:line 393~RJStevensMusicPresentationCreator.Program~0000000068
2025-05-21 19:58:48.0409~TRACE~<- Main()~~RJStevensMusicPresentationCreator.Program~0000000069
