EventDateTime~EventLevel~EventMsg~EventException~EventLogger~EventID
2025-10-04 15:31:06.6733~TRACE~-> Main()~~RJStevensMusicPresentationCreator.Program~0000000001
2025-10-04 15:31:06.7113~TRACE~   .Net Framework Version: 4.8~~RJStevensMusicPresentationCreator.Program~0000000002
2025-10-04 15:31:06.7113~TRACE~   OS Version: Windows 10 Enterprise Release 2009 (Build 19045.6332)  64-bit~~RJStevensMusicPresentationCreator.Program~0000000003
2025-10-04 15:31:06.7113~TRACE~   Total RAM Memory: 8.00 GB physical RAM memory~~RJStevensMusicPresentationCreator.Program~0000000004
2025-10-04 15:31:06.7253~ WARN~System.UnauthorizedAccessException: Access to the registry key 'HKEY_LOCAL_MACHINE\Software\R.J. Stevens Music\Hymns for Worship Electronic Edition\2.3.8843.25471' is denied.%CRLF%   at Microsoft.Win32.RegistryKey.Win32Error(Int32 errorCode, String str)%CRLF%   at Microsoft.Win32.RegistryKey.CreateSubKeyInternal(String subkey, RegistryKeyPermissionCheck permissionCheck, Object registrySecurityObj, RegistryOptions registryOptions)%CRLF%   at Microsoft.Win32.RegistryKey.CreateSubKey(String subkey)%CRLF%   at RJStevensMusicPresentationCreator.Program.Main() in D:\Repos\RJSM\Presentation Creator Application\Applications\PresentationCreator15\Program.cs:line 151~System.UnauthorizedAccessException: Access to the registry key 'HKEY_LOCAL_MACHINE\Software\R.J. Stevens Music\Hymns for Worship Electronic Edition\2.3.8843.25471' is denied.%CRLF%   at Microsoft.Win32.RegistryKey.Win32Error(Int32 errorCode, String str)%CRLF%   at Microsoft.Win32.RegistryKey.CreateSubKeyInternal(String subkey, RegistryKeyPermissionCheck permissionCheck, Object registrySecurityObj, RegistryOptions registryOptions)%CRLF%   at Microsoft.Win32.RegistryKey.CreateSubKey(String subkey)%CRLF%   at RJStevensMusicPresentationCreator.Program.Main() in D:\Repos\RJSM\Presentation Creator Application\Applications\PresentationCreator15\Program.cs:line 151~RJStevensMusicPresentationCreator.Program~0000000005
2025-10-04 15:31:06.7443~ INFO~UserRegKey: HKEY_CURRENT_USER\Software\R.J. Stevens Music\Hymns for Worship Electronic Edition~~RJStevensMusicPresentationCreator.Program~0000000006
2025-10-04 15:31:06.7443~ INFO~HymnalInformationFile: C:\ProgramData\Application Data\R.J. Stevens Music\Hymns for Worship Electronic Edition\Information.hixml~~RJStevensMusicPresentationCreator.Program~0000000007
2025-10-04 15:31:06.7543~ INFO~RegKey: HKEY_CURRENT_USER\Software\R.J. Stevens Music\Hymns for Worship Electronic Edition~~RJStevensMusicPresentationCreator.RJSMRegistry~0000000008
2025-10-04 15:31:06.7543~ INFO~ProductApplicationDataFolder: C:\ProgramData\Application Data\R.J. Stevens Music\Hymns for Worship Electronic Edition~~RJStevensMusicPresentationCreator.RJSMRegistry~0000000009
2025-10-04 15:31:06.7543~ INFO~HymnalInformationFolder: C:\ProgramData\Application Data\R.J. Stevens Music\Hymns for Worship Electronic Edition~~RJStevensMusicPresentationCreator.RJSMRegistry~0000000010
2025-10-04 15:31:06.7543~ INFO~SlideTemplateFolder: C:\ProgramData\Application Data\R.J. Stevens Music\Hymns for Worship Electronic Edition\Templates~~RJStevensMusicPresentationCreator.RJSMRegistry~0000000011
2025-10-04 15:31:06.7543~ INFO~LastExecutedDeploymentVersion: 0.0.0.0~~RJStevensMusicPresentationCreator.RJSMRegistry~0000000012
2025-10-04 15:31:06.7543~ INFO~SelectedHymnal: <All>~~RJStevensMusicPresentationCreator.RJSMRegistry~0000000013
2025-10-04 15:31:06.7543~ INFO~SelectedTemplate: Single Slide Template (Fast Transition)--Widescreen~~RJStevensMusicPresentationCreator.RJSMRegistry~0000000014
2025-10-04 15:31:06.7693~ INFO~LastImportFolder: C:\Users\cofc_\Downloads~~RJStevensMusicPresentationCreator.RJSMRegistry~0000000015
2025-10-04 15:31:06.7693~ INFO~DisplayTools: True~~RJStevensMusicPresentationCreator.RJSMRegistry~0000000016
2025-10-04 15:31:06.7693~ INFO~HymnList: True~~RJStevensMusicPresentationCreator.RJSMRegistry~0000000017
2025-10-04 15:31:06.7693~ INFO~HymnText: True~~RJStevensMusicPresentationCreator.RJSMRegistry~0000000018
2025-10-04 15:31:06.7693~ INFO~HymnalSelection: True~~RJStevensMusicPresentationCreator.RJSMRegistry~0000000019
2025-10-04 15:31:06.7693~ INFO~TemplateSelection: True~~RJStevensMusicPresentationCreator.RJSMRegistry~0000000020
2025-10-04 15:31:06.7693~ INFO~FillWindow: True~~RJStevensMusicPresentationCreator.RJSMRegistry~0000000021
2025-10-04 15:31:06.7693~ INFO~PresenterImage: True~~RJStevensMusicPresentationCreator.RJSMRegistry~0000000022
2025-10-04 15:31:06.7693~ INFO~SelectorWindowPosition: Normal,603,2,714,1036~~RJStevensMusicPresentationCreator.RJSMRegistry~0000000023
2025-10-04 15:31:06.7693~ INFO~SlideWindowPosition: Normal,0,0,0,0~~RJStevensMusicPresentationCreator.RJSMRegistry~0000000024
2025-10-04 15:31:06.7693~ INFO~ViewSplitPosition: 0.7507163323782234957020057307~~RJStevensMusicPresentationCreator.RJSMRegistry~0000000025
2025-10-04 15:31:06.7693~ INFO~HymnsSplitPosition: 0.6376975169300225733634311512~~RJStevensMusicPresentationCreator.RJSMRegistry~0000000026
2025-10-04 15:31:06.7693~ INFO~HymnsListSplitPosition: 0.7699115044247787610619469027~~RJStevensMusicPresentationCreator.RJSMRegistry~0000000027
2025-10-04 15:31:06.7693~ INFO~InternalViewerSplitPosition: 0.15~~RJStevensMusicPresentationCreator.RJSMRegistry~0000000028
2025-10-04 15:31:06.7693~ INFO~DateOfFirstLicenseCheck: 3/15/2020 12:00:00 AM~~RJStevensMusicPresentationCreator.RJSMRegistry~0000000029
2025-10-04 15:31:06.7843~ INFO~ProductImprovementConsent: True~~RJStevensMusicPresentationCreator.RJSMRegistry~0000000030
2025-10-04 15:31:06.7843~ INFO~RevisedPrinting: (Latest)~~RJStevensMusicPresentationCreator.RJSMRegistry~0000000031
2025-10-04 15:31:06.7843~TRACE~   Is fast disk? True~~RJStevensMusicPresentationCreator.Program~0000000032
2025-10-04 15:31:08.8632~ INFO~AllHymnals Length: 4~~RJStevensMusicPresentationCreator.Program~0000000033
2025-10-04 15:31:08.8632~TRACE~-> AddTemplates()~~RJStevensMusicPresentationCreator.frmSelector~0000000034
2025-10-04 15:31:08.8632~TRACE~<- AddTemplates()~~RJStevensMusicPresentationCreator.frmSelector~0000000035
2025-10-04 15:31:08.8782~FATAL~License Mode: Licensed~~RJStevensMusicPresentationCreator.Program~0000000036
2025-10-04 15:31:08.8782~FATAL~Override to License Mode: Licensed~~RJStevensMusicPresentationCreator.Program~0000000037
2025-10-04 15:31:09.2642~TRACE~-> RunOneTimeUpdates()~~RJStevensMusicPresentationCreator.Program~0000000038
2025-10-04 15:31:09.2642~ INFO~Product Version: 2.3.8843.25471~~RJStevensMusicPresentationCreator.Program~0000000039
2025-10-04 15:31:09.2642~ INFO~Deployment Version: 2.2.0.7~~RJStevensMusicPresentationCreator.Program~0000000040
2025-10-04 15:31:09.2642~TRACE~LastExecutedDeploymentVersion: 0.0.0.0~~RJStevensMusicPresentationCreator.Program~0000000041
2025-10-04 15:31:09.2692~TRACE~<- RunOneTimeUpdates()~~RJStevensMusicPresentationCreator.Program~0000000042
2025-10-04 15:31:54.9328~DEBUG~-- Disable(DisableCount = 0)~~RJStevensMusicPresentationCreator.frmSelector~0000000043
2025-10-04 15:31:55.0288~DEBUG~-- SetMessage(messageText = Preparing slides for the selected hymns...)~~RJStevensMusicPresentationCreator.frmSelector~0000000044
2025-10-04 15:31:55.0438~TRACE~Text changing from '' to 'End of Song'~~RJStevensMusicPresentationCreator.SlideToAdd~0000000045
2025-10-04 15:31:55.0438~DEBUG~-- SetMessage(messageText = )~~RJStevensMusicPresentationCreator.frmSelector~0000000046
2025-10-04 15:31:55.0438~DEBUG~-- Enable(overrideCount = False, DisableCount = 1, NoEnable = False)~~RJStevensMusicPresentationCreator.frmSelector~0000000047
2025-10-04 15:32:54.3201~DEBUG~-- Disable(DisableCount = 0)~~RJStevensMusicPresentationCreator.frmSelector~0000000048
2025-10-04 15:32:55.1532~DEBUG~-- SetMessage(messageText = Saving PowerPoint Presentation file...)~~RJStevensMusicPresentationCreator.frmSelector~0000000049
2025-10-04 15:32:57.2583~DEBUG~-- SetMessage(messageText = )~~RJStevensMusicPresentationCreator.frmSelector~0000000050
2025-10-04 15:32:57.2583~DEBUG~-- Enable(overrideCount = False, DisableCount = 1, NoEnable = False)~~RJStevensMusicPresentationCreator.frmSelector~0000000051
2025-10-04 15:56:26.4137~DEBUG~-- Disable(DisableCount = 0)~~RJStevensMusicPresentationCreator.frmSelector~0000000052
2025-10-04 15:56:26.5147~DEBUG~-- SetMessage(messageText = Preparing slides for the selected hymns...)~~RJStevensMusicPresentationCreator.frmSelector~0000000053
2025-10-04 15:56:26.5207~TRACE~Text changing from '' to 'End of Verse 1'~~RJStevensMusicPresentationCreator.SlideToAdd~0000000054
2025-10-04 15:56:26.5207~TRACE~Text changing from '' to 'End of Verse 2'~~RJStevensMusicPresentationCreator.SlideToAdd~0000000055
2025-10-04 15:56:26.5207~TRACE~Text changing from '' to 'End of Song'~~RJStevensMusicPresentationCreator.SlideToAdd~0000000056
2025-10-04 15:56:26.5367~TRACE~Text changing from '' to 'End of Verse 1'~~RJStevensMusicPresentationCreator.SlideToAdd~0000000057
2025-10-04 15:56:26.5367~TRACE~Text changing from '' to 'End of Verse 2'~~RJStevensMusicPresentationCreator.SlideToAdd~0000000058
2025-10-04 15:56:26.5367~TRACE~Text changing from '' to 'End of Song'~~RJStevensMusicPresentationCreator.SlideToAdd~0000000059
2025-10-04 15:56:26.5367~TRACE~Text changing from '' to 'End of Verse 1'~~RJStevensMusicPresentationCreator.SlideToAdd~0000000060
2025-10-04 15:56:26.5367~TRACE~Text changing from '' to 'End of Song'~~RJStevensMusicPresentationCreator.SlideToAdd~0000000061
2025-10-04 15:56:26.5367~DEBUG~-- SetMessage(messageText = )~~RJStevensMusicPresentationCreator.frmSelector~0000000062
2025-10-04 15:56:26.5517~DEBUG~-- Enable(overrideCount = False, DisableCount = 1, NoEnable = False)~~RJStevensMusicPresentationCreator.frmSelector~0000000063
2025-10-04 15:56:39.7300~DEBUG~-- Disable(DisableCount = 0)~~RJStevensMusicPresentationCreator.frmSelector~0000000064
2025-10-04 15:56:40.9601~DEBUG~-- SetMessage(messageText = Saving PowerPoint Presentation file...)~~RJStevensMusicPresentationCreator.frmSelector~0000000065
2025-10-04 15:56:43.7415~DEBUG~-- SetMessage(messageText = )~~RJStevensMusicPresentationCreator.frmSelector~0000000066
2025-10-04 15:56:43.7415~DEBUG~-- Enable(overrideCount = False, DisableCount = 1, NoEnable = False)~~RJStevensMusicPresentationCreator.frmSelector~0000000067
2025-10-04 16:39:33.1521~DEBUG~-- Disable(DisableCount = 0)~~RJStevensMusicPresentationCreator.frmSelector~0000000068
2025-10-04 16:39:33.2601~DEBUG~-- SetMessage(messageText = Preparing slides for the selected hymns...)~~RJStevensMusicPresentationCreator.frmSelector~0000000069
2025-10-04 16:39:33.2711~TRACE~Text changing from '' to 'End of Verse 1'~~RJStevensMusicPresentationCreator.SlideToAdd~0000000070
2025-10-04 16:39:33.2711~TRACE~Text changing from '' to 'End of Song'~~RJStevensMusicPresentationCreator.SlideToAdd~0000000071
2025-10-04 16:39:33.2711~DEBUG~-- SetMessage(messageText = )~~RJStevensMusicPresentationCreator.frmSelector~0000000072
2025-10-04 16:39:33.2711~DEBUG~-- Enable(overrideCount = False, DisableCount = 1, NoEnable = False)~~RJStevensMusicPresentationCreator.frmSelector~0000000073
2025-10-04 16:41:12.8463~DEBUG~-- Disable(DisableCount = 0)~~RJStevensMusicPresentationCreator.frmSelector~0000000074
2025-10-04 16:41:13.4613~DEBUG~-- SetMessage(messageText = Saving PowerPoint Presentation file...)~~RJStevensMusicPresentationCreator.frmSelector~0000000075
2025-10-04 16:41:51.3674~DEBUG~-- SetMessage(messageText = )~~RJStevensMusicPresentationCreator.frmSelector~0000000076
2025-10-04 16:41:51.3674~DEBUG~-- Enable(overrideCount = False, DisableCount = 1, NoEnable = False)~~RJStevensMusicPresentationCreator.frmSelector~0000000077
2025-10-04 22:13:21.7222~DEBUG~-- Disable(DisableCount = 0)~~RJStevensMusicPresentationCreator.frmSelector~0000000078
2025-10-04 22:13:21.8222~DEBUG~-- SetMessage(messageText = Preparing slides for the selected hymns...)~~RJStevensMusicPresentationCreator.frmSelector~0000000079
2025-10-04 22:13:21.8222~TRACE~Text changing from '' to 'End of Verse 1'~~RJStevensMusicPresentationCreator.SlideToAdd~0000000080
2025-10-04 22:13:21.8222~TRACE~Text changing from '' to 'End of Verse 2'~~RJStevensMusicPresentationCreator.SlideToAdd~0000000081
2025-10-04 22:13:21.8332~TRACE~Text changing from '' to 'End of Song'~~RJStevensMusicPresentationCreator.SlideToAdd~0000000082
2025-10-04 22:13:21.8332~TRACE~Text changing from '' to 'End of Verse 1'~~RJStevensMusicPresentationCreator.SlideToAdd~0000000083
2025-10-04 22:13:21.8332~TRACE~Text changing from '' to 'End of Verse 2'~~RJStevensMusicPresentationCreator.SlideToAdd~0000000084
2025-10-04 22:13:21.8332~TRACE~Text changing from '' to 'End of Song'~~RJStevensMusicPresentationCreator.SlideToAdd~0000000085
2025-10-04 22:13:21.8332~TRACE~Text changing from '' to 'End of Song'~~RJStevensMusicPresentationCreator.SlideToAdd~0000000086
2025-10-04 22:13:21.8332~DEBUG~-- SetMessage(messageText = )~~RJStevensMusicPresentationCreator.frmSelector~0000000087
2025-10-04 22:13:21.8332~DEBUG~-- Enable(overrideCount = False, DisableCount = 1, NoEnable = False)~~RJStevensMusicPresentationCreator.frmSelector~0000000088
2025-10-04 22:13:50.6087~DEBUG~-- Disable(DisableCount = 0)~~RJStevensMusicPresentationCreator.frmSelector~0000000089
2025-10-04 22:13:51.4144~DEBUG~-- SetMessage(messageText = Saving PowerPoint Presentation file...)~~RJStevensMusicPresentationCreator.frmSelector~0000000090
2025-10-04 22:13:55.1012~DEBUG~-- SetMessage(messageText = )~~RJStevensMusicPresentationCreator.frmSelector~0000000091
2025-10-04 22:13:55.1012~DEBUG~-- Enable(overrideCount = False, DisableCount = 1, NoEnable = False)~~RJStevensMusicPresentationCreator.frmSelector~0000000092
2025-10-05 07:05:37.6554~DEBUG~-- Disable(DisableCount = 0)~~RJStevensMusicPresentationCreator.frmSelector~0000000093
2025-10-05 07:05:37.8045~DEBUG~-- SetMessage(messageText = Preparing slides for the selected hymns...)~~RJStevensMusicPresentationCreator.frmSelector~0000000094
2025-10-05 07:05:37.8045~TRACE~Text changing from '' to 'End of Verse 1'~~RJStevensMusicPresentationCreator.SlideToAdd~0000000095
2025-10-05 07:05:37.8045~TRACE~Text changing from '' to 'End of Verse 2'~~RJStevensMusicPresentationCreator.SlideToAdd~0000000096
2025-10-05 07:05:37.8045~TRACE~Text changing from '' to 'End of Song'~~RJStevensMusicPresentationCreator.SlideToAdd~0000000097
2025-10-05 07:05:37.8185~TRACE~Text changing from '' to 'End of Verse 1'~~RJStevensMusicPresentationCreator.SlideToAdd~0000000098
2025-10-05 07:05:37.8185~TRACE~Text changing from '' to 'End of Verse 2'~~RJStevensMusicPresentationCreator.SlideToAdd~0000000099
2025-10-05 07:05:37.8185~TRACE~Text changing from '' to 'End of Song'~~RJStevensMusicPresentationCreator.SlideToAdd~0000000100
2025-10-05 07:05:37.8185~DEBUG~-- SetMessage(messageText = )~~RJStevensMusicPresentationCreator.frmSelector~0000000101
2025-10-05 07:05:37.8345~DEBUG~-- Enable(overrideCount = False, DisableCount = 1, NoEnable = False)~~RJStevensMusicPresentationCreator.frmSelector~0000000102
2025-10-05 07:06:00.5689~DEBUG~-- Disable(DisableCount = 0)~~RJStevensMusicPresentationCreator.frmSelector~0000000103
2025-10-05 07:06:01.8827~DEBUG~-- SetMessage(messageText = Saving PowerPoint Presentation file...)~~RJStevensMusicPresentationCreator.frmSelector~0000000104
2025-10-05 07:06:17.8350~DEBUG~-- SetMessage(messageText = )~~RJStevensMusicPresentationCreator.frmSelector~0000000105
2025-10-05 07:06:17.8350~DEBUG~-- Enable(overrideCount = False, DisableCount = 1, NoEnable = False)~~RJStevensMusicPresentationCreator.frmSelector~0000000106
2025-10-05 18:09:02.7771~DEBUG~-- Disable(DisableCount = 0)~~RJStevensMusicPresentationCreator.frmSelector~0000000107
2025-10-05 18:09:02.9341~DEBUG~-- SetMessage(messageText = )~~RJStevensMusicPresentationCreator.frmSelector~0000000108
2025-10-05 18:09:08.2995~DEBUG~-> ExtractAllFromFile(zipFileName = "C:\Users\cofc_\Downloads\000000000001291.zip", decompressedFolder = "C:\Users\cofc_\AppData\Local\Temp\tmp2479.tmp", message = "000000000001291")~~RJStevensMusicPresentationCreator.Program~0000000109
2025-10-05 18:09:08.2995~DEBUG~-- SetMessage(messageText = Extracting 000000000001291...)~~RJStevensMusicPresentationCreator.frmSelector~0000000110
2025-10-05 18:09:08.7526~DEBUG~-- SetMessage(messageText = Download complete for 000000000001291.)~~RJStevensMusicPresentationCreator.frmSelector~0000000111
2025-10-05 18:09:08.7556~DEBUG~extract completed~~RJStevensMusicPresentationCreator.Program~0000000112
2025-10-05 18:09:08.7556~DEBUG~<- ExtractAllFromFile(zipFileName = "C:\Users\cofc_\Downloads\000000000001291.zip", decompressedFolder = "C:\Users\cofc_\AppData\Local\Temp\tmp2479.tmp", message = "000000000001291")~~RJStevensMusicPresentationCreator.Program~0000000113
2025-10-05 18:09:08.7746~DEBUG~-- SetMessage(messageText = Importing Hymns For Worship (eChoice)...)~~RJStevensMusicPresentationCreator.frmSelector~0000000114
2025-10-05 18:09:08.7746~DEBUG~-- SetMessage(messageText = Importing Hymns For Worship (eChoice)... Hymn 20277)~~RJStevensMusicPresentationCreator.frmSelector~0000000115
2025-10-05 18:09:08.8627~DEBUG~-- SetMessage(messageText = Operation successful.  1 hymnals have been added.)~~RJStevensMusicPresentationCreator.frmSelector~0000000116
2025-10-05 18:09:08.8667~DEBUG~-- Enable(overrideCount = False, DisableCount = 1, NoEnable = False)~~RJStevensMusicPresentationCreator.frmSelector~0000000117
2025-10-05 18:09:09.2238~DEBUG~-- Enable(overrideCount = False, DisableCount = 0, NoEnable = False)~~RJStevensMusicPresentationCreator.frmSelector~0000000118
2025-10-05 18:09:09.2238~DEBUG~_disableCount = 0~~RJStevensMusicPresentationCreator.frmSelector~0000000119
2025-10-05 18:09:09.4674~ INFO~AllHymnals Length: 4~~RJStevensMusicPresentationCreator.Program~0000000120
2025-10-05 18:10:54.9185~DEBUG~-- Disable(DisableCount = 0)~~RJStevensMusicPresentationCreator.frmSelector~0000000121
2025-10-05 18:10:55.0565~DEBUG~-- SetMessage(messageText = Preparing slides for the selected hymns...)~~RJStevensMusicPresentationCreator.frmSelector~0000000122
2025-10-05 18:10:55.0565~TRACE~Text changing from '' to 'End of Verse 1'~~RJStevensMusicPresentationCreator.SlideToAdd~0000000123
2025-10-05 18:10:55.0715~TRACE~Text changing from '' to 'End of Song'~~RJStevensMusicPresentationCreator.SlideToAdd~0000000124
2025-10-05 18:10:55.0715~DEBUG~-- SetMessage(messageText = )~~RJStevensMusicPresentationCreator.frmSelector~0000000125
2025-10-05 18:10:55.0715~DEBUG~-- Enable(overrideCount = False, DisableCount = 1, NoEnable = False)~~RJStevensMusicPresentationCreator.frmSelector~0000000126
2025-10-05 18:11:57.3942~DEBUG~-- Disable(DisableCount = 0)~~RJStevensMusicPresentationCreator.frmSelector~0000000127
2025-10-05 18:11:58.1613~DEBUG~-- SetMessage(messageText = Saving PowerPoint Presentation file...)~~RJStevensMusicPresentationCreator.frmSelector~0000000128
2025-10-05 18:12:02.9399~DEBUG~-- SetMessage(messageText = )~~RJStevensMusicPresentationCreator.frmSelector~0000000129
2025-10-05 18:12:02.9549~DEBUG~-- Enable(overrideCount = False, DisableCount = 1, NoEnable = False)~~RJStevensMusicPresentationCreator.frmSelector~0000000130
2025-10-08 10:47:50.9944~DEBUG~-- Disable(DisableCount = 0)~~RJStevensMusicPresentationCreator.frmSelector~0000000131
2025-10-08 10:47:51.1585~DEBUG~-- SetMessage(messageText = Preparing slides for the selected hymns...)~~RJStevensMusicPresentationCreator.frmSelector~0000000132
2025-10-08 10:47:51.1585~TRACE~Text changing from '' to 'End of Verse 1'~~RJStevensMusicPresentationCreator.SlideToAdd~0000000133
2025-10-08 10:47:51.1585~TRACE~Text changing from '' to 'End of Verse 2'~~RJStevensMusicPresentationCreator.SlideToAdd~0000000134
2025-10-08 10:47:51.1695~TRACE~Text changing from '' to 'End of Song'~~RJStevensMusicPresentationCreator.SlideToAdd~0000000135
2025-10-08 10:47:51.1695~TRACE~Text changing from '' to 'End of Verse 1'~~RJStevensMusicPresentationCreator.SlideToAdd~0000000136
2025-10-08 10:47:51.1695~TRACE~Text changing from '' to 'End of Song'~~RJStevensMusicPresentationCreator.SlideToAdd~0000000137
2025-10-08 10:47:51.1695~DEBUG~-- SetMessage(messageText = )~~RJStevensMusicPresentationCreator.frmSelector~0000000138
2025-10-08 10:47:51.1835~DEBUG~-- Enable(overrideCount = False, DisableCount = 1, NoEnable = False)~~RJStevensMusicPresentationCreator.frmSelector~0000000139
2025-10-08 10:48:39.9552~DEBUG~-- Disable(DisableCount = 0)~~RJStevensMusicPresentationCreator.frmSelector~0000000140
2025-10-08 10:48:40.9273~DEBUG~-- SetMessage(messageText = Saving PowerPoint Presentation file...)~~RJStevensMusicPresentationCreator.frmSelector~0000000141
2025-10-08 10:48:44.7811~DEBUG~-- SetMessage(messageText = )~~RJStevensMusicPresentationCreator.frmSelector~0000000142
2025-10-08 10:48:44.7811~DEBUG~-- Enable(overrideCount = False, DisableCount = 1, NoEnable = False)~~RJStevensMusicPresentationCreator.frmSelector~0000000143
2025-10-08 10:49:01.5256~DEBUG~-- Disable(DisableCount = 0)~~RJStevensMusicPresentationCreator.frmSelector~0000000144
2025-10-08 10:49:01.6766~DEBUG~-- SetMessage(messageText = Preparing slides for the selected hymns...)~~RJStevensMusicPresentationCreator.frmSelector~0000000145
2025-10-08 10:49:01.6856~TRACE~Text changing from '' to 'End of Verse 1'~~RJStevensMusicPresentationCreator.SlideToAdd~0000000146
2025-10-08 10:49:01.6856~TRACE~Text changing from '' to 'End of Song'~~RJStevensMusicPresentationCreator.SlideToAdd~0000000147
2025-10-08 10:49:01.6856~TRACE~Text changing from '' to 'End of Verse 1'~~RJStevensMusicPresentationCreator.SlideToAdd~0000000148
2025-10-08 10:49:01.6856~TRACE~Text changing from '' to 'End of Verse 2'~~RJStevensMusicPresentationCreator.SlideToAdd~0000000149
2025-10-08 10:49:01.6856~TRACE~Text changing from '' to 'End of Song'~~RJStevensMusicPresentationCreator.SlideToAdd~0000000150
2025-10-08 10:49:01.6986~DEBUG~-- SetMessage(messageText = )~~RJStevensMusicPresentationCreator.frmSelector~0000000151
2025-10-08 10:49:01.6986~DEBUG~-- Enable(overrideCount = False, DisableCount = 1, NoEnable = False)~~RJStevensMusicPresentationCreator.frmSelector~0000000152
2025-10-08 10:49:08.0444~DEBUG~-- Disable(DisableCount = 0)~~RJStevensMusicPresentationCreator.frmSelector~0000000153
2025-10-08 10:49:08.2224~DEBUG~-- SetMessage(messageText = Preparing slides for the selected hymns...)~~RJStevensMusicPresentationCreator.frmSelector~0000000154
2025-10-08 10:49:08.2324~TRACE~Text changing from '' to 'End of Verse 1'~~RJStevensMusicPresentationCreator.SlideToAdd~0000000155
2025-10-08 10:49:08.2324~TRACE~Text changing from '' to 'End of Song'~~RJStevensMusicPresentationCreator.SlideToAdd~0000000156
2025-10-08 10:49:08.2324~TRACE~Text changing from '' to 'End of Verse 1'~~RJStevensMusicPresentationCreator.SlideToAdd~0000000157
2025-10-08 10:49:08.2324~TRACE~Text changing from '' to 'End of Verse 2'~~RJStevensMusicPresentationCreator.SlideToAdd~0000000158
2025-10-08 10:49:08.2464~TRACE~Text changing from '' to 'End of Song'~~RJStevensMusicPresentationCreator.SlideToAdd~0000000159
2025-10-08 10:49:08.2464~DEBUG~-- SetMessage(messageText = )~~RJStevensMusicPresentationCreator.frmSelector~0000000160
2025-10-08 10:49:08.2464~DEBUG~-- Enable(overrideCount = False, DisableCount = 1, NoEnable = False)~~RJStevensMusicPresentationCreator.frmSelector~0000000161
2025-10-08 10:49:33.3083~DEBUG~-- Disable(DisableCount = 0)~~RJStevensMusicPresentationCreator.frmSelector~0000000162
2025-10-08 10:49:33.9450~DEBUG~-- SetMessage(messageText = Saving PowerPoint Presentation file...)~~RJStevensMusicPresentationCreator.frmSelector~0000000163
2025-10-08 10:49:36.7550~DEBUG~-- SetMessage(messageText = )~~RJStevensMusicPresentationCreator.frmSelector~0000000164
2025-10-08 10:49:36.7680~DEBUG~-- Enable(overrideCount = False, DisableCount = 1, NoEnable = False)~~RJStevensMusicPresentationCreator.frmSelector~0000000165
2025-10-11 10:58:16.2236~DEBUG~-- Disable(DisableCount = 0)~~RJStevensMusicPresentationCreator.frmSelector~0000000166
2025-10-11 10:58:16.3836~DEBUG~-- SetMessage(messageText = Preparing slides for the selected hymns...)~~RJStevensMusicPresentationCreator.frmSelector~0000000167
2025-10-11 10:58:16.3946~TRACE~Text changing from '' to 'End of Verse 1'~~RJStevensMusicPresentationCreator.SlideToAdd~0000000168
2025-10-11 10:58:16.3946~TRACE~Text changing from '' to 'End of Verse 2'~~RJStevensMusicPresentationCreator.SlideToAdd~0000000169
2025-10-11 10:58:16.3946~TRACE~Text changing from '' to 'End of Song'~~RJStevensMusicPresentationCreator.SlideToAdd~0000000170
2025-10-11 10:58:16.3946~DEBUG~-- SetMessage(messageText = )~~RJStevensMusicPresentationCreator.frmSelector~0000000171
2025-10-11 10:58:16.4046~DEBUG~-- Enable(overrideCount = False, DisableCount = 1, NoEnable = False)~~RJStevensMusicPresentationCreator.frmSelector~0000000172
2025-10-11 10:58:44.7665~DEBUG~-- Disable(DisableCount = 0)~~RJStevensMusicPresentationCreator.frmSelector~0000000173
2025-10-11 10:58:45.4576~DEBUG~-- SetMessage(messageText = Saving PowerPoint Presentation file...)~~RJStevensMusicPresentationCreator.frmSelector~0000000174
2025-10-11 10:58:47.7670~DEBUG~-- SetMessage(messageText = )~~RJStevensMusicPresentationCreator.frmSelector~0000000175
2025-10-11 10:58:47.7670~DEBUG~-- Enable(overrideCount = False, DisableCount = 1, NoEnable = False)~~RJStevensMusicPresentationCreator.frmSelector~0000000176
2025-10-11 11:10:11.9205~DEBUG~-- Disable(DisableCount = 0)~~RJStevensMusicPresentationCreator.frmSelector~0000000177
2025-10-11 11:10:12.0175~DEBUG~-- SetMessage(messageText = Preparing slides for the selected hymns...)~~RJStevensMusicPresentationCreator.frmSelector~0000000178
2025-10-11 11:10:12.0322~TRACE~Text changing from '' to 'End of Verse 1'~~RJStevensMusicPresentationCreator.SlideToAdd~0000000179
2025-10-11 11:10:12.0322~TRACE~Text changing from '' to 'End of Verse 2'~~RJStevensMusicPresentationCreator.SlideToAdd~0000000180
2025-10-11 11:10:12.0322~TRACE~Text changing from '' to 'End of Song'~~RJStevensMusicPresentationCreator.SlideToAdd~0000000181
2025-10-11 11:10:12.0412~TRACE~Text changing from '' to 'End of Verse 1'~~RJStevensMusicPresentationCreator.SlideToAdd~0000000182
2025-10-11 11:10:12.0412~TRACE~Text changing from '' to 'End of Verse 2'~~RJStevensMusicPresentationCreator.SlideToAdd~0000000183
2025-10-11 11:10:12.0412~TRACE~Text changing from '' to 'End of Verse 3'~~RJStevensMusicPresentationCreator.SlideToAdd~0000000184
2025-10-11 11:10:12.0412~TRACE~Text changing from '' to 'End of Song'~~RJStevensMusicPresentationCreator.SlideToAdd~0000000185
2025-10-11 11:10:12.0412~TRACE~Text changing from '' to 'End of Verse 1'~~RJStevensMusicPresentationCreator.SlideToAdd~0000000186
2025-10-11 11:10:12.0412~TRACE~Text changing from '' to 'End of Verse 2'~~RJStevensMusicPresentationCreator.SlideToAdd~0000000187
2025-10-11 11:10:12.0562~TRACE~Text changing from '' to 'End of Song'~~RJStevensMusicPresentationCreator.SlideToAdd~0000000188
2025-10-11 11:10:12.0562~TRACE~Text changing from '' to 'End of Verse 1'~~RJStevensMusicPresentationCreator.SlideToAdd~0000000189
2025-10-11 11:10:12.0562~TRACE~Text changing from '' to 'End of Verse 2'~~RJStevensMusicPresentationCreator.SlideToAdd~0000000190
2025-10-11 11:10:12.0562~TRACE~Text changing from '' to 'End of Verse 3'~~RJStevensMusicPresentationCreator.SlideToAdd~0000000191
2025-10-11 11:10:12.0562~TRACE~Text changing from '' to 'End of Song'~~RJStevensMusicPresentationCreator.SlideToAdd~0000000192
2025-10-11 11:10:12.0562~DEBUG~-- SetMessage(messageText = )~~RJStevensMusicPresentationCreator.frmSelector~0000000193
2025-10-11 11:10:12.0562~DEBUG~-- Enable(overrideCount = False, DisableCount = 1, NoEnable = False)~~RJStevensMusicPresentationCreator.frmSelector~0000000194
2025-10-11 11:10:43.9252~DEBUG~-- Disable(DisableCount = 0)~~RJStevensMusicPresentationCreator.frmSelector~0000000195
2025-10-11 11:10:45.0653~DEBUG~-- SetMessage(messageText = Saving PowerPoint Presentation file...)~~RJStevensMusicPresentationCreator.frmSelector~0000000196
2025-10-11 11:10:47.8954~DEBUG~-- SetMessage(messageText = )~~RJStevensMusicPresentationCreator.frmSelector~0000000197
2025-10-11 11:10:47.9014~DEBUG~-- Enable(overrideCount = False, DisableCount = 1, NoEnable = False)~~RJStevensMusicPresentationCreator.frmSelector~0000000198
2025-10-11 11:12:17.3866~DEBUG~-- Disable(DisableCount = 0)~~RJStevensMusicPresentationCreator.frmSelector~0000000199
2025-10-11 11:12:17.4726~DEBUG~-- SetMessage(messageText = Preparing slides for the selected hymns...)~~RJStevensMusicPresentationCreator.frmSelector~0000000200
2025-10-11 11:12:17.4726~TRACE~Text changing from '' to 'End of Verse 1'~~RJStevensMusicPresentationCreator.SlideToAdd~0000000201
2025-10-11 11:12:17.4776~TRACE~Text changing from '' to 'End of Verse 2'~~RJStevensMusicPresentationCreator.SlideToAdd~0000000202
2025-10-11 11:12:17.4776~TRACE~Text changing from '' to 'End of Song'~~RJStevensMusicPresentationCreator.SlideToAdd~0000000203
2025-10-11 11:12:17.4776~TRACE~Text changing from '' to 'End of Verse 1'~~RJStevensMusicPresentationCreator.SlideToAdd~0000000204
2025-10-11 11:12:17.4776~TRACE~Text changing from '' to 'End of Verse 2'~~RJStevensMusicPresentationCreator.SlideToAdd~0000000205
2025-10-11 11:12:17.4776~TRACE~Text changing from '' to 'End of Verse 3'~~RJStevensMusicPresentationCreator.SlideToAdd~0000000206
2025-10-11 11:12:17.4776~TRACE~Text changing from '' to 'End of Song'~~RJStevensMusicPresentationCreator.SlideToAdd~0000000207
2025-10-11 11:12:17.4936~TRACE~Text changing from '' to 'End of Verse 1'~~RJStevensMusicPresentationCreator.SlideToAdd~0000000208
2025-10-11 11:12:17.4936~TRACE~Text changing from '' to 'End of Verse 2'~~RJStevensMusicPresentationCreator.SlideToAdd~0000000209
2025-10-11 11:12:17.4936~TRACE~Text changing from '' to 'End of Song'~~RJStevensMusicPresentationCreator.SlideToAdd~0000000210
2025-10-11 11:12:17.4936~TRACE~Text changing from '' to 'End of Verse 1'~~RJStevensMusicPresentationCreator.SlideToAdd~0000000211
2025-10-11 11:12:17.4936~TRACE~Text changing from '' to 'End of Verse 2'~~RJStevensMusicPresentationCreator.SlideToAdd~0000000212
2025-10-11 11:12:17.4936~TRACE~Text changing from '' to 'End of Verse 3'~~RJStevensMusicPresentationCreator.SlideToAdd~0000000213
2025-10-11 11:12:17.4936~TRACE~Text changing from '' to 'End of Song'~~RJStevensMusicPresentationCreator.SlideToAdd~0000000214
2025-10-11 11:12:17.4936~DEBUG~-- SetMessage(messageText = )~~RJStevensMusicPresentationCreator.frmSelector~0000000215
2025-10-11 11:12:17.4936~DEBUG~-- Enable(overrideCount = False, DisableCount = 1, NoEnable = False)~~RJStevensMusicPresentationCreator.frmSelector~0000000216
2025-10-11 11:12:23.7354~DEBUG~-- Disable(DisableCount = 0)~~RJStevensMusicPresentationCreator.frmSelector~0000000217
2025-10-11 11:12:24.6726~DEBUG~-- SetMessage(messageText = Saving PowerPoint Presentation file...)~~RJStevensMusicPresentationCreator.frmSelector~0000000218
2025-10-11 11:12:27.7221~DEBUG~-- SetMessage(messageText = )~~RJStevensMusicPresentationCreator.frmSelector~0000000219
2025-10-11 11:12:27.7221~DEBUG~-- Enable(overrideCount = False, DisableCount = 1, NoEnable = False)~~RJStevensMusicPresentationCreator.frmSelector~0000000220
2025-10-11 11:13:06.6098~TRACE~<- Main()~~RJStevensMusicPresentationCreator.Program~0000000221
